MPLINK 4.48, Linker
Linker Map File - Created Thu Jul 16 16:16:31 2015

                                 Section Info
                  Section       Type    Address   Location Size(Bytes)
                ---------  ---------  ---------  ---------  ---------
               _entry_scn       code   0x000000    program   0x000006
              high_vector       code   0x000008    program   0x000028
                   .cinit    romdata   0x00003a    program   0x000062
              .code_MMD.o       code   0x00009c    program   0x001a32
       .code_rtc_driver.o       code   0x001ace    program   0x000994
    .code_mbfuncholding.o       code   0x002462    program   0x00090e
      .code_mbfunccoils.o       code   0x002d70    program   0x000612
               .code_mb.o       code   0x003382    program   0x000606
            .code_mbrtu.o       code   0x003988    program   0x000510
           .romdata_MMD.o    romdata   0x003e98    program   0x0003b8
          .code_mbutils.o       code   0x004250    program   0x0003a4
              .code_app.o       code   0x0045f4    program   0x00034c
       .code_portserial.o       code   0x004940    program   0x0002be
       .code_mbfuncdisc.o       code   0x004bfe    program   0x000270
      .code_mbfuncinput.o       code   0x004e6e    program   0x000258
       .code_i2c_driver.o       code   0x0050c6    program   0x000246
            .code_timer.o       code   0x00530c    program   0x00021a
         .romdata_mbcrc.o    romdata   0x005526    program   0x000200
             .code_main.o       code   0x005726    program   0x0001fe
      .code_mbfuncother.o       code   0x005924    program   0x000166
            .code_mbcrc.o       code   0x005a8a    program   0x0000fc
        .code_porttimer.o       code   0x005b86    program   0x0000f6
                   STRING       code   0x005c7c    program   0x0000a6
               _cinit_scn       code   0x005d22    program   0x00009e
            .code_uopen.o       code   0x005dc0    program   0x00008a
        .code_portevent.o       code   0x005e4a    program   0x000060
             .stringtable    romdata   0x005eaa    program   0x00004c
           .code_t3open.o       code   0x005ef6    program   0x000042
           .code_t1open.o       code   0x005f38    program   0x000042
            .code_uread.o       code   0x005f7a    program   0x00003e
     .code_digit_driver.o       code   0x005fb8    program   0x00003e
                     PROG       code   0x005ff6    program   0x00003c
          .code_t3write.o       code   0x006032    program   0x000038
          .code_t1write.o       code   0x00606a    program   0x000038
          .code_t0write.o       code   0x0060a2    program   0x000038
           .code_t0open.o       code   0x0060da    program   0x000038
         .code_fxd1616u.o       code   0x006112    program   0x00002c
            .code_board.o       code   0x00613e    program   0x00002c
              D1KTCYXCODE       code   0x00616a    program   0x000020
                    .code       code   0x00618a    program   0x000020
             _startup_scn       code   0x0061aa    program   0x00001c
        .code_heartBeat.o       code   0x0061c6    program   0x00001a
              D10TCYXCODE       code   0x0061e0    program   0x000016
  .romdata_digit_driver.o    romdata   0x0061f6    program   0x00000b
       .idata_t1write.o_i    romdata   0x006201    program   0x000000
    .idata_i2c_driver.o_i    romdata   0x006201    program   0x000000
         .romdata_udefs.o    romdata   0x006201    program   0x000000
       .romdata_t3write.o    romdata   0x006201    program   0x000000
       .idata_t0write.o_i    romdata   0x006201    program   0x000000
       .romdata_t0write.o    romdata   0x006201    program   0x000000
       .romdata_mbutils.o    romdata   0x006201    program   0x000000
       .idata_mbutils.o_i    romdata   0x006201    program   0x000000
   .romdata_mbfuncother.o    romdata   0x006201    program   0x000000
        .romdata___init.o    romdata   0x006201    program   0x000000
   .idata_mbfuncother.o_i    romdata   0x006201    program   0x000000
         .idata_udefs.o_i    romdata   0x006201    program   0x000000
    .romdata_i2c_driver.o    romdata   0x006201    program   0x000000
         .romdata_uread.o    romdata   0x006201    program   0x000000
         .idata_uread.o_i    romdata   0x006201    program   0x000000
    .romdata_rtc_driver.o    romdata   0x006201    program   0x000000
       .idata_t3write.o_i    romdata   0x006201    program   0x000000
         .romdata_uopen.o    romdata   0x006201    program   0x000000
         .idata_uopen.o_i    romdata   0x006201    program   0x000000
        .romdata_t3open.o    romdata   0x006201    program   0x000000
      .romdata_fxd1616u.o    romdata   0x006201    program   0x000000
        .idata_t3open.o_i    romdata   0x006201    program   0x000000
        .romdata_t1open.o    romdata   0x006201    program   0x000000
        .idata_t0open.o_i    romdata   0x006201    program   0x000000
        .romdata_t0open.o    romdata   0x006201    program   0x000000
       .romdata_t1write.o    romdata   0x006201    program   0x000000
        .idata_t1open.o_i    romdata   0x006201    program   0x000000
          .idata_main.o_i    romdata   0x006201    program   0x000000
          .romdata_main.o    romdata   0x006201    program   0x000000
.romdata_interruptvector.o    romdata   0x006201    program   0x000000
.idata_interruptvector.o_i    romdata   0x006201    program   0x000000
     .romdata_heartBeat.o    romdata   0x006201    program   0x000000
     .idata_heartBeat.o_i    romdata   0x006201    program   0x000001
         .romdata_board.o    romdata   0x006201    program   0x000000
           .romdata_app.o    romdata   0x006201    program   0x000000
         .romdata_timer.o    romdata   0x006201    program   0x000000
            .romdata_mb.o    romdata   0x006201    program   0x000000
         .romdata_c018i.o    romdata   0x006201    program   0x000000
     .idata_portevent.o_i    romdata   0x006201    program   0x000000
     .romdata_portevent.o    romdata   0x006201    program   0x000000
    .idata_portserial.o_i    romdata   0x006201    program   0x000000
    .romdata_portserial.o    romdata   0x006201    program   0x000000
    .romdata_mbfuncdisc.o    romdata   0x006201    program   0x000000
    .idata_mbfuncdisc.o_i    romdata   0x006201    program   0x000000
   .romdata_mbfunccoils.o    romdata   0x006201    program   0x000000
 .idata_mbfuncholding.o_i    romdata   0x006201    program   0x000000
 .romdata_mbfuncholding.o    romdata   0x006201    program   0x000000
   .idata_mbfuncinput.o_i    romdata   0x006201    program   0x000000
   .romdata_mbfuncinput.o    romdata   0x006201    program   0x000000
   .idata_mbfunccoils.o_i    romdata   0x006201    program   0x000000
         .romdata_mbrtu.o    romdata   0x006201    program   0x000000
         .idata_mbcrc.o_i    romdata   0x006201    program   0x000000
     .romdata_porttimer.o    romdata   0x006201    program   0x000000
     .idata_porttimer.o_i    romdata   0x006201    program   0x000000
           .code___init.o       code   0x006202    program   0x000002
               RTC_DATA_i    romdata   0x006204    program   0x000011
               MMD_DATA_i    romdata   0x006215    program   0x0000b6
               APP_DATA_i    romdata   0x0062cb    program   0x000055
         .idata_timer.o_i    romdata   0x006320    program   0x000012
    .idata_rtc_driver.o_i    romdata   0x006332    program   0x000027
         .idata_mbrtu.o_i    romdata   0x006359    program   0x000002
            .idata_mb.o_i    romdata   0x00635b    program   0x000041
            .code_udefs.o       code   0x00639c    program   0x000000
         .idata_board.o_i    romdata   0x00639c    program   0x000000
         .idata_c018i.o_i    romdata   0x00639c    program   0x000000
           .idata_app.o_i    romdata   0x00639c    program   0x000000
        .idata___init.o_i    romdata   0x00639c    program   0x000000
            .code_c018i.o       code   0x00639c    program   0x000000
  .code_interruptvector.o       code   0x00639c    program   0x000000
           .idata_MMD.o_i    romdata   0x00639c    program   0x000000
      .idata_fxd1616u.o_i    romdata   0x00639c    program   0x000000
  .idata_digit_driver.o_i    romdata   0x00639c    program   0x000000
    .config_300001_main.o    romdata   0x300001    program   0x000001
    .config_300002_main.o    romdata   0x300002    program   0x000001
    .config_300003_main.o    romdata   0x300003    program   0x000001
    .config_300005_main.o    romdata   0x300005    program   0x000001
    .config_300006_main.o    romdata   0x300006    program   0x000001
    .config_300008_main.o    romdata   0x300008    program   0x000001
    .config_300009_main.o    romdata   0x300009    program   0x000001
    .config_30000a_main.o    romdata   0x30000a    program   0x000001
    .config_30000b_main.o    romdata   0x30000b    program   0x000001
    .config_30000c_main.o    romdata   0x30000c    program   0x000001
    .config_30000d_main.o    romdata   0x30000d    program   0x000001
                MATH_DATA      udata   0x000000       data   0x000014
                 .tmpdata      udata   0x000014       data   0x00000a
                DELAYDAT1      udata   0x00001e       data   0x000001
                   .stack      udata   0x000080       data   0x000080
                 MMD_DATA      idata   0x000100       data   0x0000b6
              .udata_mb.o      udata   0x0001b6       data   0x000027
     .udata_mbfuncother.o      udata   0x0001dd       data   0x000022
           .udata_udefs.o      udata   0x0001ff       data   0x000001
                 RTU_DATA      udata   0x000200       data   0x00006a
                 APP_DATA      idata   0x00026a       data   0x000055
              .idata_mb.o      idata   0x0002bf       data   0x000041
      .idata_rtc_driver.o      idata   0x000300       data   0x000027
           .idata_timer.o      idata   0x000327       data   0x000012
                 RTC_DATA      idata   0x000339       data   0x000011
           .udata_c018i.o      udata   0x00034a       data   0x00000a
       .udata_porttimer.o      udata   0x000354       data   0x000002
       .udata_portevent.o      udata   0x000356       data   0x000002
           .idata_mbrtu.o      idata   0x000358       data   0x000002
           .udata_board.o      udata   0x00035a       data   0x000001
       .idata_heartBeat.o      idata   0x00035b       data   0x000001
      .udata_rtc_driver.o      udata   0x00035c       data   0x000000
           .idata_c018i.o      idata   0x00035c       data   0x000000
        .udata_fxd1616u.o      udata   0x00035c       data   0x000000
      .idata_i2c_driver.o      idata   0x00035c       data   0x000000
      .udata_i2c_driver.o      udata   0x00035c       data   0x000000
    .idata_digit_driver.o      idata   0x00035c       data   0x000000
        .idata_fxd1616u.o      idata   0x00035c       data   0x000000
          .udata_t0open.o      udata   0x00035c       data   0x000000
          .idata_t0open.o      idata   0x00035c       data   0x000000
          .udata_t1open.o      udata   0x00035c       data   0x000000
          .idata_t1open.o      idata   0x00035c       data   0x000000
          .udata_t3open.o      udata   0x00035c       data   0x000000
          .idata_t3open.o      idata   0x00035c       data   0x000000
           .udata_uopen.o      udata   0x00035c       data   0x000000
           .idata_uopen.o      idata   0x00035c       data   0x000000
           .udata_uread.o      udata   0x00035c       data   0x000000
           .idata_uread.o      idata   0x00035c       data   0x000000
           .idata_udefs.o      idata   0x00035c       data   0x000000
         .udata_t0write.o      udata   0x00035c       data   0x000000
         .idata_t0write.o      idata   0x00035c       data   0x000000
         .udata_t1write.o      udata   0x00035c       data   0x000000
         .idata_t1write.o      idata   0x00035c       data   0x000000
         .udata_t3write.o      udata   0x00035c       data   0x000000
         .idata_t3write.o      idata   0x00035c       data   0x000000
          .udata___init.o      udata   0x00035c       data   0x000000
          .idata___init.o      idata   0x00035c       data   0x000000
             .udata_app.o      udata   0x00035c       data   0x000000
             .idata_app.o      idata   0x00035c       data   0x000000
           .idata_board.o      idata   0x00035c       data   0x000000
       .udata_heartBeat.o      udata   0x00035c       data   0x000000
 .udata_interruptvector.o      udata   0x00035c       data   0x000000
 .idata_interruptvector.o      idata   0x00035c       data   0x000000
            .udata_main.o      udata   0x00035c       data   0x000000
            .idata_main.o      idata   0x00035c       data   0x000000
             .udata_MMD.o      udata   0x00035c       data   0x000000
             .idata_MMD.o      idata   0x00035c       data   0x000000
           .udata_timer.o      udata   0x00035c       data   0x000000
       .idata_portevent.o      idata   0x00035c       data   0x000000
      .udata_portserial.o      udata   0x00035c       data   0x000000
      .idata_portserial.o      idata   0x00035c       data   0x000000
       .idata_porttimer.o      idata   0x00035c       data   0x000000
           .udata_mbcrc.o      udata   0x00035c       data   0x000000
           .idata_mbcrc.o      idata   0x00035c       data   0x000000
           .udata_mbrtu.o      udata   0x00035c       data   0x000000
     .udata_mbfunccoils.o      udata   0x00035c       data   0x000000
     .idata_mbfunccoils.o      idata   0x00035c       data   0x000000
      .udata_mbfuncdisc.o      udata   0x00035c       data   0x000000
      .idata_mbfuncdisc.o      idata   0x00035c       data   0x000000
   .udata_mbfuncholding.o      udata   0x00035c       data   0x000000
   .idata_mbfuncholding.o      idata   0x00035c       data   0x000000
     .udata_mbfuncinput.o      udata   0x00035c       data   0x000000
     .idata_mbfuncinput.o      idata   0x00035c       data   0x000000
     .idata_mbfuncother.o      idata   0x00035c       data   0x000000
         .udata_mbutils.o      udata   0x00035c       data   0x000000
         .idata_mbutils.o      idata   0x00035c       data   0x000000
    .udata_digit_driver.o      udata   0x00035c       data   0x000000
            SFR_UNBANKED0      udata   0x000f80       data   0x000080



                              Program Memory Usage 
                               Start         End      
                           ---------   ---------      
                            0x000000    0x000005      
                            0x000008    0x00002f      
                            0x00003a    0x00639b      
                            0x300001    0x300003      
                            0x300005    0x300006      
                            0x300008    0x30000d      
            25499 out of 33048 program addresses used, program memory utilization is 77%



                              Symbols - Sorted by Name
                     Name    Address   Location    Storage File                     
                ---------  ---------  ---------  --------- ---------                
                 APP_init   0x0045f4    program     extern C:\Sagar\Repository\MODBUS_MMD_18F4620\source\app.c
                 APP_task   0x0046aa    program     extern C:\Sagar\Repository\MODBUS_MMD_18F4620\source\app.c
                 BRD_init   0x00613e    program     extern C:\Sagar\Repository\MODBUS_MMD_18F4620\source\board.c
  ConvertHour12to24Format   0x0020b6    program     extern C:\Sagar\Repository\MODBUS_MMD_18F4620\source\rtc_driver.c
  ConvertTime12to24Format   0x001f5c    program     extern C:\Sagar\Repository\MODBUS_MMD_18F4620\source\rtc_driver.c
  ConvertTime24to12Format   0x001dcc    program     extern C:\Sagar\Repository\MODBUS_MMD_18F4620\source\rtc_driver.c
                    D10_1   0x0061f0    program     static E:\c18v3.46\pic18-lt\cxx-framework\src\traditional\delays\d10tcyx.asm
                     D10x   0x0061e8    program     static E:\c18v3.46\pic18-lt\cxx-framework\src\traditional\delays\d10tcyx.asm
                    D1K_1   0x006176    program     static E:\c18v3.46\pic18-lt\cxx-framework\src\traditional\delays\d1ktcyx.asm
                     D1Kx   0x006174    program     static E:\c18v3.46\pic18-lt\cxx-framework\src\traditional\delays\d1ktcyx.asm
            DDR_loadDigit   0x005fb8    program     extern C:\Sagar\Repository\MODBUS_MMD_18F4620\source\digit_driver.c
              Delay10TCYx   0x0061e0    program     extern E:\c18v3.46\pic18-lt\cxx-framework\src\traditional\delays\d10tcyx.asm
              Delay1KTCYx   0x00616a    program     extern E:\c18v3.46\pic18-lt\cxx-framework\src\traditional\delays\d1ktcyx.asm
         EnableInterrupts   0x00002a    program     extern C:\Sagar\Repository\MODBUS_MMD_18F4620\source\interruptvector.c
                 FXD1616U   0x006112    program     extern E:\c18v3.46\pic18-lt\cxx-framework\src\traditional\math\fxd1616u.c
                 FXM1616U   0x005ff6    program     extern E:\c18v3.46\pic18-lt\cxx-framework\src\traditional\math\fxm1616u.asm
             FontTable5x7   0x003e98    program     extern C:\Sagar\Repository\MODBUS_MMD_18F4620\source\MMD.c
                  HB_init   0x0061c6    program     extern C:\Sagar\Repository\MODBUS_MMD_18F4620\source\heartBeat.c
                  HB_task   0x0061cc    program     extern C:\Sagar\Repository\MODBUS_MMD_18F4620\source\heartBeat.c
            InitializeI2C   0x0050c6    program     extern C:\Sagar\Repository\MODBUS_MMD_18F4620\source\i2c_driver.c
                  Int2Day   0x001ace    program     extern C:\Sagar\Repository\MODBUS_MMD_18F4620\source\rtc_driver.c
                  LED_MAP   0x0061f6    program     extern C:\Sagar\Repository\MODBUS_MMD_18F4620\source\digit_driver.c
         MMD_changeSymbol   0x000c5a    program     extern C:\Sagar\Repository\MODBUS_MMD_18F4620\source\MMD.c
         MMD_clearSegment   0x000e28    program     extern C:\Sagar\Repository\MODBUS_MMD_18F4620\source\MMD.c
        MMD_configSegment   0x0003b0    program     extern C:\Sagar\Repository\MODBUS_MMD_18F4620\source\MMD.c
                 MMD_init   0x00014a    program     extern C:\Sagar\Repository\MODBUS_MMD_18F4620\source\MMD.c
       MMD_refreshDisplay   0x00180a    program     extern C:\Sagar\Repository\MODBUS_MMD_18F4620\source\MMD.c
       MMD_setScrollSpeed   0x000c02    program     extern C:\Sagar\Repository\MODBUS_MMD_18F4620\source\MMD.c
                 MMD_task   0x00106a    program     extern C:\Sagar\Repository\MODBUS_MMD_18F4620\source\MMD.c
               OpenTimer0   0x0060da    program     extern E:\c18v3.46\pic18-lt\cxx-framework\src\pmc_common\Timers\t0open.c
               OpenTimer1   0x005f38    program     extern E:\c18v3.46\pic18-lt\cxx-framework\src\pmc_common\Timers\t1open.c
               OpenTimer3   0x005ef6    program     extern E:\c18v3.46\pic18-lt\cxx-framework\src\pmc_common\Timers\t3open.c
                OpenUSART   0x005dc0    program     extern E:\c18v3.46\pic18-lt\cxx-framework\src\pmc_common\USART\uopen.c
                 RTC_Init   0x002342    program     extern C:\Sagar\Repository\MODBUS_MMD_18F4620\source\rtc_driver.c
                 RTC_Task   0x002396    program     extern C:\Sagar\Repository\MODBUS_MMD_18F4620\source\rtc_driver.c
              RTC_getDate   0x0023ca    program     extern C:\Sagar\Repository\MODBUS_MMD_18F4620\source\rtc_driver.c
               RTC_getDay   0x0023ba    program     extern C:\Sagar\Repository\MODBUS_MMD_18F4620\source\rtc_driver.c
            RTC_getDayStr   0x00240e    program     extern C:\Sagar\Repository\MODBUS_MMD_18F4620\source\rtc_driver.c
              RTC_getHour   0x0023d2    program     extern C:\Sagar\Repository\MODBUS_MMD_18F4620\source\rtc_driver.c
            RTC_getMinute   0x0023da    program     extern C:\Sagar\Repository\MODBUS_MMD_18F4620\source\rtc_driver.c
       RTC_getMinuteOfDay   0x0023ea    program     extern C:\Sagar\Repository\MODBUS_MMD_18F4620\source\rtc_driver.c
             RTC_getMonth   0x0023c2    program     extern C:\Sagar\Repository\MODBUS_MMD_18F4620\source\rtc_driver.c
          RTC_getMonthStr   0x002438    program     extern C:\Sagar\Repository\MODBUS_MMD_18F4620\source\rtc_driver.c
            RTC_getSecond   0x0023e2    program     extern C:\Sagar\Repository\MODBUS_MMD_18F4620\source\rtc_driver.c
              ReadByteI2C   0x005296    program     extern C:\Sagar\Repository\MODBUS_MMD_18F4620\source\i2c_driver.c
                  ReadI2C   0x0051f4    program     extern C:\Sagar\Repository\MODBUS_MMD_18F4620\source\i2c_driver.c
       ReadRtcTimeAndDate   0x001b06    program     extern C:\Sagar\Repository\MODBUS_MMD_18F4620\source\rtc_driver.c
                ReadUSART   0x005f7a    program     extern E:\c18v3.46\pic18-lt\cxx-framework\src\pmc_common\USART\uread.c
                 ResetI2C   0x00512a    program     extern C:\Sagar\Repository\MODBUS_MMD_18F4620\source\i2c_driver.c
              SetHourMode   0x001d62    program     extern C:\Sagar\Repository\MODBUS_MMD_18F4620\source\rtc_driver.c
                 StartI2C   0x0050de    program     extern C:\Sagar\Repository\MODBUS_MMD_18F4620\source\i2c_driver.c
                  StopI2C   0x00510a    program     extern C:\Sagar\Repository\MODBUS_MMD_18F4620\source\i2c_driver.c
          StoreSystemDate   0x002212    program     extern C:\Sagar\Repository\MODBUS_MMD_18F4620\source\rtc_driver.c
           StoreSystemDay   0x00230a    program     extern C:\Sagar\Repository\MODBUS_MMD_18F4620\source\rtc_driver.c
          StoreSystemTime   0x00211c    program     extern C:\Sagar\Repository\MODBUS_MMD_18F4620\source\rtc_driver.c
                 TMR0_ISR   0x00530c    program     extern C:\Sagar\Repository\MODBUS_MMD_18F4620\source\timer.c
                TMR0_init   0x005498    program     extern C:\Sagar\Repository\MODBUS_MMD_18F4620\source\timer.c
                 TMR1_ISR   0x0053de    program     extern C:\Sagar\Repository\MODBUS_MMD_18F4620\source\timer.c
                TMR1_init   0x0054de    program     extern C:\Sagar\Repository\MODBUS_MMD_18F4620\source\timer.c
             WriteByteI2C   0x0052da    program     extern C:\Sagar\Repository\MODBUS_MMD_18F4620\source\i2c_driver.c
       WriteDataToDisplay   0x001a7e    program     extern C:\Sagar\Repository\MODBUS_MMD_18F4620\source\MMD.c
                 WriteI2C   0x005166    program     extern C:\Sagar\Repository\MODBUS_MMD_18F4620\source\i2c_driver.c
      WriteRtcTimeAndDate   0x001c56    program     extern C:\Sagar\Repository\MODBUS_MMD_18F4620\source\rtc_driver.c
              WriteTimer0   0x0060a2    program     extern E:\c18v3.46\pic18-lt\cxx-framework\src\pmc_common\Timers\t0write.c
              WriteTimer1   0x00606a    program     extern E:\c18v3.46\pic18-lt\cxx-framework\src\pmc_common\Timers\t1write.c
              WriteTimer3   0x006032    program     extern E:\c18v3.46\pic18-lt\cxx-framework\src\pmc_common\Timers\t3write.c
              _2jContinue   0x005cf2    program     static E:\c18v3.46\pic18-lt\cxx-framework\src\traditional\stdclib\memset.asm
                   _3jEnd   0x005cfc    program     static E:\c18v3.46\pic18-lt\cxx-framework\src\traditional\stdclib\memset.asm
              _4jContinue   0x005cb0    program     static E:\c18v3.46\pic18-lt\cxx-framework\src\traditional\stdclib\memcpy.asm
                   _5jEnd   0x005cba    program     static E:\c18v3.46\pic18-lt\cxx-framework\src\traditional\stdclib\memcpy.asm
        _D10TCYXCODE_000A   0x0061ea    program     static E:\c18v3.46\pic18-lt\cxx-framework\src\traditional\delays\d10tcyx.asm
        _D10TCYXCODE_000C   0x0061ec    program     static E:\c18v3.46\pic18-lt\cxx-framework\src\traditional\delays\d10tcyx.asm
        _D10TCYXCODE_000E   0x0061ee    program     static E:\c18v3.46\pic18-lt\cxx-framework\src\traditional\delays\d10tcyx.asm
        _D1KTCYXCODE_0010   0x00617a    program     static E:\c18v3.46\pic18-lt\cxx-framework\src\traditional\delays\d1ktcyx.asm
        _D1KTCYXCODE_0016   0x006180    program     static E:\c18v3.46\pic18-lt\cxx-framework\src\traditional\delays\d1ktcyx.asm
           ___do_lbl00005   0x005818    program     static                          
           ___do_lbl00006   0x005818    program     static                          
           ___do_lbl00009   0x0057e6    program     static                          
          ___for_lbl00001   0x00581e    program     static                          
          ___for_lbl00002   0x005822    program     static                          
          ___for_lbl00003   0x005818    program     static                          
          ___for_lbl00004   0x00581e    program     static                          
          ___for_lbl00010   0x0057c4    program     static                          
          ___for_lbl00011   0x0057ba    program     static                          
           ___if_lbl00001   0x000010    program     static                          
           ___if_lbl00002   0x000018    program     static                          
           ___if_lbl00003   0x000020    program     static                          
           ___if_lbl00004   0x000028    program     static                          
           ___if_lbl00014   0x0058f2    program     static                          
           ___if_lbl00015   0x005908    program     static                          
       ___return_lbl00000   0x000004    program     static                          
       ___return_lbl00000   0x00613c    program     static                          
       ___return_lbl00000   0x000028    program     static                          
       ___return_lbl00000   0x005910    program     static                          
       ___return_lbl00001   0x0061c4    program     static                          
       ___return_lbl00002   0x005dbe    program     static                          
        ___while_lbl00007   0x0057f4    program     static                          
        ___while_lbl00008   0x005818    program     static                          
        ___while_lbl00012   0x0058d0    program     static                          
        ___while_lbl00013   0x005910    program     static                          
               __config_0   0x300001    program     static C:\Sagar\Repository\MODBUS_MMD_18F4620\source\main.c
               __config_1   0x300002    program     static C:\Sagar\Repository\MODBUS_MMD_18F4620\source\main.c
              __config_10   0x30000d    program     static C:\Sagar\Repository\MODBUS_MMD_18F4620\source\main.c
               __config_2   0x300003    program     static C:\Sagar\Repository\MODBUS_MMD_18F4620\source\main.c
               __config_3   0x300005    program     static C:\Sagar\Repository\MODBUS_MMD_18F4620\source\main.c
               __config_4   0x300006    program     static C:\Sagar\Repository\MODBUS_MMD_18F4620\source\main.c
               __config_5   0x300008    program     static C:\Sagar\Repository\MODBUS_MMD_18F4620\source\main.c
               __config_6   0x300009    program     static C:\Sagar\Repository\MODBUS_MMD_18F4620\source\main.c
               __config_7   0x30000a    program     static C:\Sagar\Repository\MODBUS_MMD_18F4620\source\main.c
               __config_8   0x30000b    program     static C:\Sagar\Repository\MODBUS_MMD_18F4620\source\main.c
               __config_9   0x30000c    program     static C:\Sagar\Repository\MODBUS_MMD_18F4620\source\main.c
                   __init   0x006202    program     extern E:\c18v3.46\pic18-lt\cxx-framework\src\traditional\stdclib\__init.c
               __string_0   0x005ef2    program     static C:\Sagar\Repository\MODBUS_MMD_18F4620\source\rtc_driver.c
               __string_1   0x005eee    program     static C:\Sagar\Repository\MODBUS_MMD_18F4620\source\rtc_driver.c
              __string_10   0x005eca    program     static C:\Sagar\Repository\MODBUS_MMD_18F4620\source\rtc_driver.c
              __string_11   0x005ec6    program     static C:\Sagar\Repository\MODBUS_MMD_18F4620\source\rtc_driver.c
              __string_12   0x005ec2    program     static C:\Sagar\Repository\MODBUS_MMD_18F4620\source\rtc_driver.c
              __string_13   0x005ebe    program     static C:\Sagar\Repository\MODBUS_MMD_18F4620\source\rtc_driver.c
              __string_14   0x005eba    program     static C:\Sagar\Repository\MODBUS_MMD_18F4620\source\rtc_driver.c
              __string_15   0x005eb6    program     static C:\Sagar\Repository\MODBUS_MMD_18F4620\source\rtc_driver.c
              __string_16   0x005eb2    program     static C:\Sagar\Repository\MODBUS_MMD_18F4620\source\rtc_driver.c
              __string_17   0x005eae    program     static C:\Sagar\Repository\MODBUS_MMD_18F4620\source\rtc_driver.c
              __string_18   0x005eaa    program     static C:\Sagar\Repository\MODBUS_MMD_18F4620\source\rtc_driver.c
               __string_2   0x005eea    program     static C:\Sagar\Repository\MODBUS_MMD_18F4620\source\rtc_driver.c
               __string_3   0x005ee6    program     static C:\Sagar\Repository\MODBUS_MMD_18F4620\source\rtc_driver.c
               __string_4   0x005ee2    program     static C:\Sagar\Repository\MODBUS_MMD_18F4620\source\rtc_driver.c
               __string_5   0x005ede    program     static C:\Sagar\Repository\MODBUS_MMD_18F4620\source\rtc_driver.c
               __string_6   0x005eda    program     static C:\Sagar\Repository\MODBUS_MMD_18F4620\source\rtc_driver.c
               __string_7   0x005ed6    program     static C:\Sagar\Repository\MODBUS_MMD_18F4620\source\rtc_driver.c
               __string_8   0x005ed2    program     static C:\Sagar\Repository\MODBUS_MMD_18F4620\source\rtc_driver.c
               __string_9   0x005ece    program     static C:\Sagar\Repository\MODBUS_MMD_18F4620\source\rtc_driver.c
               __tmplbl_0   0x0058e2    program     static                          
            __zero_memory   0x00618a    program     extern E:\c18v3.46\pic18-lt\cxx-framework\src\traditional\proc\p18f4520.asm
                _do_cinit   0x005d22    program     extern E:\c18v3.46\pic18-lt\cxx-framework\src\traditional\startup\c018i.c
                   _entry   0x000000    program     extern E:\c18v3.46\pic18-lt\cxx-framework\src\traditional\startup\c018i.c
                 _startup   0x0061aa    program     extern E:\c18v3.46\pic18-lt\cxx-framework\src\traditional\startup\c018i.c
                 aucCRCHi   0x005526    program     static C:\Sagar\Repository\MODBUS_MMD_18F4620\modbus\rtu\mbcrc.c
                 aucCRCLo   0x005626    program     static C:\Sagar\Repository\MODBUS_MMD_18F4620\modbus\rtu\mbcrc.c
                 clearBit   0x000112    program     static C:\Sagar\Repository\MODBUS_MMD_18F4620\source\MMD.c
                compare_l   0x0061a0    program     static E:\c18v3.46\pic18-lt\cxx-framework\src\traditional\proc\p18f4520.asm
                copy_loop   0x005d94    program     static                          
            copy_one_byte   0x005d9a    program     static                          
                     done   0x005dbe    program     static                          
             done_copying   0x005da8    program     static                          
                 eMBClose   0x00369c    program     extern C:\Sagar\Repository\MODBUS_MMD_18F4620\modbus\mb.c
               eMBDisable   0x00371a    program     extern C:\Sagar\Repository\MODBUS_MMD_18F4620\modbus\mb.c
                eMBEnable   0x0036de    program     extern C:\Sagar\Repository\MODBUS_MMD_18F4620\modbus\mb.c
         eMBFuncReadCoils   0x002d70    program     extern C:\Sagar\Repository\MODBUS_MMD_18F4620\modbus\functions\mbfunccoils.c
eMBFuncReadDiscreteInputs   0x004bfe    program     extern C:\Sagar\Repository\MODBUS_MMD_18F4620\modbus\functions\mbfuncdisc.c
eMBFuncReadHoldingRegister   0x002740    program     extern C:\Sagar\Repository\MODBUS_MMD_18F4620\modbus\functions\mbfuncholding.c
 eMBFuncReadInputRegister   0x004e6e    program     extern C:\Sagar\Repository\MODBUS_MMD_18F4620\modbus\functions\mbfuncinput.c
eMBFuncReadWriteMultipleHoldingRegister   0x002982    program     extern C:\Sagar\Repository\MODBUS_MMD_18F4620\modbus\functions\mbfuncholding.c
     eMBFuncReportSlaveID   0x005a18    program     extern C:\Sagar\Repository\MODBUS_MMD_18F4620\modbus\functions\mbfuncother.c
         eMBFuncWriteCoil   0x002fe2    program     extern C:\Sagar\Repository\MODBUS_MMD_18F4620\modbus\functions\mbfunccoils.c
eMBFuncWriteHoldingRegister   0x002462    program     extern C:\Sagar\Repository\MODBUS_MMD_18F4620\modbus\functions\mbfuncholding.c
eMBFuncWriteMultipleCoils   0x003154    program     extern C:\Sagar\Repository\MODBUS_MMD_18F4620\modbus\functions\mbfunccoils.c
eMBFuncWriteMultipleHoldingRegister   0x002552    program     extern C:\Sagar\Repository\MODBUS_MMD_18F4620\modbus\functions\mbfuncholding.c
                  eMBInit   0x003382    program     extern C:\Sagar\Repository\MODBUS_MMD_18F4620\modbus\mb.c
                  eMBPoll   0x003760    program     extern C:\Sagar\Repository\MODBUS_MMD_18F4620\modbus\mb.c
               eMBRTUInit   0x003988    program     extern C:\Sagar\Repository\MODBUS_MMD_18F4620\modbus\rtu\mbrtu.c
            eMBRTUReceive   0x003afa    program     extern C:\Sagar\Repository\MODBUS_MMD_18F4620\modbus\rtu\mbrtu.c
               eMBRTUSend   0x003bda    program     extern C:\Sagar\Repository\MODBUS_MMD_18F4620\modbus\rtu\mbrtu.c
              eMBRTUStart   0x003ac8    program     extern C:\Sagar\Repository\MODBUS_MMD_18F4620\modbus\rtu\mbrtu.c
               eMBRTUStop   0x003ae4    program     extern C:\Sagar\Repository\MODBUS_MMD_18F4620\modbus\rtu\mbrtu.c
            eMBRegCoilsCB   0x004918    program     extern C:\Sagar\Repository\MODBUS_MMD_18F4620\source\app.c
         eMBRegDiscreteCB   0x00492c    program     extern C:\Sagar\Repository\MODBUS_MMD_18F4620\source\app.c
          eMBRegHoldingCB   0x0046d6    program     extern C:\Sagar\Repository\MODBUS_MMD_18F4620\source\app.c
            eMBRegInputCB   0x0046ac    program     extern C:\Sagar\Repository\MODBUS_MMD_18F4620\source\app.c
            eMBRegisterCB   0x003488    program     extern C:\Sagar\Repository\MODBUS_MMD_18F4620\modbus\mb.c
            eMBSetSlaveID   0x005924    program     extern C:\Sagar\Repository\MODBUS_MMD_18F4620\modbus\functions\mbfuncother.c
                  endloop   0x006138    program     static                          
                   getBit   0x00009c    program     static C:\Sagar\Repository\MODBUS_MMD_18F4620\source\MMD.c
           high_interrupt   0x000008    program     extern C:\Sagar\Repository\MODBUS_MMD_18F4620\source\interruptvector.c
                     jEnd   0x005cc0    program     static E:\c18v3.46\pic18-lt\cxx-framework\src\traditional\stdclib\memcpy.asm
                     jEnd   0x005d04    program     static E:\c18v3.46\pic18-lt\cxx-framework\src\traditional\stdclib\memset.asm
                     jEnd   0x005d20    program     static E:\c18v3.46\pic18-lt\cxx-framework\src\traditional\stdclib\strlen.asm
                    jLoop   0x005ca4    program     static E:\c18v3.46\pic18-lt\cxx-framework\src\traditional\stdclib\memcpy.asm
                    jLoop   0x005ce6    program     static E:\c18v3.46\pic18-lt\cxx-framework\src\traditional\stdclib\memset.asm
                    jLoop   0x005d16    program     static E:\c18v3.46\pic18-lt\cxx-framework\src\traditional\stdclib\strlen.asm
         leftBitPackTable   0x004244    program     extern C:\Sagar\Repository\MODBUS_MMD_18F4620\source\MMD.c
                     loop   0x0061ba    program     static                          
                     loop   0x00611c    program     static                          
                   loop_h   0x006198    program     static E:\c18v3.46\pic18-lt\cxx-framework\src\traditional\proc\p18f4520.asm
                   loop_l   0x0061a2    program     static E:\c18v3.46\pic18-lt\cxx-framework\src\traditional\proc\p18f4520.asm
                     main   0x005726    program     extern C:\Sagar\Repository\MODBUS_MMD_18F4620\source\main.c
                   memcpy   0x005c7c    program     extern E:\c18v3.46\pic18-lt\cxx-framework\src\traditional\stdclib\memcpy.asm
                   memset   0x005cd2    program     extern E:\c18v3.46\pic18-lt\cxx-framework\src\traditional\stdclib\memset.asm
    prveMBError2Exception   0x0045b6    program     extern C:\Sagar\Repository\MODBUS_MMD_18F4620\modbus\functions\mbutils.c
      prvvTIMERExpiredISR   0x005bce    program     extern C:\Sagar\Repository\MODBUS_MMD_18F4620\modbus\porttimer.c
            prvvUARTRxISR   0x004b52    program     extern C:\Sagar\Repository\MODBUS_MMD_18F4620\modbus\portserial.c
       prvvUARTTxReadyISR   0x004aa6    program     extern C:\Sagar\Repository\MODBUS_MMD_18F4620\modbus\portserial.c
        rightBitPackTable   0x004238    program     extern C:\Sagar\Repository\MODBUS_MMD_18F4620\source\MMD.c
                   setBit   0x0000dc    program     static C:\Sagar\Repository\MODBUS_MMD_18F4620\source\MMD.c
                   strlen   0x005d06    program     extern E:\c18v3.46\pic18-lt\cxx-framework\src\traditional\stdclib\strlen.asm
                     test   0x005d3c    program     static                          
                usMBCRC16   0x005a8a    program     extern C:\Sagar\Repository\MODBUS_MMD_18F4620\modbus\rtu\mbcrc.c
      vMBPortSerialEnable   0x004940    program     extern C:\Sagar\Repository\MODBUS_MMD_18F4620\modbus\portserial.c
     vMBPortTimersDisable   0x005bca    program     extern C:\Sagar\Repository\MODBUS_MMD_18F4620\modbus\porttimer.c
      vMBPortTimersEnable   0x005bb4    program     extern C:\Sagar\Repository\MODBUS_MMD_18F4620\modbus\porttimer.c
          xMBPortEventGet   0x005e74    program     extern C:\Sagar\Repository\MODBUS_MMD_18F4620\modbus\portevent.c
         xMBPortEventInit   0x005e4a    program     extern C:\Sagar\Repository\MODBUS_MMD_18F4620\modbus\portevent.c
         xMBPortEventPost   0x005e54    program     extern C:\Sagar\Repository\MODBUS_MMD_18F4620\modbus\portevent.c
     xMBPortSerialGetByte   0x004a76    program     extern C:\Sagar\Repository\MODBUS_MMD_18F4620\modbus\portserial.c
        xMBPortSerialInit   0x004976    program     extern C:\Sagar\Repository\MODBUS_MMD_18F4620\modbus\portserial.c
     xMBPortSerialPutByte   0x004a40    program     extern C:\Sagar\Repository\MODBUS_MMD_18F4620\modbus\portserial.c
        xMBPortTimersInit   0x005b86    program     extern C:\Sagar\Repository\MODBUS_MMD_18F4620\modbus\porttimer.c
         xMBRTUReceiveFSM   0x003cea    program     extern C:\Sagar\Repository\MODBUS_MMD_18F4620\modbus\rtu\mbrtu.c
    xMBRTUTimerT35Expired   0x003e46    program     extern C:\Sagar\Repository\MODBUS_MMD_18F4620\modbus\rtu\mbrtu.c
        xMBRTUTransmitFSM   0x003db8    program     extern C:\Sagar\Repository\MODBUS_MMD_18F4620\modbus\rtu\mbrtu.c
           xMBUtilGetBits   0x004474    program     extern C:\Sagar\Repository\MODBUS_MMD_18F4620\modbus\functions\mbutils.c
           xMBUtilSetBits   0x004250    program     extern C:\Sagar\Repository\MODBUS_MMD_18F4620\modbus\functions\mbutils.c
               zero_block   0x006198    program     static E:\c18v3.46\pic18-lt\cxx-framework\src\traditional\proc\p18f4520.asm
                   ADCON0   0x000fc2       data     extern E:\c18v3.46\pic18-lt\cxx-framework\src\traditional\proc\p18f4520.asm
               ADCON0bits   0x000fc2       data     extern E:\c18v3.46\pic18-lt\cxx-framework\src\traditional\proc\p18f4520.asm
                   ADCON1   0x000fc1       data     extern E:\c18v3.46\pic18-lt\cxx-framework\src\traditional\proc\p18f4520.asm
               ADCON1bits   0x000fc1       data     extern E:\c18v3.46\pic18-lt\cxx-framework\src\traditional\proc\p18f4520.asm
                   ADCON2   0x000fc0       data     extern E:\c18v3.46\pic18-lt\cxx-framework\src\traditional\proc\p18f4520.asm
               ADCON2bits   0x000fc0       data     extern E:\c18v3.46\pic18-lt\cxx-framework\src\traditional\proc\p18f4520.asm
                    ADRES   0x000fc3       data     extern E:\c18v3.46\pic18-lt\cxx-framework\src\traditional\proc\p18f4520.asm
                   ADRESH   0x000fc4       data     extern E:\c18v3.46\pic18-lt\cxx-framework\src\traditional\proc\p18f4520.asm
                   ADRESL   0x000fc3       data     extern E:\c18v3.46\pic18-lt\cxx-framework\src\traditional\proc\p18f4520.asm
                  BAUDCON   0x000fb8       data     extern E:\c18v3.46\pic18-lt\cxx-framework\src\traditional\proc\p18f4520.asm
              BAUDCONbits   0x000fb8       data     extern E:\c18v3.46\pic18-lt\cxx-framework\src\traditional\proc\p18f4520.asm
                  BAUDCTL   0x000fb8       data     extern E:\c18v3.46\pic18-lt\cxx-framework\src\traditional\proc\p18f4520.asm
              BAUDCTLbits   0x000fb8       data     extern E:\c18v3.46\pic18-lt\cxx-framework\src\traditional\proc\p18f4520.asm
                      BSR   0x000fe0       data     extern E:\c18v3.46\pic18-lt\cxx-framework\src\traditional\proc\p18f4520.asm
                  CCP1CON   0x000fbd       data     extern E:\c18v3.46\pic18-lt\cxx-framework\src\traditional\proc\p18f4520.asm
              CCP1CONbits   0x000fbd       data     extern E:\c18v3.46\pic18-lt\cxx-framework\src\traditional\proc\p18f4520.asm
                  CCP2CON   0x000fba       data     extern E:\c18v3.46\pic18-lt\cxx-framework\src\traditional\proc\p18f4520.asm
              CCP2CONbits   0x000fba       data     extern E:\c18v3.46\pic18-lt\cxx-framework\src\traditional\proc\p18f4520.asm
                    CCPR1   0x000fbe       data     extern E:\c18v3.46\pic18-lt\cxx-framework\src\traditional\proc\p18f4520.asm
                   CCPR1H   0x000fbf       data     extern E:\c18v3.46\pic18-lt\cxx-framework\src\traditional\proc\p18f4520.asm
                   CCPR1L   0x000fbe       data     extern E:\c18v3.46\pic18-lt\cxx-framework\src\traditional\proc\p18f4520.asm
                    CCPR2   0x000fbb       data     extern E:\c18v3.46\pic18-lt\cxx-framework\src\traditional\proc\p18f4520.asm
                   CCPR2H   0x000fbc       data     extern E:\c18v3.46\pic18-lt\cxx-framework\src\traditional\proc\p18f4520.asm
                   CCPR2L   0x000fbb       data     extern E:\c18v3.46\pic18-lt\cxx-framework\src\traditional\proc\p18f4520.asm
                    CMCON   0x000fb4       data     extern E:\c18v3.46\pic18-lt\cxx-framework\src\traditional\proc\p18f4520.asm
                CMCONbits   0x000fb4       data     extern E:\c18v3.46\pic18-lt\cxx-framework\src\traditional\proc\p18f4520.asm
                   CVRCON   0x000fb5       data     extern E:\c18v3.46\pic18-lt\cxx-framework\src\traditional\proc\p18f4520.asm
               CVRCONbits   0x000fb5       data     extern E:\c18v3.46\pic18-lt\cxx-framework\src\traditional\proc\p18f4520.asm
                     DDRA   0x000f92       data     extern E:\c18v3.46\pic18-lt\cxx-framework\src\traditional\proc\p18f4520.asm
                 DDRAbits   0x000f92       data     extern E:\c18v3.46\pic18-lt\cxx-framework\src\traditional\proc\p18f4520.asm
                     DDRB   0x000f93       data     extern E:\c18v3.46\pic18-lt\cxx-framework\src\traditional\proc\p18f4520.asm
                 DDRBbits   0x000f93       data     extern E:\c18v3.46\pic18-lt\cxx-framework\src\traditional\proc\p18f4520.asm
                     DDRC   0x000f94       data     extern E:\c18v3.46\pic18-lt\cxx-framework\src\traditional\proc\p18f4520.asm
                 DDRCbits   0x000f94       data     extern E:\c18v3.46\pic18-lt\cxx-framework\src\traditional\proc\p18f4520.asm
                     DDRD   0x000f95       data     extern E:\c18v3.46\pic18-lt\cxx-framework\src\traditional\proc\p18f4520.asm
                 DDRDbits   0x000f95       data     extern E:\c18v3.46\pic18-lt\cxx-framework\src\traditional\proc\p18f4520.asm
                     DDRE   0x000f96       data     extern E:\c18v3.46\pic18-lt\cxx-framework\src\traditional\proc\p18f4520.asm
                 DDREbits   0x000f96       data     extern E:\c18v3.46\pic18-lt\cxx-framework\src\traditional\proc\p18f4520.asm
                   DayStr   0x000300       data     extern C:\Sagar\Repository\MODBUS_MMD_18F4620\source\rtc_driver.c
            DelayCounter1   0x00001e       data     extern E:\c18v3.46\pic18-lt\cxx-framework\src\traditional\delays\delayd1.asm
                  ECCP1AS   0x000fb6       data     extern E:\c18v3.46\pic18-lt\cxx-framework\src\traditional\proc\p18f4520.asm
              ECCP1ASbits   0x000fb6       data     extern E:\c18v3.46\pic18-lt\cxx-framework\src\traditional\proc\p18f4520.asm
                 ECCP1DEL   0x000fb7       data     extern E:\c18v3.46\pic18-lt\cxx-framework\src\traditional\proc\p18f4520.asm
             ECCP1DELbits   0x000fb7       data     extern E:\c18v3.46\pic18-lt\cxx-framework\src\traditional\proc\p18f4520.asm
                   ECCPAS   0x000fb6       data     extern E:\c18v3.46\pic18-lt\cxx-framework\src\traditional\proc\p18f4520.asm
               ECCPASbits   0x000fb6       data     extern E:\c18v3.46\pic18-lt\cxx-framework\src\traditional\proc\p18f4520.asm
                    EEADR   0x000fa9       data     extern E:\c18v3.46\pic18-lt\cxx-framework\src\traditional\proc\p18f4520.asm
                   EECON1   0x000fa6       data     extern E:\c18v3.46\pic18-lt\cxx-framework\src\traditional\proc\p18f4520.asm
               EECON1bits   0x000fa6       data     extern E:\c18v3.46\pic18-lt\cxx-framework\src\traditional\proc\p18f4520.asm
                   EECON2   0x000fa7       data     extern E:\c18v3.46\pic18-lt\cxx-framework\src\traditional\proc\p18f4520.asm
                   EEDATA   0x000fa8       data     extern E:\c18v3.46\pic18-lt\cxx-framework\src\traditional\proc\p18f4520.asm
                     FSR0   0x000fe9       data     extern E:\c18v3.46\pic18-lt\cxx-framework\src\traditional\proc\p18f4520.asm
                    FSR0H   0x000fea       data     extern E:\c18v3.46\pic18-lt\cxx-framework\src\traditional\proc\p18f4520.asm
                    FSR0L   0x000fe9       data     extern E:\c18v3.46\pic18-lt\cxx-framework\src\traditional\proc\p18f4520.asm
                     FSR1   0x000fe1       data     extern E:\c18v3.46\pic18-lt\cxx-framework\src\traditional\proc\p18f4520.asm
                    FSR1H   0x000fe2       data     extern E:\c18v3.46\pic18-lt\cxx-framework\src\traditional\proc\p18f4520.asm
                    FSR1L   0x000fe1       data     extern E:\c18v3.46\pic18-lt\cxx-framework\src\traditional\proc\p18f4520.asm
                     FSR2   0x000fd9       data     extern E:\c18v3.46\pic18-lt\cxx-framework\src\traditional\proc\p18f4520.asm
                    FSR2H   0x000fda       data     extern E:\c18v3.46\pic18-lt\cxx-framework\src\traditional\proc\p18f4520.asm
                    FSR2L   0x000fd9       data     extern E:\c18v3.46\pic18-lt\cxx-framework\src\traditional\proc\p18f4520.asm
                  HLVDCON   0x000fd2       data     extern E:\c18v3.46\pic18-lt\cxx-framework\src\traditional\proc\p18f4520.asm
              HLVDCONbits   0x000fd2       data     extern E:\c18v3.46\pic18-lt\cxx-framework\src\traditional\proc\p18f4520.asm
                    INDF0   0x000fef       data     extern E:\c18v3.46\pic18-lt\cxx-framework\src\traditional\proc\p18f4520.asm
                    INDF1   0x000fe7       data     extern E:\c18v3.46\pic18-lt\cxx-framework\src\traditional\proc\p18f4520.asm
                    INDF2   0x000fdf       data     extern E:\c18v3.46\pic18-lt\cxx-framework\src\traditional\proc\p18f4520.asm
                   INTCON   0x000ff2       data     extern E:\c18v3.46\pic18-lt\cxx-framework\src\traditional\proc\p18f4520.asm
                  INTCON2   0x000ff1       data     extern E:\c18v3.46\pic18-lt\cxx-framework\src\traditional\proc\p18f4520.asm
              INTCON2bits   0x000ff1       data     extern E:\c18v3.46\pic18-lt\cxx-framework\src\traditional\proc\p18f4520.asm
                  INTCON3   0x000ff0       data     extern E:\c18v3.46\pic18-lt\cxx-framework\src\traditional\proc\p18f4520.asm
              INTCON3bits   0x000ff0       data     extern E:\c18v3.46\pic18-lt\cxx-framework\src\traditional\proc\p18f4520.asm
               INTCONbits   0x000ff2       data     extern E:\c18v3.46\pic18-lt\cxx-framework\src\traditional\proc\p18f4520.asm
                     IPR1   0x000f9f       data     extern E:\c18v3.46\pic18-lt\cxx-framework\src\traditional\proc\p18f4520.asm
                 IPR1bits   0x000f9f       data     extern E:\c18v3.46\pic18-lt\cxx-framework\src\traditional\proc\p18f4520.asm
                     IPR2   0x000fa2       data     extern E:\c18v3.46\pic18-lt\cxx-framework\src\traditional\proc\p18f4520.asm
                 IPR2bits   0x000fa2       data     extern E:\c18v3.46\pic18-lt\cxx-framework\src\traditional\proc\p18f4520.asm
                     LATA   0x000f89       data     extern E:\c18v3.46\pic18-lt\cxx-framework\src\traditional\proc\p18f4520.asm
                 LATAbits   0x000f89       data     extern E:\c18v3.46\pic18-lt\cxx-framework\src\traditional\proc\p18f4520.asm
                     LATB   0x000f8a       data     extern E:\c18v3.46\pic18-lt\cxx-framework\src\traditional\proc\p18f4520.asm
                 LATBbits   0x000f8a       data     extern E:\c18v3.46\pic18-lt\cxx-framework\src\traditional\proc\p18f4520.asm
                     LATC   0x000f8b       data     extern E:\c18v3.46\pic18-lt\cxx-framework\src\traditional\proc\p18f4520.asm
                 LATCbits   0x000f8b       data     extern E:\c18v3.46\pic18-lt\cxx-framework\src\traditional\proc\p18f4520.asm
                     LATD   0x000f8c       data     extern E:\c18v3.46\pic18-lt\cxx-framework\src\traditional\proc\p18f4520.asm
                 LATDbits   0x000f8c       data     extern E:\c18v3.46\pic18-lt\cxx-framework\src\traditional\proc\p18f4520.asm
                     LATE   0x000f8d       data     extern E:\c18v3.46\pic18-lt\cxx-framework\src\traditional\proc\p18f4520.asm
                 LATEbits   0x000f8d       data     extern E:\c18v3.46\pic18-lt\cxx-framework\src\traditional\proc\p18f4520.asm
                   LVDCON   0x000fd2       data     extern E:\c18v3.46\pic18-lt\cxx-framework\src\traditional\proc\p18f4520.asm
               LVDCONbits   0x000fd2       data     extern E:\c18v3.46\pic18-lt\cxx-framework\src\traditional\proc\p18f4520.asm
                 MonthStr   0x00030e       data     extern C:\Sagar\Repository\MODBUS_MMD_18F4620\source\rtc_driver.c
                   OSCCON   0x000fd3       data     extern E:\c18v3.46\pic18-lt\cxx-framework\src\traditional\proc\p18f4520.asm
               OSCCONbits   0x000fd3       data     extern E:\c18v3.46\pic18-lt\cxx-framework\src\traditional\proc\p18f4520.asm
                  OSCTUNE   0x000f9b       data     extern E:\c18v3.46\pic18-lt\cxx-framework\src\traditional\proc\p18f4520.asm
              OSCTUNEbits   0x000f9b       data     extern E:\c18v3.46\pic18-lt\cxx-framework\src\traditional\proc\p18f4520.asm
                       PC   0x000ff9       data     extern E:\c18v3.46\pic18-lt\cxx-framework\src\traditional\proc\p18f4520.asm
                      PCL   0x000ff9       data     extern E:\c18v3.46\pic18-lt\cxx-framework\src\traditional\proc\p18f4520.asm
                   PCLATH   0x000ffa       data     extern E:\c18v3.46\pic18-lt\cxx-framework\src\traditional\proc\p18f4520.asm
                   PCLATU   0x000ffb       data     extern E:\c18v3.46\pic18-lt\cxx-framework\src\traditional\proc\p18f4520.asm
                     PIE1   0x000f9d       data     extern E:\c18v3.46\pic18-lt\cxx-framework\src\traditional\proc\p18f4520.asm
                 PIE1bits   0x000f9d       data     extern E:\c18v3.46\pic18-lt\cxx-framework\src\traditional\proc\p18f4520.asm
                     PIE2   0x000fa0       data     extern E:\c18v3.46\pic18-lt\cxx-framework\src\traditional\proc\p18f4520.asm
                 PIE2bits   0x000fa0       data     extern E:\c18v3.46\pic18-lt\cxx-framework\src\traditional\proc\p18f4520.asm
                     PIR1   0x000f9e       data     extern E:\c18v3.46\pic18-lt\cxx-framework\src\traditional\proc\p18f4520.asm
                 PIR1bits   0x000f9e       data     extern E:\c18v3.46\pic18-lt\cxx-framework\src\traditional\proc\p18f4520.asm
                     PIR2   0x000fa1       data     extern E:\c18v3.46\pic18-lt\cxx-framework\src\traditional\proc\p18f4520.asm
                 PIR2bits   0x000fa1       data     extern E:\c18v3.46\pic18-lt\cxx-framework\src\traditional\proc\p18f4520.asm
                   PLUSW0   0x000feb       data     extern E:\c18v3.46\pic18-lt\cxx-framework\src\traditional\proc\p18f4520.asm
                   PLUSW1   0x000fe3       data     extern E:\c18v3.46\pic18-lt\cxx-framework\src\traditional\proc\p18f4520.asm
                   PLUSW2   0x000fdb       data     extern E:\c18v3.46\pic18-lt\cxx-framework\src\traditional\proc\p18f4520.asm
                    PORTA   0x000f80       data     extern E:\c18v3.46\pic18-lt\cxx-framework\src\traditional\proc\p18f4520.asm
                PORTAbits   0x000f80       data     extern E:\c18v3.46\pic18-lt\cxx-framework\src\traditional\proc\p18f4520.asm
                    PORTB   0x000f81       data     extern E:\c18v3.46\pic18-lt\cxx-framework\src\traditional\proc\p18f4520.asm
                PORTBbits   0x000f81       data     extern E:\c18v3.46\pic18-lt\cxx-framework\src\traditional\proc\p18f4520.asm
                    PORTC   0x000f82       data     extern E:\c18v3.46\pic18-lt\cxx-framework\src\traditional\proc\p18f4520.asm
                PORTCbits   0x000f82       data     extern E:\c18v3.46\pic18-lt\cxx-framework\src\traditional\proc\p18f4520.asm
                    PORTD   0x000f83       data     extern E:\c18v3.46\pic18-lt\cxx-framework\src\traditional\proc\p18f4520.asm
                PORTDbits   0x000f83       data     extern E:\c18v3.46\pic18-lt\cxx-framework\src\traditional\proc\p18f4520.asm
                    PORTE   0x000f84       data     extern E:\c18v3.46\pic18-lt\cxx-framework\src\traditional\proc\p18f4520.asm
                PORTEbits   0x000f84       data     extern E:\c18v3.46\pic18-lt\cxx-framework\src\traditional\proc\p18f4520.asm
                 POSTDEC0   0x000fed       data     extern E:\c18v3.46\pic18-lt\cxx-framework\src\traditional\proc\p18f4520.asm
                 POSTDEC1   0x000fe5       data     extern E:\c18v3.46\pic18-lt\cxx-framework\src\traditional\proc\p18f4520.asm
                 POSTDEC2   0x000fdd       data     extern E:\c18v3.46\pic18-lt\cxx-framework\src\traditional\proc\p18f4520.asm
                 POSTINC0   0x000fee       data     extern E:\c18v3.46\pic18-lt\cxx-framework\src\traditional\proc\p18f4520.asm
                 POSTINC1   0x000fe6       data     extern E:\c18v3.46\pic18-lt\cxx-framework\src\traditional\proc\p18f4520.asm
                 POSTINC2   0x000fde       data     extern E:\c18v3.46\pic18-lt\cxx-framework\src\traditional\proc\p18f4520.asm
                      PR2   0x000fcb       data     extern E:\c18v3.46\pic18-lt\cxx-framework\src\traditional\proc\p18f4520.asm
                  PREINC0   0x000fec       data     extern E:\c18v3.46\pic18-lt\cxx-framework\src\traditional\proc\p18f4520.asm
                  PREINC1   0x000fe4       data     extern E:\c18v3.46\pic18-lt\cxx-framework\src\traditional\proc\p18f4520.asm
                  PREINC2   0x000fdc       data     extern E:\c18v3.46\pic18-lt\cxx-framework\src\traditional\proc\p18f4520.asm
                     PROD   0x000ff3       data     extern E:\c18v3.46\pic18-lt\cxx-framework\src\traditional\proc\p18f4520.asm
                    PRODH   0x000ff4       data     extern E:\c18v3.46\pic18-lt\cxx-framework\src\traditional\proc\p18f4520.asm
                    PRODL   0x000ff3       data     extern E:\c18v3.46\pic18-lt\cxx-framework\src\traditional\proc\p18f4520.asm
                  PWM1CON   0x000fb7       data     extern E:\c18v3.46\pic18-lt\cxx-framework\src\traditional\proc\p18f4520.asm
              PWM1CONbits   0x000fb7       data     extern E:\c18v3.46\pic18-lt\cxx-framework\src\traditional\proc\p18f4520.asm
                     RCON   0x000fd0       data     extern E:\c18v3.46\pic18-lt\cxx-framework\src\traditional\proc\p18f4520.asm
                 RCONbits   0x000fd0       data     extern E:\c18v3.46\pic18-lt\cxx-framework\src\traditional\proc\p18f4520.asm
                    RCREG   0x000fae       data     extern E:\c18v3.46\pic18-lt\cxx-framework\src\traditional\proc\p18f4520.asm
                    RCSTA   0x000fab       data     extern E:\c18v3.46\pic18-lt\cxx-framework\src\traditional\proc\p18f4520.asm
                RCSTAbits   0x000fab       data     extern E:\c18v3.46\pic18-lt\cxx-framework\src\traditional\proc\p18f4520.asm
             RegistersRTC   0x000339       data     extern C:\Sagar\Repository\MODBUS_MMD_18F4620\source\rtc_driver.c
                     SIGN   0x000000       data     extern E:\c18v3.46\pic18-lt\cxx-framework\src\traditional\math\cmath18.asm
                    SPBRG   0x000faf       data     extern E:\c18v3.46\pic18-lt\cxx-framework\src\traditional\proc\p18f4520.asm
                   SPBRGH   0x000fb0       data     extern E:\c18v3.46\pic18-lt\cxx-framework\src\traditional\proc\p18f4520.asm
                   SSPADD   0x000fc8       data     extern E:\c18v3.46\pic18-lt\cxx-framework\src\traditional\proc\p18f4520.asm
                   SSPBUF   0x000fc9       data     extern E:\c18v3.46\pic18-lt\cxx-framework\src\traditional\proc\p18f4520.asm
                  SSPCON1   0x000fc6       data     extern E:\c18v3.46\pic18-lt\cxx-framework\src\traditional\proc\p18f4520.asm
              SSPCON1bits   0x000fc6       data     extern E:\c18v3.46\pic18-lt\cxx-framework\src\traditional\proc\p18f4520.asm
                  SSPCON2   0x000fc5       data     extern E:\c18v3.46\pic18-lt\cxx-framework\src\traditional\proc\p18f4520.asm
              SSPCON2bits   0x000fc5       data     extern E:\c18v3.46\pic18-lt\cxx-framework\src\traditional\proc\p18f4520.asm
                  SSPSTAT   0x000fc7       data     extern E:\c18v3.46\pic18-lt\cxx-framework\src\traditional\proc\p18f4520.asm
              SSPSTATbits   0x000fc7       data     extern E:\c18v3.46\pic18-lt\cxx-framework\src\traditional\proc\p18f4520.asm
                   STATUS   0x000fd8       data     extern E:\c18v3.46\pic18-lt\cxx-framework\src\traditional\proc\p18f4520.asm
               STATUSbits   0x000fd8       data     extern E:\c18v3.46\pic18-lt\cxx-framework\src\traditional\proc\p18f4520.asm
                   STKPTR   0x000ffc       data     extern E:\c18v3.46\pic18-lt\cxx-framework\src\traditional\proc\p18f4520.asm
               STKPTRbits   0x000ffc       data     extern E:\c18v3.46\pic18-lt\cxx-framework\src\traditional\proc\p18f4520.asm
                    T0CON   0x000fd5       data     extern E:\c18v3.46\pic18-lt\cxx-framework\src\traditional\proc\p18f4520.asm
                T0CONbits   0x000fd5       data     extern E:\c18v3.46\pic18-lt\cxx-framework\src\traditional\proc\p18f4520.asm
                    T1CON   0x000fcd       data     extern E:\c18v3.46\pic18-lt\cxx-framework\src\traditional\proc\p18f4520.asm
                T1CONbits   0x000fcd       data     extern E:\c18v3.46\pic18-lt\cxx-framework\src\traditional\proc\p18f4520.asm
                    T2CON   0x000fca       data     extern E:\c18v3.46\pic18-lt\cxx-framework\src\traditional\proc\p18f4520.asm
                T2CONbits   0x000fca       data     extern E:\c18v3.46\pic18-lt\cxx-framework\src\traditional\proc\p18f4520.asm
                    T3CON   0x000fb1       data     extern E:\c18v3.46\pic18-lt\cxx-framework\src\traditional\proc\p18f4520.asm
                T3CONbits   0x000fb1       data     extern E:\c18v3.46\pic18-lt\cxx-framework\src\traditional\proc\p18f4520.asm
                   TABLAT   0x000ff5       data     extern E:\c18v3.46\pic18-lt\cxx-framework\src\traditional\proc\p18f4520.asm
                   TBLPTR   0x000ff6       data     extern E:\c18v3.46\pic18-lt\cxx-framework\src\traditional\proc\p18f4520.asm
                  TBLPTRH   0x000ff7       data     extern E:\c18v3.46\pic18-lt\cxx-framework\src\traditional\proc\p18f4520.asm
                  TBLPTRL   0x000ff6       data     extern E:\c18v3.46\pic18-lt\cxx-framework\src\traditional\proc\p18f4520.asm
                  TBLPTRU   0x000ff8       data     extern E:\c18v3.46\pic18-lt\cxx-framework\src\traditional\proc\p18f4520.asm
                    TMR0H   0x000fd7       data     extern E:\c18v3.46\pic18-lt\cxx-framework\src\traditional\proc\p18f4520.asm
                    TMR0L   0x000fd6       data     extern E:\c18v3.46\pic18-lt\cxx-framework\src\traditional\proc\p18f4520.asm
                    TMR1H   0x000fcf       data     extern E:\c18v3.46\pic18-lt\cxx-framework\src\traditional\proc\p18f4520.asm
                    TMR1L   0x000fce       data     extern E:\c18v3.46\pic18-lt\cxx-framework\src\traditional\proc\p18f4520.asm
                     TMR2   0x000fcc       data     extern E:\c18v3.46\pic18-lt\cxx-framework\src\traditional\proc\p18f4520.asm
                    TMR3H   0x000fb3       data     extern E:\c18v3.46\pic18-lt\cxx-framework\src\traditional\proc\p18f4520.asm
                    TMR3L   0x000fb2       data     extern E:\c18v3.46\pic18-lt\cxx-framework\src\traditional\proc\p18f4520.asm
                      TOS   0x000ffd       data     extern E:\c18v3.46\pic18-lt\cxx-framework\src\traditional\proc\p18f4520.asm
                     TOSH   0x000ffe       data     extern E:\c18v3.46\pic18-lt\cxx-framework\src\traditional\proc\p18f4520.asm
                     TOSL   0x000ffd       data     extern E:\c18v3.46\pic18-lt\cxx-framework\src\traditional\proc\p18f4520.asm
                     TOSU   0x000fff       data     extern E:\c18v3.46\pic18-lt\cxx-framework\src\traditional\proc\p18f4520.asm
                    TRISA   0x000f92       data     extern E:\c18v3.46\pic18-lt\cxx-framework\src\traditional\proc\p18f4520.asm
                TRISAbits   0x000f92       data     extern E:\c18v3.46\pic18-lt\cxx-framework\src\traditional\proc\p18f4520.asm
                    TRISB   0x000f93       data     extern E:\c18v3.46\pic18-lt\cxx-framework\src\traditional\proc\p18f4520.asm
                TRISBbits   0x000f93       data     extern E:\c18v3.46\pic18-lt\cxx-framework\src\traditional\proc\p18f4520.asm
                    TRISC   0x000f94       data     extern E:\c18v3.46\pic18-lt\cxx-framework\src\traditional\proc\p18f4520.asm
                TRISCbits   0x000f94       data     extern E:\c18v3.46\pic18-lt\cxx-framework\src\traditional\proc\p18f4520.asm
                    TRISD   0x000f95       data     extern E:\c18v3.46\pic18-lt\cxx-framework\src\traditional\proc\p18f4520.asm
                TRISDbits   0x000f95       data     extern E:\c18v3.46\pic18-lt\cxx-framework\src\traditional\proc\p18f4520.asm
                    TRISE   0x000f96       data     extern E:\c18v3.46\pic18-lt\cxx-framework\src\traditional\proc\p18f4520.asm
                TRISEbits   0x000f96       data     extern E:\c18v3.46\pic18-lt\cxx-framework\src\traditional\proc\p18f4520.asm
                    TXREG   0x000fad       data     extern E:\c18v3.46\pic18-lt\cxx-framework\src\traditional\proc\p18f4520.asm
                    TXSTA   0x000fac       data     extern E:\c18v3.46\pic18-lt\cxx-framework\src\traditional\proc\p18f4520.asm
                TXSTAbits   0x000fac       data     extern E:\c18v3.46\pic18-lt\cxx-framework\src\traditional\proc\p18f4520.asm
            TimeClockMode   0x000349       data     extern C:\Sagar\Repository\MODBUS_MMD_18F4620\source\rtc_driver.c
  TimeClockUpdateRequired   0x000340       data     extern C:\Sagar\Repository\MODBUS_MMD_18F4620\source\rtc_driver.c
             USART_Status   0x0001ff       data     extern E:\c18v3.46\pic18-lt\cxx-framework\src\pmc_common\USART\udefs.c
                        W   0x000fe8       data     extern E:\c18v3.46\pic18-lt\cxx-framework\src\traditional\proc\p18f4520.asm
                   WDTCON   0x000fd1       data     extern E:\c18v3.46\pic18-lt\cxx-framework\src\traditional\proc\p18f4520.asm
               WDTCONbits   0x000fd1       data     extern E:\c18v3.46\pic18-lt\cxx-framework\src\traditional\proc\p18f4520.asm
                     WREG   0x000fe8       data     extern E:\c18v3.46\pic18-lt\cxx-framework\src\traditional\proc\p18f4520.asm
                 __AARGB0   0x000009       data     extern E:\c18v3.46\pic18-lt\cxx-framework\src\traditional\math\aarg.asm
                 __AARGB1   0x000008       data     extern E:\c18v3.46\pic18-lt\cxx-framework\src\traditional\math\aarg.asm
                 __AARGB2   0x000007       data     extern E:\c18v3.46\pic18-lt\cxx-framework\src\traditional\math\aarg.asm
                 __AARGB3   0x000006       data     extern E:\c18v3.46\pic18-lt\cxx-framework\src\traditional\math\aarg.asm
                 __AARGB4   0x000005       data     extern E:\c18v3.46\pic18-lt\cxx-framework\src\traditional\math\aarg.asm
                 __AARGB5   0x000004       data     extern E:\c18v3.46\pic18-lt\cxx-framework\src\traditional\math\aarg.asm
                 __AARGB6   0x000003       data     extern E:\c18v3.46\pic18-lt\cxx-framework\src\traditional\math\aarg.asm
                 __AARGB7   0x000002       data     extern E:\c18v3.46\pic18-lt\cxx-framework\src\traditional\math\aarg.asm
                   __AEXP   0x00000a       data     extern E:\c18v3.46\pic18-lt\cxx-framework\src\traditional\math\aarg.asm
                 __BARGB0   0x00000e       data     extern E:\c18v3.46\pic18-lt\cxx-framework\src\traditional\math\barg.asm
                 __BARGB1   0x00000d       data     extern E:\c18v3.46\pic18-lt\cxx-framework\src\traditional\math\barg.asm
                 __BARGB2   0x00000c       data     extern E:\c18v3.46\pic18-lt\cxx-framework\src\traditional\math\barg.asm
                 __BARGB3   0x00000b       data     extern E:\c18v3.46\pic18-lt\cxx-framework\src\traditional\math\barg.asm
                   __BEXP   0x00000f       data     extern E:\c18v3.46\pic18-lt\cxx-framework\src\traditional\math\barg.asm
                __FPFLAGS   0x000001       data     extern E:\c18v3.46\pic18-lt\cxx-framework\src\traditional\math\cmath18.asm
            __FPFLAGSbits   0x000001       data     extern E:\c18v3.46\pic18-lt\cxx-framework\src\traditional\math\cmath18.asm
                  __REMB0   0x000005       data     extern E:\c18v3.46\pic18-lt\cxx-framework\src\traditional\math\aarg.asm
                  __REMB1   0x000004       data     extern E:\c18v3.46\pic18-lt\cxx-framework\src\traditional\math\aarg.asm
                  __REMB2   0x000003       data     extern E:\c18v3.46\pic18-lt\cxx-framework\src\traditional\math\aarg.asm
                  __REMB3   0x000002       data     extern E:\c18v3.46\pic18-lt\cxx-framework\src\traditional\math\aarg.asm
                   __TEMP   0x000013       data     extern E:\c18v3.46\pic18-lt\cxx-framework\src\traditional\math\temparg.asm
                 __TEMPB0   0x000013       data     extern E:\c18v3.46\pic18-lt\cxx-framework\src\traditional\math\temparg.asm
                 __TEMPB1   0x000012       data     extern E:\c18v3.46\pic18-lt\cxx-framework\src\traditional\math\temparg.asm
                 __TEMPB2   0x000011       data     extern E:\c18v3.46\pic18-lt\cxx-framework\src\traditional\math\temparg.asm
                 __TEMPB3   0x000010       data     extern E:\c18v3.46\pic18-lt\cxx-framework\src\traditional\math\temparg.asm
                  __tmp_0   0x000014       data     static E:\c18v3.46\pic18-lt\cxx-framework\src\pmc_common\USART\uopen.c
                  __tmp_0   0x000014       data     static C:\Sagar\Repository\MODBUS_MMD_18F4620\source\MMD.c
                  __tmp_0   0x000014       data     static C:\Sagar\Repository\MODBUS_MMD_18F4620\source\main.c
                  __tmp_0   0x000014       data     static C:\Sagar\Repository\MODBUS_MMD_18F4620\source\app.c
                  __tmp_0   0x000014       data     static C:\Sagar\Repository\MODBUS_MMD_18F4620\modbus\mb.c
                  __tmp_0   0x000014       data     static C:\Sagar\Repository\MODBUS_MMD_18F4620\modbus\portserial.c
                  __tmp_0   0x000014       data     static C:\Sagar\Repository\MODBUS_MMD_18F4620\modbus\rtu\mbcrc.c
                  __tmp_0   0x000014       data     static C:\Sagar\Repository\MODBUS_MMD_18F4620\modbus\rtu\mbrtu.c
                  __tmp_0   0x000014       data     static C:\Sagar\Repository\MODBUS_MMD_18F4620\source\rtc_driver.c
                  __tmp_0   0x000014       data     static C:\Sagar\Repository\MODBUS_MMD_18F4620\source\i2c_driver.c
                  __tmp_0   0x000014       data     static C:\Sagar\Repository\MODBUS_MMD_18F4620\modbus\functions\mbutils.c
                  __tmp_0   0x000014       data     static C:\Sagar\Repository\MODBUS_MMD_18F4620\modbus\functions\mbfuncother.c
                  __tmp_0   0x000014       data     static C:\Sagar\Repository\MODBUS_MMD_18F4620\modbus\functions\mbfuncinput.c
                  __tmp_0   0x000014       data     static C:\Sagar\Repository\MODBUS_MMD_18F4620\modbus\functions\mbfunccoils.c
                  __tmp_0   0x000014       data     static C:\Sagar\Repository\MODBUS_MMD_18F4620\modbus\functions\mbfuncholding.c
                  __tmp_0   0x000014       data     static C:\Sagar\Repository\MODBUS_MMD_18F4620\modbus\functions\mbfuncdisc.c
                      app   0x00026a       data     extern C:\Sagar\Repository\MODBUS_MMD_18F4620\source\app.c
           comUpdateCount   0x000335       data     extern C:\Sagar\Repository\MODBUS_MMD_18F4620\source\timer.c
                curr_byte   0x00034d       data     static E:\c18v3.46\pic18-lt\cxx-framework\src\traditional\startup\c018i.c
               curr_entry   0x00034f       data     static E:\c18v3.46\pic18-lt\cxx-framework\src\traditional\startup\c018i.c
                     data   0x000298       data     extern C:\Sagar\Repository\MODBUS_MMD_18F4620\source\app.c
                 data_ptr   0x000351       data     static E:\c18v3.46\pic18-lt\cxx-framework\src\traditional\startup\c018i.c
               eException   0x0001dc       data     static C:\Sagar\Repository\MODBUS_MMD_18F4620\modbus\mb.c
           eMBCurrentMode   0x0001b7       data     static C:\Sagar\Repository\MODBUS_MMD_18F4620\modbus\mb.c
                 eMBState   0x0002bf       data     static C:\Sagar\Repository\MODBUS_MMD_18F4620\modbus\mb.c
             eQueuedEvent   0x000356       data     static C:\Sagar\Repository\MODBUS_MMD_18F4620\modbus\portevent.c
                eRcvState   0x000359       data     static C:\Sagar\Repository\MODBUS_MMD_18F4620\modbus\rtu\mbrtu.c
                eSndState   0x000358       data     static C:\Sagar\Repository\MODBUS_MMD_18F4620\modbus\rtu\mbrtu.c
           heartBeatCount   0x00032f       data     extern C:\Sagar\Repository\MODBUS_MMD_18F4620\source\timer.c
                 iSRState   0x0001b5       data     extern C:\Sagar\Repository\MODBUS_MMD_18F4620\source\MMD.c
       keypadUpdate_count   0x000333       data     extern C:\Sagar\Repository\MODBUS_MMD_18F4620\source\timer.c
                 ledState   0x00035a       data     static C:\Sagar\Repository\MODBUS_MMD_18F4620\source\board.c
                 ledState   0x00035b       data     extern C:\Sagar\Repository\MODBUS_MMD_18F4620\source\heartBeat.c
                mmdConfig   0x000292       data     extern C:\Sagar\Repository\MODBUS_MMD_18F4620\source\app.c
               mmdSegment   0x000100       data     extern C:\Sagar\Repository\MODBUS_MMD_18F4620\source\MMD.c
           mmdUpdateCount   0x000337       data     extern C:\Sagar\Repository\MODBUS_MMD_18F4620\source\timer.c
      peMBFrameReceiveCur   0x0001c1       data     static C:\Sagar\Repository\MODBUS_MMD_18F4620\modbus\mb.c
         peMBFrameSendCur   0x0001b8       data     static C:\Sagar\Repository\MODBUS_MMD_18F4620\modbus\mb.c
                  prevSec   0x000326       data     static C:\Sagar\Repository\MODBUS_MMD_18F4620\source\rtc_driver.c
                     prom   0x00034a       data     static E:\c18v3.46\pic18-lt\cxx-framework\src\traditional\startup\c018i.c
          pucSndBufferCur   0x000264       data     static C:\Sagar\Repository\MODBUS_MMD_18F4620\modbus\rtu\mbrtu.c
        pvMBFrameCloseCur   0x0001c4       data     static C:\Sagar\Repository\MODBUS_MMD_18F4620\modbus\mb.c
        pvMBFrameStartCur   0x0001bb       data     static C:\Sagar\Repository\MODBUS_MMD_18F4620\modbus\mb.c
         pvMBFrameStopCur   0x0001be       data     static C:\Sagar\Repository\MODBUS_MMD_18F4620\modbus\mb.c
  pxMBFrameCBByteReceived   0x0001c7       data     extern C:\Sagar\Repository\MODBUS_MMD_18F4620\modbus\mb.c
 pxMBFrameCBReceiveFSMCur   0x0001d0       data     extern C:\Sagar\Repository\MODBUS_MMD_18F4620\modbus\mb.c
pxMBFrameCBTransmitFSMCur   0x0001d3       data     extern C:\Sagar\Repository\MODBUS_MMD_18F4620\modbus\mb.c
pxMBFrameCBTransmitterEmpty   0x0001ca       data     extern C:\Sagar\Repository\MODBUS_MMD_18F4620\modbus\mb.c
   pxMBPortCBTimerExpired   0x0001cd       data     extern C:\Sagar\Repository\MODBUS_MMD_18F4620\modbus\mb.c
                   reload   0x000354       data     extern C:\Sagar\Repository\MODBUS_MMD_18F4620\modbus\porttimer.c
                stRtcRegs   0x000341       data     extern C:\Sagar\Repository\MODBUS_MMD_18F4620\source\rtc_driver.c
                      tmr   0x000327       data     extern C:\Sagar\Repository\MODBUS_MMD_18F4620\source\timer.c
           ucFunctionCode   0x0001d9       data     static C:\Sagar\Repository\MODBUS_MMD_18F4620\modbus\mb.c
              ucMBAddress   0x0001b6       data     static C:\Sagar\Repository\MODBUS_MMD_18F4620\modbus\mb.c
                ucMBFrame   0x0001d6       data     static C:\Sagar\Repository\MODBUS_MMD_18F4620\modbus\mb.c
              ucMBSlaveID   0x0001dd       data     static C:\Sagar\Repository\MODBUS_MMD_18F4620\modbus\functions\mbfuncother.c
                 ucRTUBuf   0x000200       data     extern C:\Sagar\Repository\MODBUS_MMD_18F4620\modbus\rtu\mbrtu.c
             ucRcvAddress   0x0001d8       data     static C:\Sagar\Repository\MODBUS_MMD_18F4620\modbus\mb.c
                 usLength   0x0001da       data     static C:\Sagar\Repository\MODBUS_MMD_18F4620\modbus\mb.c
           usMBSlaveIDLen   0x0001fd       data     static C:\Sagar\Repository\MODBUS_MMD_18F4620\modbus\functions\mbfuncother.c
           usRcvBufferPos   0x000268       data     static C:\Sagar\Repository\MODBUS_MMD_18F4620\modbus\rtu\mbrtu.c
         usSndBufferCount   0x000266       data     static C:\Sagar\Repository\MODBUS_MMD_18F4620\modbus\rtu\mbrtu.c
            xEventInQueue   0x000357       data     static C:\Sagar\Repository\MODBUS_MMD_18F4620\modbus\portevent.c
            xFuncHandlers   0x0002c0       data     static C:\Sagar\Repository\MODBUS_MMD_18F4620\modbus\mb.c



                              Symbols - Sorted by Address
                     Name    Address   Location    Storage File                     
                ---------  ---------  ---------  --------- ---------                
                   _entry   0x000000    program     extern E:\c18v3.46\pic18-lt\cxx-framework\src\traditional\startup\c018i.c
       ___return_lbl00000   0x000004    program     static                          
           high_interrupt   0x000008    program     extern C:\Sagar\Repository\MODBUS_MMD_18F4620\source\interruptvector.c
           ___if_lbl00001   0x000010    program     static                          
           ___if_lbl00002   0x000018    program     static                          
           ___if_lbl00003   0x000020    program     static                          
           ___if_lbl00004   0x000028    program     static                          
       ___return_lbl00000   0x000028    program     static                          
         EnableInterrupts   0x00002a    program     extern C:\Sagar\Repository\MODBUS_MMD_18F4620\source\interruptvector.c
                   getBit   0x00009c    program     static C:\Sagar\Repository\MODBUS_MMD_18F4620\source\MMD.c
                   setBit   0x0000dc    program     static C:\Sagar\Repository\MODBUS_MMD_18F4620\source\MMD.c
                 clearBit   0x000112    program     static C:\Sagar\Repository\MODBUS_MMD_18F4620\source\MMD.c
                 MMD_init   0x00014a    program     extern C:\Sagar\Repository\MODBUS_MMD_18F4620\source\MMD.c
        MMD_configSegment   0x0003b0    program     extern C:\Sagar\Repository\MODBUS_MMD_18F4620\source\MMD.c
       MMD_setScrollSpeed   0x000c02    program     extern C:\Sagar\Repository\MODBUS_MMD_18F4620\source\MMD.c
         MMD_changeSymbol   0x000c5a    program     extern C:\Sagar\Repository\MODBUS_MMD_18F4620\source\MMD.c
         MMD_clearSegment   0x000e28    program     extern C:\Sagar\Repository\MODBUS_MMD_18F4620\source\MMD.c
                 MMD_task   0x00106a    program     extern C:\Sagar\Repository\MODBUS_MMD_18F4620\source\MMD.c
       MMD_refreshDisplay   0x00180a    program     extern C:\Sagar\Repository\MODBUS_MMD_18F4620\source\MMD.c
       WriteDataToDisplay   0x001a7e    program     extern C:\Sagar\Repository\MODBUS_MMD_18F4620\source\MMD.c
                  Int2Day   0x001ace    program     extern C:\Sagar\Repository\MODBUS_MMD_18F4620\source\rtc_driver.c
       ReadRtcTimeAndDate   0x001b06    program     extern C:\Sagar\Repository\MODBUS_MMD_18F4620\source\rtc_driver.c
      WriteRtcTimeAndDate   0x001c56    program     extern C:\Sagar\Repository\MODBUS_MMD_18F4620\source\rtc_driver.c
              SetHourMode   0x001d62    program     extern C:\Sagar\Repository\MODBUS_MMD_18F4620\source\rtc_driver.c
  ConvertTime24to12Format   0x001dcc    program     extern C:\Sagar\Repository\MODBUS_MMD_18F4620\source\rtc_driver.c
  ConvertTime12to24Format   0x001f5c    program     extern C:\Sagar\Repository\MODBUS_MMD_18F4620\source\rtc_driver.c
  ConvertHour12to24Format   0x0020b6    program     extern C:\Sagar\Repository\MODBUS_MMD_18F4620\source\rtc_driver.c
          StoreSystemTime   0x00211c    program     extern C:\Sagar\Repository\MODBUS_MMD_18F4620\source\rtc_driver.c
          StoreSystemDate   0x002212    program     extern C:\Sagar\Repository\MODBUS_MMD_18F4620\source\rtc_driver.c
           StoreSystemDay   0x00230a    program     extern C:\Sagar\Repository\MODBUS_MMD_18F4620\source\rtc_driver.c
                 RTC_Init   0x002342    program     extern C:\Sagar\Repository\MODBUS_MMD_18F4620\source\rtc_driver.c
                 RTC_Task   0x002396    program     extern C:\Sagar\Repository\MODBUS_MMD_18F4620\source\rtc_driver.c
               RTC_getDay   0x0023ba    program     extern C:\Sagar\Repository\MODBUS_MMD_18F4620\source\rtc_driver.c
             RTC_getMonth   0x0023c2    program     extern C:\Sagar\Repository\MODBUS_MMD_18F4620\source\rtc_driver.c
              RTC_getDate   0x0023ca    program     extern C:\Sagar\Repository\MODBUS_MMD_18F4620\source\rtc_driver.c
              RTC_getHour   0x0023d2    program     extern C:\Sagar\Repository\MODBUS_MMD_18F4620\source\rtc_driver.c
            RTC_getMinute   0x0023da    program     extern C:\Sagar\Repository\MODBUS_MMD_18F4620\source\rtc_driver.c
            RTC_getSecond   0x0023e2    program     extern C:\Sagar\Repository\MODBUS_MMD_18F4620\source\rtc_driver.c
       RTC_getMinuteOfDay   0x0023ea    program     extern C:\Sagar\Repository\MODBUS_MMD_18F4620\source\rtc_driver.c
            RTC_getDayStr   0x00240e    program     extern C:\Sagar\Repository\MODBUS_MMD_18F4620\source\rtc_driver.c
[...]
                     DDRD   0x000f95       data     extern E:\c18v3.46\pic18-lt\cxx-framework\src\traditional\proc\p18f4520.asm
                    TRISD   0x000f95       data     extern E:\c18v3.46\pic18-lt\cxx-framework\src\traditional\proc\p18f4520.asm
                TRISDbits   0x000f95       data     extern E:\c18v3.46\pic18-lt\cxx-framework\src\traditional\proc\p18f4520.asm
                    TRISE   0x000f96       data     extern E:\c18v3.46\pic18-lt\cxx-framework\src\traditional\proc\p18f4520.asm
                TRISEbits   0x000f96       data     extern E:\c18v3.46\pic18-lt\cxx-framework\src\traditional\proc\p18f4520.asm
                     DDRE   0x000f96       data     extern E:\c18v3.46\pic18-lt\cxx-framework\src\traditional\proc\p18f4520.asm
                 DDREbits   0x000f96       data     extern E:\c18v3.46\pic18-lt\cxx-framework\src\traditional\proc\p18f4520.asm
                  OSCTUNE   0x000f9b       data     extern E:\c18v3.46\pic18-lt\cxx-framework\src\traditional\proc\p18f4520.asm
              OSCTUNEbits   0x000f9b       data     extern E:\c18v3.46\pic18-lt\cxx-framework\src\traditional\proc\p18f4520.asm
                 PIE1bits   0x000f9d       data     extern E:\c18v3.46\pic18-lt\cxx-framework\src\traditional\proc\p18f4520.asm
                     PIE1   0x000f9d       data     extern E:\c18v3.46\pic18-lt\cxx-framework\src\traditional\proc\p18f4520.asm
                     PIR1   0x000f9e       data     extern E:\c18v3.46\pic18-lt\cxx-framework\src\traditional\proc\p18f4520.asm
                 PIR1bits   0x000f9e       data     extern E:\c18v3.46\pic18-lt\cxx-framework\src\traditional\proc\p18f4520.asm
                     IPR1   0x000f9f       data     extern E:\c18v3.46\pic18-lt\cxx-framework\src\traditional\proc\p18f4520.asm
                 IPR1bits   0x000f9f       data     extern E:\c18v3.46\pic18-lt\cxx-framework\src\traditional\proc\p18f4520.asm
                     PIE2   0x000fa0       data     extern E:\c18v3.46\pic18-lt\cxx-framework\src\traditional\proc\p18f4520.asm
                 PIE2bits   0x000fa0       data     extern E:\c18v3.46\pic18-lt\cxx-framework\src\traditional\proc\p18f4520.asm
                     PIR2   0x000fa1       data     extern E:\c18v3.46\pic18-lt\cxx-framework\src\traditional\proc\p18f4520.asm
                 PIR2bits   0x000fa1       data     extern E:\c18v3.46\pic18-lt\cxx-framework\src\traditional\proc\p18f4520.asm
                     IPR2   0x000fa2       data     extern E:\c18v3.46\pic18-lt\cxx-framework\src\traditional\proc\p18f4520.asm
                 IPR2bits   0x000fa2       data     extern E:\c18v3.46\pic18-lt\cxx-framework\src\traditional\proc\p18f4520.asm
                   EECON1   0x000fa6       data     extern E:\c18v3.46\pic18-lt\cxx-framework\src\traditional\proc\p18f4520.asm
               EECON1bits   0x000fa6       data     extern E:\c18v3.46\pic18-lt\cxx-framework\src\traditional\proc\p18f4520.asm
                   EECON2   0x000fa7       data     extern E:\c18v3.46\pic18-lt\cxx-framework\src\traditional\proc\p18f4520.asm
                   EEDATA   0x000fa8       data     extern E:\c18v3.46\pic18-lt\cxx-framework\src\traditional\proc\p18f4520.asm
                    EEADR   0x000fa9       data     extern E:\c18v3.46\pic18-lt\cxx-framework\src\traditional\proc\p18f4520.asm
                RCSTAbits   0x000fab       data     extern E:\c18v3.46\pic18-lt\cxx-framework\src\traditional\proc\p18f4520.asm
                    RCSTA   0x000fab       data     extern E:\c18v3.46\pic18-lt\cxx-framework\src\traditional\proc\p18f4520.asm
                TXSTAbits   0x000fac       data     extern E:\c18v3.46\pic18-lt\cxx-framework\src\traditional\proc\p18f4520.asm
                    TXSTA   0x000fac       data     extern E:\c18v3.46\pic18-lt\cxx-framework\src\traditional\proc\p18f4520.asm
                    TXREG   0x000fad       data     extern E:\c18v3.46\pic18-lt\cxx-framework\src\traditional\proc\p18f4520.asm
                    RCREG   0x000fae       data     extern E:\c18v3.46\pic18-lt\cxx-framework\src\traditional\proc\p18f4520.asm
                    SPBRG   0x000faf       data     extern E:\c18v3.46\pic18-lt\cxx-framework\src\traditional\proc\p18f4520.asm
                   SPBRGH   0x000fb0       data     extern E:\c18v3.46\pic18-lt\cxx-framework\src\traditional\proc\p18f4520.asm
                    T3CON   0x000fb1       data     extern E:\c18v3.46\pic18-lt\cxx-framework\src\traditional\proc\p18f4520.asm
                T3CONbits   0x000fb1       data     extern E:\c18v3.46\pic18-lt\cxx-framework\src\traditional\proc\p18f4520.asm
                    TMR3L   0x000fb2       data     extern E:\c18v3.46\pic18-lt\cxx-framework\src\traditional\proc\p18f4520.asm
                    TMR3H   0x000fb3       data     extern E:\c18v3.46\pic18-lt\cxx-framework\src\traditional\proc\p18f4520.asm
                    CMCON   0x000fb4       data     extern E:\c18v3.46\pic18-lt\cxx-framework\src\traditional\proc\p18f4520.asm
                CMCONbits   0x000fb4       data     extern E:\c18v3.46\pic18-lt\cxx-framework\src\traditional\proc\p18f4520.asm
                   CVRCON   0x000fb5       data     extern E:\c18v3.46\pic18-lt\cxx-framework\src\traditional\proc\p18f4520.asm
               CVRCONbits   0x000fb5       data     extern E:\c18v3.46\pic18-lt\cxx-framework\src\traditional\proc\p18f4520.asm
               ECCPASbits   0x000fb6       data     extern E:\c18v3.46\pic18-lt\cxx-framework\src\traditional\proc\p18f4520.asm
                   ECCPAS   0x000fb6       data     extern E:\c18v3.46\pic18-lt\cxx-framework\src\traditional\proc\p18f4520.asm
                  ECCP1AS   0x000fb6       data     extern E:\c18v3.46\pic18-lt\cxx-framework\src\traditional\proc\p18f4520.asm
              ECCP1ASbits   0x000fb6       data     extern E:\c18v3.46\pic18-lt\cxx-framework\src\traditional\proc\p18f4520.asm
                 ECCP1DEL   0x000fb7       data     extern E:\c18v3.46\pic18-lt\cxx-framework\src\traditional\proc\p18f4520.asm
             ECCP1DELbits   0x000fb7       data     extern E:\c18v3.46\pic18-lt\cxx-framework\src\traditional\proc\p18f4520.asm
                  PWM1CON   0x000fb7       data     extern E:\c18v3.46\pic18-lt\cxx-framework\src\traditional\proc\p18f4520.asm
              PWM1CONbits   0x000fb7       data     extern E:\c18v3.46\pic18-lt\cxx-framework\src\traditional\proc\p18f4520.asm
                  BAUDCTL   0x000fb8       data     extern E:\c18v3.46\pic18-lt\cxx-framework\src\traditional\proc\p18f4520.asm
              BAUDCONbits   0x000fb8       data     extern E:\c18v3.46\pic18-lt\cxx-framework\src\traditional\proc\p18f4520.asm
                  BAUDCON   0x000fb8       data     extern E:\c18v3.46\pic18-lt\cxx-framework\src\traditional\proc\p18f4520.asm
              BAUDCTLbits   0x000fb8       data     extern E:\c18v3.46\pic18-lt\cxx-framework\src\traditional\proc\p18f4520.asm
              CCP2CONbits   0x000fba       data     extern E:\c18v3.46\pic18-lt\cxx-framework\src\traditional\proc\p18f4520.asm
                  CCP2CON   0x000fba       data     extern E:\c18v3.46\pic18-lt\cxx-framework\src\traditional\proc\p18f4520.asm
                    CCPR2   0x000fbb       data     extern E:\c18v3.46\pic18-lt\cxx-framework\src\traditional\proc\p18f4520.asm
                   CCPR2L   0x000fbb       data     extern E:\c18v3.46\pic18-lt\cxx-framework\src\traditional\proc\p18f4520.asm
                   CCPR2H   0x000fbc       data     extern E:\c18v3.46\pic18-lt\cxx-framework\src\traditional\proc\p18f4520.asm
                  CCP1CON   0x000fbd       data     extern E:\c18v3.46\pic18-lt\cxx-framework\src\traditional\proc\p18f4520.asm
              CCP1CONbits   0x000fbd       data     extern E:\c18v3.46\pic18-lt\cxx-framework\src\traditional\proc\p18f4520.asm
                    CCPR1   0x000fbe       data     extern E:\c18v3.46\pic18-lt\cxx-framework\src\traditional\proc\p18f4520.asm
                   CCPR1L   0x000fbe       data     extern E:\c18v3.46\pic18-lt\cxx-framework\src\traditional\proc\p18f4520.asm
                   CCPR1H   0x000fbf       data     extern E:\c18v3.46\pic18-lt\cxx-framework\src\traditional\proc\p18f4520.asm
               ADCON2bits   0x000fc0       data     extern E:\c18v3.46\pic18-lt\cxx-framework\src\traditional\proc\p18f4520.asm
                   ADCON2   0x000fc0       data     extern E:\c18v3.46\pic18-lt\cxx-framework\src\traditional\proc\p18f4520.asm
               ADCON1bits   0x000fc1       data     extern E:\c18v3.46\pic18-lt\cxx-framework\src\traditional\proc\p18f4520.asm
                   ADCON1   0x000fc1       data     extern E:\c18v3.46\pic18-lt\cxx-framework\src\traditional\proc\p18f4520.asm
                   ADCON0   0x000fc2       data     extern E:\c18v3.46\pic18-lt\cxx-framework\src\traditional\proc\p18f4520.asm
               ADCON0bits   0x000fc2       data     extern E:\c18v3.46\pic18-lt\cxx-framework\src\traditional\proc\p18f4520.asm
                    ADRES   0x000fc3       data     extern E:\c18v3.46\pic18-lt\cxx-framework\src\traditional\proc\p18f4520.asm
                   ADRESL   0x000fc3       data     extern E:\c18v3.46\pic18-lt\cxx-framework\src\traditional\proc\p18f4520.asm
                   ADRESH   0x000fc4       data     extern E:\c18v3.46\pic18-lt\cxx-framework\src\traditional\proc\p18f4520.asm
                  SSPCON2   0x000fc5       data     extern E:\c18v3.46\pic18-lt\cxx-framework\src\traditional\proc\p18f4520.asm
              SSPCON2bits   0x000fc5       data     extern E:\c18v3.46\pic18-lt\cxx-framework\src\traditional\proc\p18f4520.asm
                  SSPCON1   0x000fc6       data     extern E:\c18v3.46\pic18-lt\cxx-framework\src\traditional\proc\p18f4520.asm
              SSPCON1bits   0x000fc6       data     extern E:\c18v3.46\pic18-lt\cxx-framework\src\traditional\proc\p18f4520.asm
                  SSPSTAT   0x000fc7       data     extern E:\c18v3.46\pic18-lt\cxx-framework\src\traditional\proc\p18f4520.asm
              SSPSTATbits   0x000fc7       data     extern E:\c18v3.46\pic18-lt\cxx-framework\src\traditional\proc\p18f4520.asm
                   SSPADD   0x000fc8       data     extern E:\c18v3.46\pic18-lt\cxx-framework\src\traditional\proc\p18f4520.asm
                   SSPBUF   0x000fc9       data     extern E:\c18v3.46\pic18-lt\cxx-framework\src\traditional\proc\p18f4520.asm
                    T2CON   0x000fca       data     extern E:\c18v3.46\pic18-lt\cxx-framework\src\traditional\proc\p18f4520.asm
                T2CONbits   0x000fca       data     extern E:\c18v3.46\pic18-lt\cxx-framework\src\traditional\proc\p18f4520.asm
                      PR2   0x000fcb       data     extern E:\c18v3.46\pic18-lt\cxx-framework\src\traditional\proc\p18f4520.asm
                     TMR2   0x000fcc       data     extern E:\c18v3.46\pic18-lt\cxx-framework\src\traditional\proc\p18f4520.asm
                T1CONbits   0x000fcd       data     extern E:\c18v3.46\pic18-lt\cxx-framework\src\traditional\proc\p18f4520.asm
                    T1CON   0x000fcd       data     extern E:\c18v3.46\pic18-lt\cxx-framework\src\traditional\proc\p18f4520.asm
                    TMR1L   0x000fce       data     extern E:\c18v3.46\pic18-lt\cxx-framework\src\traditional\proc\p18f4520.asm
                    TMR1H   0x000fcf       data     extern E:\c18v3.46\pic18-lt\cxx-framework\src\traditional\proc\p18f4520.asm
                     RCON   0x000fd0       data     extern E:\c18v3.46\pic18-lt\cxx-framework\src\traditional\proc\p18f4520.asm
                 RCONbits   0x000fd0       data     extern E:\c18v3.46\pic18-lt\cxx-framework\src\traditional\proc\p18f4520.asm
               WDTCONbits   0x000fd1       data     extern E:\c18v3.46\pic18-lt\cxx-framework\src\traditional\proc\p18f4520.asm
                   WDTCON   0x000fd1       data     extern E:\c18v3.46\pic18-lt\cxx-framework\src\traditional\proc\p18f4520.asm
               LVDCONbits   0x000fd2       data     extern E:\c18v3.46\pic18-lt\cxx-framework\src\traditional\proc\p18f4520.asm
                   LVDCON   0x000fd2       data     extern E:\c18v3.46\pic18-lt\cxx-framework\src\traditional\proc\p18f4520.asm
              HLVDCONbits   0x000fd2       data     extern E:\c18v3.46\pic18-lt\cxx-framework\src\traditional\proc\p18f4520.asm
                  HLVDCON   0x000fd2       data     extern E:\c18v3.46\pic18-lt\cxx-framework\src\traditional\proc\p18f4520.asm
               OSCCONbits   0x000fd3       data     extern E:\c18v3.46\pic18-lt\cxx-framework\src\traditional\proc\p18f4520.asm
                   OSCCON   0x000fd3       data     extern E:\c18v3.46\pic18-lt\cxx-framework\src\traditional\proc\p18f4520.asm
                T0CONbits   0x000fd5       data     extern E:\c18v3.46\pic18-lt\cxx-framework\src\traditional\proc\p18f4520.asm
                    T0CON   0x000fd5       data     extern E:\c18v3.46\pic18-lt\cxx-framework\src\traditional\proc\p18f4520.asm
                    TMR0L   0x000fd6       data     extern E:\c18v3.46\pic18-lt\cxx-framework\src\traditional\proc\p18f4520.asm
                    TMR0H   0x000fd7       data     extern E:\c18v3.46\pic18-lt\cxx-framework\src\traditional\proc\p18f4520.asm
                   STATUS   0x000fd8       data     extern E:\c18v3.46\pic18-lt\cxx-framework\src\traditional\proc\p18f4520.asm
               STATUSbits   0x000fd8       data     extern E:\c18v3.46\pic18-lt\cxx-framework\src\traditional\proc\p18f4520.asm
                     FSR2   0x000fd9       data     extern E:\c18v3.46\pic18-lt\cxx-framework\src\traditional\proc\p18f4520.asm
                    FSR2L   0x000fd9       data     extern E:\c18v3.46\pic18-lt\cxx-framework\src\traditional\proc\p18f4520.asm
                    FSR2H   0x000fda       data     extern E:\c18v3.46\pic18-lt\cxx-framework\src\traditional\proc\p18f4520.asm
                   PLUSW2   0x000fdb       data     extern E:\c18v3.46\pic18-lt\cxx-framework\src\traditional\proc\p18f4520.asm
                  PREINC2   0x000fdc       data     extern E:\c18v3.46\pic18-lt\cxx-framework\src\traditional\proc\p18f4520.asm
                 POSTDEC2   0x000fdd       data     extern E:\c18v3.46\pic18-lt\cxx-framework\src\traditional\proc\p18f4520.asm
                 POSTINC2   0x000fde       data     extern E:\c18v3.46\pic18-lt\cxx-framework\src\traditional\proc\p18f4520.asm
                    INDF2   0x000fdf       data     extern E:\c18v3.46\pic18-lt\cxx-framework\src\traditional\proc\p18f4520.asm
                      BSR   0x000fe0       data     extern E:\c18v3.46\pic18-lt\cxx-framework\src\traditional\proc\p18f4520.asm
                     FSR1   0x000fe1       data     extern E:\c18v3.46\pic18-lt\cxx-framework\src\traditional\proc\p18f4520.asm
                    FSR1L   0x000fe1       data     extern E:\c18v3.46\pic18-lt\cxx-framework\src\traditional\proc\p18f4520.asm
                    FSR1H   0x000fe2       data     extern E:\c18v3.46\pic18-lt\cxx-framework\src\traditional\proc\p18f4520.asm
                   PLUSW1   0x000fe3       data     extern E:\c18v3.46\pic18-lt\cxx-framework\src\traditional\proc\p18f4520.asm
                  PREINC1   0x000fe4       data     extern E:\c18v3.46\pic18-lt\cxx-framework\src\traditional\proc\p18f4520.asm
                 POSTDEC1   0x000fe5       data     extern E:\c18v3.46\pic18-lt\cxx-framework\src\traditional\proc\p18f4520.asm
                 POSTINC1   0x000fe6       data     extern E:\c18v3.46\pic18-lt\cxx-framework\src\traditional\proc\p18f4520.asm
                    INDF1   0x000fe7       data     extern E:\c18v3.46\pic18-lt\cxx-framework\src\traditional\proc\p18f4520.asm
                        W   0x000fe8       data     extern E:\c18v3.46\pic18-lt\cxx-framework\src\traditional\proc\p18f4520.asm
                     WREG   0x000fe8       data     extern E:\c18v3.46\pic18-lt\cxx-framework\src\traditional\proc\p18f4520.asm
                    FSR0L   0x000fe9       data     extern E:\c18v3.46\pic18-lt\cxx-framework\src\traditional\proc\p18f4520.asm
                     FSR0   0x000fe9       data     extern E:\c18v3.46\pic18-lt\cxx-framework\src\traditional\proc\p18f4520.asm
                    FSR0H   0x000fea       data     extern E:\c18v3.46\pic18-lt\cxx-framework\src\traditional\proc\p18f4520.asm
                   PLUSW0   0x000feb       data     extern E:\c18v3.46\pic18-lt\cxx-framework\src\traditional\proc\p18f4520.asm
                  PREINC0   0x000fec       data     extern E:\c18v3.46\pic18-lt\cxx-framework\src\traditional\proc\p18f4520.asm
                 POSTDEC0   0x000fed       data     extern E:\c18v3.46\pic18-lt\cxx-framework\src\traditional\proc\p18f4520.asm
                 POSTINC0   0x000fee       data     extern E:\c18v3.46\pic18-lt\cxx-framework\src\traditional\proc\p18f4520.asm
                    INDF0   0x000fef       data     extern E:\c18v3.46\pic18-lt\cxx-framework\src\traditional\proc\p18f4520.asm
              INTCON3bits   0x000ff0       data     extern E:\c18v3.46\pic18-lt\cxx-framework\src\traditional\proc\p18f4520.asm
                  INTCON3   0x000ff0       data     extern E:\c18v3.46\pic18-lt\cxx-framework\src\traditional\proc\p18f4520.asm
                  INTCON2   0x000ff1       data     extern E:\c18v3.46\pic18-lt\cxx-framework\src\traditional\proc\p18f4520.asm
              INTCON2bits   0x000ff1       data     extern E:\c18v3.46\pic18-lt\cxx-framework\src\traditional\proc\p18f4520.asm
                   INTCON   0x000ff2       data     extern E:\c18v3.46\pic18-lt\cxx-framework\src\traditional\proc\p18f4520.asm
               INTCONbits   0x000ff2       data     extern E:\c18v3.46\pic18-lt\cxx-framework\src\traditional\proc\p18f4520.asm
                     PROD   0x000ff3       data     extern E:\c18v3.46\pic18-lt\cxx-framework\src\traditional\proc\p18f4520.asm
                    PRODL   0x000ff3       data     extern E:\c18v3.46\pic18-lt\cxx-framework\src\traditional\proc\p18f4520.asm
                    PRODH   0x000ff4       data     extern E:\c18v3.46\pic18-lt\cxx-framework\src\traditional\proc\p18f4520.asm
                   TABLAT   0x000ff5       data     extern E:\c18v3.46\pic18-lt\cxx-framework\src\traditional\proc\p18f4520.asm
                  TBLPTRL   0x000ff6       data     extern E:\c18v3.46\pic18-lt\cxx-framework\src\traditional\proc\p18f4520.asm
                   TBLPTR   0x000ff6       data     extern E:\c18v3.46\pic18-lt\cxx-framework\src\traditional\proc\p18f4520.asm
                  TBLPTRH   0x000ff7       data     extern E:\c18v3.46\pic18-lt\cxx-framework\src\traditional\proc\p18f4520.asm
                  TBLPTRU   0x000ff8       data     extern E:\c18v3.46\pic18-lt\cxx-framework\src\traditional\proc\p18f4520.asm
                       PC   0x000ff9       data     extern E:\c18v3.46\pic18-lt\cxx-framework\src\traditional\proc\p18f4520.asm
                      PCL   0x000ff9       data     extern E:\c18v3.46\pic18-lt\cxx-framework\src\traditional\proc\p18f4520.asm
                   PCLATH   0x000ffa       data     extern E:\c18v3.46\pic18-lt\cxx-framework\src\traditional\proc\p18f4520.asm
                   PCLATU   0x000ffb       data     extern E:\c18v3.46\pic18-lt\cxx-framework\src\traditional\proc\p18f4520.asm
                   STKPTR   0x000ffc       data     extern E:\c18v3.46\pic18-lt\cxx-framework\src\traditional\proc\p18f4520.asm
               STKPTRbits   0x000ffc       data     extern E:\c18v3.46\pic18-lt\cxx-framework\src\traditional\proc\p18f4520.asm
                      TOS   0x000ffd       data     extern E:\c18v3.46\pic18-lt\cxx-framework\src\traditional\proc\p18f4520.asm
                     TOSL   0x000ffd       data     extern E:\c18v3.46\pic18-lt\cxx-framework\src\traditional\proc\p18f4520.asm
                     TOSH   0x000ffe       data     extern E:\c18v3.46\pic18-lt\cxx-framework\src\traditional\proc\p18f4520.asm
                     TOSU   0x000fff       data     extern E:\c18v3.46\pic18-lt\cxx-framework\src\traditional\proc\p18f4520.asm


