MPLINK 4.48, Linker
Linker Map File - Created Tue Feb 03 19:04:33 2015

                                 Section Info
                  Section       Type    Address   Location Size(Bytes)
                ---------  ---------  ---------  ---------  ---------
               _entry_scn       code   0x000000    program   0x000006
           .code___init.o       code   0x000006    program   0x000002
              high_vector       code   0x000008    program   0x00002a
                   .cinit    romdata   0x000032    program   0x000062
              .code_MMD.o       code   0x000094    program   0x001a8e
    .code_mbfuncholding.o       code   0x001b22    program   0x00090e
      .code_mbfunccoils.o       code   0x002430    program   0x000612
               .code_mb.o       code   0x002a42    program   0x000606
            .code_mbrtu.o       code   0x003048    program   0x000510
           .romdata_MMD.o    romdata   0x003558    program   0x0003b8
          .code_mbutils.o       code   0x003910    program   0x0003a4
       .code_portserial.o       code   0x003cb4    program   0x0002c8
       .code_mbfuncdisc.o       code   0x003f7c    program   0x000270
      .code_mbfuncinput.o       code   0x0041ec    program   0x000258
              .code_app.o       code   0x004444    program   0x000242
            .code_timer.o       code   0x004686    program   0x000218
         .romdata_mbcrc.o    romdata   0x00489e    program   0x000200
             .code_main.o       code   0x004a9e    program   0x0001a6
            .code_board.o       code   0x004c44    program   0x000178
      .code_mbfuncother.o       code   0x004dbc    program   0x000166
            .code_mbcrc.o       code   0x004f22    program   0x0000fc
        .code_porttimer.o       code   0x00501e    program   0x0000f6
                   STRING       code   0x005114    program   0x0000a6
               _cinit_scn       code   0x0051ba    program   0x00009e
            .code_uopen.o       code   0x005258    program   0x00008a
        .code_portevent.o       code   0x0052e2    program   0x000060
         .code_fxd3232u.o       code   0x005342    program   0x000048
           .code_t3open.o       code   0x00538a    program   0x000042
           .code_t1open.o       code   0x0053cc    program   0x000042
            .code_uread.o       code   0x00540e    program   0x00003e
                     PROG       code   0x00544c    program   0x00003c
          .code_t3write.o       code   0x005488    program   0x000038
          .code_t1write.o       code   0x0054c0    program   0x000038
          .code_t0write.o       code   0x0054f8    program   0x000038
           .code_t0open.o       code   0x005530    program   0x000038
         .code_fxd1616u.o       code   0x005568    program   0x00002c
                    .code       code   0x005594    program   0x000020
             _startup_scn       code   0x0055b4    program   0x00001c
        .code_heartBeat.o       code   0x0055d0    program   0x00001a
              D10TCYXCODE       code   0x0055ea    program   0x000016
               mmd_data_i    romdata   0x005600    program   0x0000b5
               APP_DATA_i    romdata   0x0056b5    program   0x00001a
   .romdata_mbfunccoils.o    romdata   0x0056cf    program   0x000000
       .romdata_t3write.o    romdata   0x0056cf    program   0x000000
       .romdata_t1write.o    romdata   0x0056cf    program   0x000000
    .romdata_mbfuncdisc.o    romdata   0x0056cf    program   0x000000
       .romdata_t0write.o    romdata   0x0056cf    program   0x000000
         .romdata_udefs.o    romdata   0x0056cf    program   0x000000
 .romdata_mbfuncholding.o    romdata   0x0056cf    program   0x000000
         .idata_udefs.o_i    romdata   0x0056cf    program   0x000000
   .romdata_mbfuncinput.o    romdata   0x0056cf    program   0x000000
         .romdata_uread.o    romdata   0x0056cf    program   0x000000
         .idata_uread.o_i    romdata   0x0056cf    program   0x000000
   .romdata_mbfuncother.o    romdata   0x0056cf    program   0x000000
        .romdata___init.o    romdata   0x0056cf    program   0x000000
         .romdata_uopen.o    romdata   0x0056cf    program   0x000000
       .romdata_mbutils.o    romdata   0x0056cf    program   0x000000
         .idata_uopen.o_i    romdata   0x0056cf    program   0x000000
        .romdata_t3open.o    romdata   0x0056cf    program   0x000000
        .romdata_t1open.o    romdata   0x0056cf    program   0x000000
        .romdata_t0open.o    romdata   0x0056cf    program   0x000000
      .romdata_fxd1616u.o    romdata   0x0056cf    program   0x000000
      .romdata_fxd3232u.o    romdata   0x0056cf    program   0x000000
         .romdata_c018i.o    romdata   0x0056cf    program   0x000000
         .romdata_mbrtu.o    romdata   0x0056cf    program   0x000000
     .romdata_heartBeat.o    romdata   0x0056cf    program   0x000000
.romdata_interruptvector.o    romdata   0x0056cf    program   0x000000
           .romdata_app.o    romdata   0x0056cf    program   0x000000
     .romdata_porttimer.o    romdata   0x0056cf    program   0x000000
         .idata_timer.o_i    romdata   0x0056cf    program   0x000016
        .romdata_config.o    romdata   0x0056cf    program   0x000000
    .romdata_portserial.o    romdata   0x0056cf    program   0x000000
         .romdata_timer.o    romdata   0x0056cf    program   0x000000
          .romdata_main.o    romdata   0x0056cf    program   0x000000
     .romdata_portevent.o    romdata   0x0056cf    program   0x000000
             .stringtable    romdata   0x0056cf    program   0x000000
         .romdata_board.o    romdata   0x0056cf    program   0x000000
            .romdata_mb.o    romdata   0x0056cf    program   0x000000
       .idata_t3write.o_i    romdata   0x0056e5    program   0x000000
       .idata_t1write.o_i    romdata   0x0056e5    program   0x000000
        .idata_t0open.o_i    romdata   0x0056e5    program   0x000000
       .idata_t0write.o_i    romdata   0x0056e5    program   0x000000
        .idata_t1open.o_i    romdata   0x0056e5    program   0x000000
        .idata_t3open.o_i    romdata   0x0056e5    program   0x000000
       .idata_mbutils.o_i    romdata   0x0056e5    program   0x000000
     .idata_portevent.o_i    romdata   0x0056e5    program   0x000000
    .idata_portserial.o_i    romdata   0x0056e5    program   0x000000
     .idata_porttimer.o_i    romdata   0x0056e5    program   0x000000
         .idata_mbrtu.o_i    romdata   0x0056e5    program   0x000002
            .idata_mb.o_i    romdata   0x0056e7    program   0x000041
   .idata_mbfuncother.o_i    romdata   0x0056e7    program   0x000000
   .idata_mbfuncinput.o_i    romdata   0x0056e7    program   0x000000
 .idata_mbfuncholding.o_i    romdata   0x0056e7    program   0x000000
         .idata_mbcrc.o_i    romdata   0x0056e7    program   0x000000
    .idata_mbfuncdisc.o_i    romdata   0x0056e7    program   0x000000
   .idata_mbfunccoils.o_i    romdata   0x0056e7    program   0x000000
          .idata_main.o_i    romdata   0x005728    program   0x000000
.idata_interruptvector.o_i    romdata   0x005728    program   0x000000
     .idata_heartBeat.o_i    romdata   0x005728    program   0x000001
        .idata_config.o_i    romdata   0x005729    program   0x000000
         .idata_board.o_i    romdata   0x005729    program   0x000002
         .idata_c018i.o_i    romdata   0x005729    program   0x000000
      .idata_fxd1616u.o_i    romdata   0x005729    program   0x000000
      .idata_fxd3232u.o_i    romdata   0x005729    program   0x000000
           .idata_MMD.o_i    romdata   0x00572b    program   0x000001
           .idata_app.o_i    romdata   0x00572b    program   0x000000
        .idata___init.o_i    romdata   0x00572b    program   0x000000
            .code_c018i.o       code   0x00572c    program   0x000000
           .code_config.o       code   0x00572c    program   0x000000
            .code_udefs.o       code   0x00572c    program   0x000000
  .code_interruptvector.o       code   0x00572c    program   0x000000
    .config_300001_main.o    romdata   0x300001    program   0x000001
    .config_300002_main.o    romdata   0x300002    program   0x000001
    .config_300003_main.o    romdata   0x300003    program   0x000001
    .config_300005_main.o    romdata   0x300005    program   0x000001
    .config_300006_main.o    romdata   0x300006    program   0x000001
    .config_300008_main.o    romdata   0x300008    program   0x000001
    .config_300009_main.o    romdata   0x300009    program   0x000001
    .config_30000a_main.o    romdata   0x30000a    program   0x000001
    .config_30000b_main.o    romdata   0x30000b    program   0x000001
    .config_30000c_main.o    romdata   0x30000c    program   0x000001
    .config_30000d_main.o    romdata   0x30000d    program   0x000001
                MATH_DATA      udata   0x000000       data   0x000014
                 .tmpdata      udata   0x000014       data   0x00000a
                 RTU_DATA      udata   0x000080       data   0x0000f6
                 mmd_data      idata   0x000176       data   0x0000b5
     .udata_mbfuncother.o      udata   0x00022b       data   0x000022
                 APP_DATA      idata   0x00024d       data   0x00001a
           .udata_c018i.o      udata   0x000267       data   0x00000a
       .udata_portevent.o      udata   0x000271       data   0x000002
           .idata_mbrtu.o      idata   0x000273       data   0x000002
           .idata_board.o      idata   0x000275       data   0x000002
           .udata_udefs.o      udata   0x000277       data   0x000001
           .udata_board.o      udata   0x000278       data   0x000001
       .idata_heartBeat.o      idata   0x000279       data   0x000001
             .idata_MMD.o      idata   0x00027a       data   0x000001
          .idata_t1open.o      idata   0x00027b       data   0x000000
          .udata_t1open.o      udata   0x00027b       data   0x000000
          .idata_t0open.o      idata   0x00027b       data   0x000000
          .udata_t0open.o      udata   0x00027b       data   0x000000
        .idata_fxd3232u.o      idata   0x00027b       data   0x000000
        .udata_fxd3232u.o      udata   0x00027b       data   0x000000
        .idata_fxd1616u.o      idata   0x00027b       data   0x000000
        .udata_fxd1616u.o      udata   0x00027b       data   0x000000
         .idata_mbutils.o      idata   0x00027b       data   0x000000
         .udata_mbutils.o      udata   0x00027b       data   0x000000
     .idata_mbfuncother.o      idata   0x00027b       data   0x000000
     .idata_mbfuncinput.o      idata   0x00027b       data   0x000000
          .udata_t3open.o      udata   0x00027b       data   0x000000
          .idata_t3open.o      idata   0x00027b       data   0x000000
           .udata_uopen.o      udata   0x00027b       data   0x000000
           .idata_uopen.o      idata   0x00027b       data   0x000000
           .udata_uread.o      udata   0x00027b       data   0x000000
           .idata_uread.o      idata   0x00027b       data   0x000000
           .idata_udefs.o      idata   0x00027b       data   0x000000
         .udata_t0write.o      udata   0x00027b       data   0x000000
         .idata_t0write.o      idata   0x00027b       data   0x000000
         .udata_t1write.o      udata   0x00027b       data   0x000000
         .idata_t1write.o      idata   0x00027b       data   0x000000
         .udata_t3write.o      udata   0x00027b       data   0x000000
         .idata_t3write.o      idata   0x00027b       data   0x000000
          .udata___init.o      udata   0x00027b       data   0x000000
          .idata___init.o      idata   0x00027b       data   0x000000
          .idata_config.o      idata   0x00027b       data   0x000000
       .udata_heartBeat.o      udata   0x00027b       data   0x000000
 .udata_interruptvector.o      udata   0x00027b       data   0x000000
 .idata_interruptvector.o      idata   0x00027b       data   0x000000
            .udata_main.o      udata   0x00027b       data   0x000000
            .idata_main.o      idata   0x00027b       data   0x000000
             .udata_MMD.o      udata   0x00027b       data   0x000000
           .udata_timer.o      udata   0x00027b       data   0x000000
          .udata_config.o      udata   0x00027b       data   0x000000
             .idata_app.o      idata   0x00027b       data   0x000000
             .udata_app.o      udata   0x00027b       data   0x000000
       .idata_portevent.o      idata   0x00027b       data   0x000000
      .udata_portserial.o      udata   0x00027b       data   0x000000
      .idata_portserial.o      idata   0x00027b       data   0x000000
           .idata_c018i.o      idata   0x00027b       data   0x000000
       .idata_porttimer.o      idata   0x00027b       data   0x000000
           .udata_mbcrc.o      udata   0x00027b       data   0x000000
           .idata_mbcrc.o      idata   0x00027b       data   0x000000
           .udata_mbrtu.o      udata   0x00027b       data   0x000000
     .udata_mbfunccoils.o      udata   0x00027b       data   0x000000
     .idata_mbfunccoils.o      idata   0x00027b       data   0x000000
      .udata_mbfuncdisc.o      udata   0x00027b       data   0x000000
      .idata_mbfuncdisc.o      idata   0x00027b       data   0x000000
   .udata_mbfuncholding.o      udata   0x00027b       data   0x000000
   .idata_mbfuncholding.o      idata   0x00027b       data   0x000000
     .udata_mbfuncinput.o      udata   0x00027b       data   0x000000
                   .stack      udata   0x000e00       data   0x000100
              .idata_mb.o      idata   0x000f00       data   0x000041
              .udata_mb.o      udata   0x000f41       data   0x000027
           .idata_timer.o      idata   0x000f68       data   0x000016
       .udata_porttimer.o      udata   0x000f7e       data   0x000002
            SFR_UNBANKED0      udata   0x000f80       data   0x000080



                              Program Memory Usage 
                               Start         End      
                           ---------   ---------      
                            0x000000    0x00572b      
                            0x300001    0x300003      
                            0x300005    0x300006      
                            0x300008    0x30000d      
            22327 out of 66584 program addresses used, program memory utilization is 33%



                              Symbols - Sorted by Name
                     Name    Address   Location    Storage File                     
                ---------  ---------  ---------  --------- ---------                
                 APP_init   0x004444    program     extern C:\Users\JO\Desktop\MMD_MODBUS_18F4620\source\app.c
                 APP_task   0x0044cc    program     extern C:\Users\JO\Desktop\MMD_MODBUS_18F4620\source\app.c
                 BRD_init   0x004c44    program     extern C:\Users\JO\Desktop\MMD_MODBUS_18F4620\source\board.c
                    D10_1   0x0055fa    program     static E:\c18v3.46\pic18-lt\cxx-framework\src\traditional\delays\d10tcyx.asm
                     D10x   0x0055f2    program     static E:\c18v3.46\pic18-lt\cxx-framework\src\traditional\delays\d10tcyx.asm
              Delay10TCYx   0x0055ea    program     extern E:\c18v3.46\pic18-lt\cxx-framework\src\traditional\delays\d10tcyx.asm
         EnableInterrupts   0x00002a    program     extern C:\Users\JO\Desktop\MMD_MODBUS_18F4620\source\interruptvector.c
                 FXD1616U   0x005568    program     extern E:\c18v3.46\pic18-lt\cxx-framework\src\traditional\math\fxd1616u.c
                 FXD3232U   0x005342    program     extern E:\c18v3.46\pic18-lt\cxx-framework\src\traditional\math\fxd3232u.c
                 FXM1616U   0x00544c    program     extern E:\c18v3.46\pic18-lt\cxx-framework\src\traditional\math\fxm1616u.asm
             FontTable5x7   0x003558    program     extern C:\Users\JO\Desktop\MMD_MODBUS_18F4620\source\MMD.c
                  HB_init   0x0055d0    program     extern C:\Users\JO\Desktop\MMD_MODBUS_18F4620\source\heartBeat.c
                  HB_task   0x0055d6    program     extern C:\Users\JO\Desktop\MMD_MODBUS_18F4620\source\heartBeat.c
         MMD_changeSymbol   0x000c52    program     extern C:\Users\JO\Desktop\MMD_MODBUS_18F4620\source\MMD.c
         MMD_clearSegment   0x000e20    program     extern C:\Users\JO\Desktop\MMD_MODBUS_18F4620\source\MMD.c
        MMD_configSegment   0x0003a8    program     extern C:\Users\JO\Desktop\MMD_MODBUS_18F4620\source\MMD.c
                 MMD_init   0x000142    program     extern C:\Users\JO\Desktop\MMD_MODBUS_18F4620\source\MMD.c
       MMD_refreshDisplay   0x001802    program     extern C:\Users\JO\Desktop\MMD_MODBUS_18F4620\source\MMD.c
       MMD_setScrollSpeed   0x000bfa    program     extern C:\Users\JO\Desktop\MMD_MODBUS_18F4620\source\MMD.c
                 MMD_task   0x001062    program     extern C:\Users\JO\Desktop\MMD_MODBUS_18F4620\source\MMD.c
               OpenTimer0   0x005530    program     extern E:\c18v3.46\pic18-lt\cxx-framework\src\pmc_common\Timers\t0open.c
               OpenTimer1   0x0053cc    program     extern E:\c18v3.46\pic18-lt\cxx-framework\src\pmc_common\Timers\t1open.c
               OpenTimer3   0x00538a    program     extern E:\c18v3.46\pic18-lt\cxx-framework\src\pmc_common\Timers\t3open.c
                OpenUSART   0x005258    program     extern E:\c18v3.46\pic18-lt\cxx-framework\src\pmc_common\USART\uopen.c
                ReadUSART   0x00540e    program     extern E:\c18v3.46\pic18-lt\cxx-framework\src\pmc_common\USART\uread.c
                 TMR0_ISR   0x004686    program     extern C:\Users\JO\Desktop\MMD_MODBUS_18F4620\source\timer.c
                TMR0_init   0x004810    program     extern C:\Users\JO\Desktop\MMD_MODBUS_18F4620\source\timer.c
                 TMR1_ISR   0x004756    program     extern C:\Users\JO\Desktop\MMD_MODBUS_18F4620\source\timer.c
                TMR1_init   0x004856    program     extern C:\Users\JO\Desktop\MMD_MODBUS_18F4620\source\timer.c
       WriteDataToDisplay   0x001ad2    program     extern C:\Users\JO\Desktop\MMD_MODBUS_18F4620\source\MMD.c
              WriteTimer0   0x0054f8    program     extern E:\c18v3.46\pic18-lt\cxx-framework\src\pmc_common\Timers\t0write.c
              WriteTimer1   0x0054c0    program     extern E:\c18v3.46\pic18-lt\cxx-framework\src\pmc_common\Timers\t1write.c
              WriteTimer3   0x005488    program     extern E:\c18v3.46\pic18-lt\cxx-framework\src\pmc_common\Timers\t3write.c
              _2jContinue   0x00518a    program     static E:\c18v3.46\pic18-lt\cxx-framework\src\traditional\stdclib\memset.asm
                   _3jEnd   0x005194    program     static E:\c18v3.46\pic18-lt\cxx-framework\src\traditional\stdclib\memset.asm
              _4jContinue   0x005148    program     static E:\c18v3.46\pic18-lt\cxx-framework\src\traditional\stdclib\memcpy.asm
                   _5jEnd   0x005152    program     static E:\c18v3.46\pic18-lt\cxx-framework\src\traditional\stdclib\memcpy.asm
        _D10TCYXCODE_000A   0x0055f4    program     static E:\c18v3.46\pic18-lt\cxx-framework\src\traditional\delays\d10tcyx.asm
        _D10TCYXCODE_000C   0x0055f6    program     static E:\c18v3.46\pic18-lt\cxx-framework\src\traditional\delays\d10tcyx.asm
        _D10TCYXCODE_000E   0x0055f8    program     static E:\c18v3.46\pic18-lt\cxx-framework\src\traditional\delays\d10tcyx.asm
           ___if_lbl00001   0x000010    program     static                          
           ___if_lbl00002   0x000018    program     static                          
           ___if_lbl00003   0x000020    program     static                          
           ___if_lbl00004   0x000028    program     static                          
       ___return_lbl00000   0x005388    program     static                          
       ___return_lbl00000   0x005592    program     static                          
       ___return_lbl00000   0x000028    program     static                          
       ___return_lbl00000   0x000004    program     static                          
       ___return_lbl00001   0x0055ce    program     static                          
       ___return_lbl00002   0x005256    program     static                          
               __config_0   0x300001    program     static C:\Users\JO\Desktop\MMD_MODBUS_18F4620\source\main.c
               __config_1   0x300002    program     static C:\Users\JO\Desktop\MMD_MODBUS_18F4620\source\main.c
              __config_10   0x30000d    program     static C:\Users\JO\Desktop\MMD_MODBUS_18F4620\source\main.c
               __config_2   0x300003    program     static C:\Users\JO\Desktop\MMD_MODBUS_18F4620\source\main.c
               __config_3   0x300005    program     static C:\Users\JO\Desktop\MMD_MODBUS_18F4620\source\main.c
               __config_4   0x300006    program     static C:\Users\JO\Desktop\MMD_MODBUS_18F4620\source\main.c
               __config_5   0x300008    program     static C:\Users\JO\Desktop\MMD_MODBUS_18F4620\source\main.c
               __config_6   0x300009    program     static C:\Users\JO\Desktop\MMD_MODBUS_18F4620\source\main.c
               __config_7   0x30000a    program     static C:\Users\JO\Desktop\MMD_MODBUS_18F4620\source\main.c
               __config_8   0x30000b    program     static C:\Users\JO\Desktop\MMD_MODBUS_18F4620\source\main.c
               __config_9   0x30000c    program     static C:\Users\JO\Desktop\MMD_MODBUS_18F4620\source\main.c
                   __init   0x000006    program     extern E:\c18v3.46\pic18-lt\cxx-framework\src\traditional\stdclib\__init.c
            __zero_memory   0x005594    program     extern E:\c18v3.46\pic18-lt\cxx-framework\src\traditional\proc\p18f4620.asm
                _do_cinit   0x0051ba    program     extern E:\c18v3.46\pic18-lt\cxx-framework\src\traditional\startup\c018i.c
                   _entry   0x000000    program     extern E:\c18v3.46\pic18-lt\cxx-framework\src\traditional\startup\c018i.c
                   _false   0x005384    program     static                          
                 _startup   0x0055b4    program     extern E:\c18v3.46\pic18-lt\cxx-framework\src\traditional\startup\c018i.c
                 aucCRCHi   0x00489e    program     static C:\Users\JO\Desktop\MMD_MODBUS_18F4620\modbus\rtu\mbcrc.c
                 aucCRCLo   0x00499e    program     static C:\Users\JO\Desktop\MMD_MODBUS_18F4620\modbus\rtu\mbcrc.c
                 clearBit   0x00010a    program     static C:\Users\JO\Desktop\MMD_MODBUS_18F4620\source\MMD.c
                compare_l   0x0055aa    program     static E:\c18v3.46\pic18-lt\cxx-framework\src\traditional\proc\p18f4620.asm
                copy_loop   0x00522c    program     static                          
            copy_one_byte   0x005232    program     static                          
                     done   0x005256    program     static                          
             done_copying   0x005240    program     static                          
                 eMBClose   0x002d5c    program     extern C:\Users\JO\Desktop\MMD_MODBUS_18F4620\modbus\mb.c
               eMBDisable   0x002dda    program     extern C:\Users\JO\Desktop\MMD_MODBUS_18F4620\modbus\mb.c
                eMBEnable   0x002d9e    program     extern C:\Users\JO\Desktop\MMD_MODBUS_18F4620\modbus\mb.c
         eMBFuncReadCoils   0x002430    program     extern C:\Users\JO\Desktop\MMD_MODBUS_18F4620\modbus\functions\mbfunccoils.c
eMBFuncReadDiscreteInputs   0x003f7c    program     extern C:\Users\JO\Desktop\MMD_MODBUS_18F4620\modbus\functions\mbfuncdisc.c
eMBFuncReadHoldingRegister   0x001e00    program     extern C:\Users\JO\Desktop\MMD_MODBUS_18F4620\modbus\functions\mbfuncholding.c
 eMBFuncReadInputRegister   0x0041ec    program     extern C:\Users\JO\Desktop\MMD_MODBUS_18F4620\modbus\functions\mbfuncinput.c
eMBFuncReadWriteMultipleHoldingRegister   0x002042    program     extern C:\Users\JO\Desktop\MMD_MODBUS_18F4620\modbus\functions\mbfuncholding.c
     eMBFuncReportSlaveID   0x004eb0    program     extern C:\Users\JO\Desktop\MMD_MODBUS_18F4620\modbus\functions\mbfuncother.c
         eMBFuncWriteCoil   0x0026a2    program     extern C:\Users\JO\Desktop\MMD_MODBUS_18F4620\modbus\functions\mbfunccoils.c
eMBFuncWriteHoldingRegister   0x001b22    program     extern C:\Users\JO\Desktop\MMD_MODBUS_18F4620\modbus\functions\mbfuncholding.c
eMBFuncWriteMultipleCoils   0x002814    program     extern C:\Users\JO\Desktop\MMD_MODBUS_18F4620\modbus\functions\mbfunccoils.c
eMBFuncWriteMultipleHoldingRegister   0x001c12    program     extern C:\Users\JO\Desktop\MMD_MODBUS_18F4620\modbus\functions\mbfuncholding.c
                  eMBInit   0x002a42    program     extern C:\Users\JO\Desktop\MMD_MODBUS_18F4620\modbus\mb.c
                  eMBPoll   0x002e20    program     extern C:\Users\JO\Desktop\MMD_MODBUS_18F4620\modbus\mb.c
               eMBRTUInit   0x003048    program     extern C:\Users\JO\Desktop\MMD_MODBUS_18F4620\modbus\rtu\mbrtu.c
            eMBRTUReceive   0x0031ba    program     extern C:\Users\JO\Desktop\MMD_MODBUS_18F4620\modbus\rtu\mbrtu.c
               eMBRTUSend   0x00329a    program     extern C:\Users\JO\Desktop\MMD_MODBUS_18F4620\modbus\rtu\mbrtu.c
              eMBRTUStart   0x003188    program     extern C:\Users\JO\Desktop\MMD_MODBUS_18F4620\modbus\rtu\mbrtu.c
               eMBRTUStop   0x0031a4    program     extern C:\Users\JO\Desktop\MMD_MODBUS_18F4620\modbus\rtu\mbrtu.c
            eMBRegCoilsCB   0x00465e    program     extern C:\Users\JO\Desktop\MMD_MODBUS_18F4620\source\app.c
         eMBRegDiscreteCB   0x004672    program     extern C:\Users\JO\Desktop\MMD_MODBUS_18F4620\source\app.c
          eMBRegHoldingCB   0x0044f8    program     extern C:\Users\JO\Desktop\MMD_MODBUS_18F4620\source\app.c
            eMBRegInputCB   0x0044ce    program     extern C:\Users\JO\Desktop\MMD_MODBUS_18F4620\source\app.c
            eMBRegisterCB   0x002b48    program     extern C:\Users\JO\Desktop\MMD_MODBUS_18F4620\modbus\mb.c
            eMBSetSlaveID   0x004dbc    program     extern C:\Users\JO\Desktop\MMD_MODBUS_18F4620\modbus\functions\mbfuncother.c
                  endloop   0x00558e    program     static                          
                   getBit   0x000094    program     static C:\Users\JO\Desktop\MMD_MODBUS_18F4620\source\MMD.c
           high_interrupt   0x000008    program     extern C:\Users\JO\Desktop\MMD_MODBUS_18F4620\source\interruptvector.c
                     jEnd   0x0051b8    program     static E:\c18v3.46\pic18-lt\cxx-framework\src\traditional\stdclib\strlen.asm
                     jEnd   0x005158    program     static E:\c18v3.46\pic18-lt\cxx-framework\src\traditional\stdclib\memcpy.asm
                     jEnd   0x00519c    program     static E:\c18v3.46\pic18-lt\cxx-framework\src\traditional\stdclib\memset.asm
                    jLoop   0x0051ae    program     static E:\c18v3.46\pic18-lt\cxx-framework\src\traditional\stdclib\strlen.asm
                    jLoop   0x00517e    program     static E:\c18v3.46\pic18-lt\cxx-framework\src\traditional\stdclib\memset.asm
                    jLoop   0x00513c    program     static E:\c18v3.46\pic18-lt\cxx-framework\src\traditional\stdclib\memcpy.asm
         leftBitPackTable   0x003904    program     extern C:\Users\JO\Desktop\MMD_MODBUS_18F4620\source\MMD.c
                     loop   0x0055c4    program     static                          
                     loop   0x005350    program     static                          
                     loop   0x005572    program     static                          
                   loop_h   0x0055a2    program     static E:\c18v3.46\pic18-lt\cxx-framework\src\traditional\proc\p18f4620.asm
                   loop_l   0x0055ac    program     static E:\c18v3.46\pic18-lt\cxx-framework\src\traditional\proc\p18f4620.asm
                     main   0x004a9e    program     extern C:\Users\JO\Desktop\MMD_MODBUS_18F4620\source\main.c
                   memcpy   0x005114    program     extern E:\c18v3.46\pic18-lt\cxx-framework\src\traditional\stdclib\memcpy.asm
                   memset   0x00516a    program     extern E:\c18v3.46\pic18-lt\cxx-framework\src\traditional\stdclib\memset.asm
    prveMBError2Exception   0x003c76    program     extern C:\Users\JO\Desktop\MMD_MODBUS_18F4620\modbus\functions\mbutils.c
      prvvTIMERExpiredISR   0x005066    program     extern C:\Users\JO\Desktop\MMD_MODBUS_18F4620\modbus\porttimer.c
            prvvUARTRxISR   0x003ed0    program     extern C:\Users\JO\Desktop\MMD_MODBUS_18F4620\modbus\portserial.c
       prvvUARTTxReadyISR   0x003e24    program     extern C:\Users\JO\Desktop\MMD_MODBUS_18F4620\modbus\portserial.c
        rightBitPackTable   0x0038f8    program     extern C:\Users\JO\Desktop\MMD_MODBUS_18F4620\source\MMD.c
                   setBit   0x0000d4    program     static C:\Users\JO\Desktop\MMD_MODBUS_18F4620\source\MMD.c
                   strlen   0x00519e    program     extern E:\c18v3.46\pic18-lt\cxx-framework\src\traditional\stdclib\strlen.asm
                     test   0x0051d4    program     static                          
                usMBCRC16   0x004f22    program     extern C:\Users\JO\Desktop\MMD_MODBUS_18F4620\modbus\rtu\mbcrc.c
      vMBPortSerialEnable   0x003cb4    program     extern C:\Users\JO\Desktop\MMD_MODBUS_18F4620\modbus\portserial.c
     vMBPortTimersDisable   0x005062    program     extern C:\Users\JO\Desktop\MMD_MODBUS_18F4620\modbus\porttimer.c
      vMBPortTimersEnable   0x00504c    program     extern C:\Users\JO\Desktop\MMD_MODBUS_18F4620\modbus\porttimer.c
          xMBPortEventGet   0x00530c    program     extern C:\Users\JO\Desktop\MMD_MODBUS_18F4620\modbus\portevent.c
         xMBPortEventInit   0x0052e2    program     extern C:\Users\JO\Desktop\MMD_MODBUS_18F4620\modbus\portevent.c
         xMBPortEventPost   0x0052ec    program     extern C:\Users\JO\Desktop\MMD_MODBUS_18F4620\modbus\portevent.c
     xMBPortSerialGetByte   0x003df4    program     extern C:\Users\JO\Desktop\MMD_MODBUS_18F4620\modbus\portserial.c
        xMBPortSerialInit   0x003cea    program     extern C:\Users\JO\Desktop\MMD_MODBUS_18F4620\modbus\portserial.c
     xMBPortSerialPutByte   0x003dbe    program     extern C:\Users\JO\Desktop\MMD_MODBUS_18F4620\modbus\portserial.c
        xMBPortTimersInit   0x00501e    program     extern C:\Users\JO\Desktop\MMD_MODBUS_18F4620\modbus\porttimer.c
         xMBRTUReceiveFSM   0x0033aa    program     extern C:\Users\JO\Desktop\MMD_MODBUS_18F4620\modbus\rtu\mbrtu.c
    xMBRTUTimerT35Expired   0x003506    program     extern C:\Users\JO\Desktop\MMD_MODBUS_18F4620\modbus\rtu\mbrtu.c
        xMBRTUTransmitFSM   0x003478    program     extern C:\Users\JO\Desktop\MMD_MODBUS_18F4620\modbus\rtu\mbrtu.c
           xMBUtilGetBits   0x003b34    program     extern C:\Users\JO\Desktop\MMD_MODBUS_18F4620\modbus\functions\mbutils.c
           xMBUtilSetBits   0x003910    program     extern C:\Users\JO\Desktop\MMD_MODBUS_18F4620\modbus\functions\mbutils.c
               zero_block   0x0055a2    program     static E:\c18v3.46\pic18-lt\cxx-framework\src\traditional\proc\p18f4620.asm
                   ADCON0   0x000fc2       data     extern E:\c18v3.46\pic18-lt\cxx-framework\src\traditional\proc\p18f4620.asm
               ADCON0bits   0x000fc2       data     extern E:\c18v3.46\pic18-lt\cxx-framework\src\traditional\proc\p18f4620.asm
                   ADCON1   0x000fc1       data     extern E:\c18v3.46\pic18-lt\cxx-framework\src\traditional\proc\p18f4620.asm
               ADCON1bits   0x000fc1       data     extern E:\c18v3.46\pic18-lt\cxx-framework\src\traditional\proc\p18f4620.asm
                   ADCON2   0x000fc0       data     extern E:\c18v3.46\pic18-lt\cxx-framework\src\traditional\proc\p18f4620.asm
               ADCON2bits   0x000fc0       data     extern E:\c18v3.46\pic18-lt\cxx-framework\src\traditional\proc\p18f4620.asm
                    ADRES   0x000fc3       data     extern E:\c18v3.46\pic18-lt\cxx-framework\src\traditional\proc\p18f4620.asm
                   ADRESH   0x000fc4       data     extern E:\c18v3.46\pic18-lt\cxx-framework\src\traditional\proc\p18f4620.asm
                   ADRESL   0x000fc3       data     extern E:\c18v3.46\pic18-lt\cxx-framework\src\traditional\proc\p18f4620.asm
                  BAUDCON   0x000fb8       data     extern E:\c18v3.46\pic18-lt\cxx-framework\src\traditional\proc\p18f4620.asm
              BAUDCONbits   0x000fb8       data     extern E:\c18v3.46\pic18-lt\cxx-framework\src\traditional\proc\p18f4620.asm
                  BAUDCTL   0x000fb8       data     extern E:\c18v3.46\pic18-lt\cxx-framework\src\traditional\proc\p18f4620.asm
              BAUDCTLbits   0x000fb8       data     extern E:\c18v3.46\pic18-lt\cxx-framework\src\traditional\proc\p18f4620.asm
                      BSR   0x000fe0       data     extern E:\c18v3.46\pic18-lt\cxx-framework\src\traditional\proc\p18f4620.asm
                  CCP1CON   0x000fbd       data     extern E:\c18v3.46\pic18-lt\cxx-framework\src\traditional\proc\p18f4620.asm
              CCP1CONbits   0x000fbd       data     extern E:\c18v3.46\pic18-lt\cxx-framework\src\traditional\proc\p18f4620.asm
                  CCP2CON   0x000fba       data     extern E:\c18v3.46\pic18-lt\cxx-framework\src\traditional\proc\p18f4620.asm
              CCP2CONbits   0x000fba       data     extern E:\c18v3.46\pic18-lt\cxx-framework\src\traditional\proc\p18f4620.asm
                    CCPR1   0x000fbe       data     extern E:\c18v3.46\pic18-lt\cxx-framework\src\traditional\proc\p18f4620.asm
                   CCPR1H   0x000fbf       data     extern E:\c18v3.46\pic18-lt\cxx-framework\src\traditional\proc\p18f4620.asm
                   CCPR1L   0x000fbe       data     extern E:\c18v3.46\pic18-lt\cxx-framework\src\traditional\proc\p18f4620.asm
                    CCPR2   0x000fbb       data     extern E:\c18v3.46\pic18-lt\cxx-framework\src\traditional\proc\p18f4620.asm
                   CCPR2H   0x000fbc       data     extern E:\c18v3.46\pic18-lt\cxx-framework\src\traditional\proc\p18f4620.asm
                   CCPR2L   0x000fbb       data     extern E:\c18v3.46\pic18-lt\cxx-framework\src\traditional\proc\p18f4620.asm
                    CMCON   0x000fb4       data     extern E:\c18v3.46\pic18-lt\cxx-framework\src\traditional\proc\p18f4620.asm
                CMCONbits   0x000fb4       data     extern E:\c18v3.46\pic18-lt\cxx-framework\src\traditional\proc\p18f4620.asm
                   CVRCON   0x000fb5       data     extern E:\c18v3.46\pic18-lt\cxx-framework\src\traditional\proc\p18f4620.asm
               CVRCONbits   0x000fb5       data     extern E:\c18v3.46\pic18-lt\cxx-framework\src\traditional\proc\p18f4620.asm
                     DDRA   0x000f92       data     extern E:\c18v3.46\pic18-lt\cxx-framework\src\traditional\proc\p18f4620.asm
                 DDRAbits   0x000f92       data     extern E:\c18v3.46\pic18-lt\cxx-framework\src\traditional\proc\p18f4620.asm
                     DDRB   0x000f93       data     extern E:\c18v3.46\pic18-lt\cxx-framework\src\traditional\proc\p18f4620.asm
                 DDRBbits   0x000f93       data     extern E:\c18v3.46\pic18-lt\cxx-framework\src\traditional\proc\p18f4620.asm
                     DDRC   0x000f94       data     extern E:\c18v3.46\pic18-lt\cxx-framework\src\traditional\proc\p18f4620.asm
                 DDRCbits   0x000f94       data     extern E:\c18v3.46\pic18-lt\cxx-framework\src\traditional\proc\p18f4620.asm
                     DDRD   0x000f95       data     extern E:\c18v3.46\pic18-lt\cxx-framework\src\traditional\proc\p18f4620.asm
                 DDRDbits   0x000f95       data     extern E:\c18v3.46\pic18-lt\cxx-framework\src\traditional\proc\p18f4620.asm
                     DDRE   0x000f96       data     extern E:\c18v3.46\pic18-lt\cxx-framework\src\traditional\proc\p18f4620.asm
                 DDREbits   0x000f96       data     extern E:\c18v3.46\pic18-lt\cxx-framework\src\traditional\proc\p18f4620.asm
                  ECCP1AS   0x000fb6       data     extern E:\c18v3.46\pic18-lt\cxx-framework\src\traditional\proc\p18f4620.asm
              ECCP1ASbits   0x000fb6       data     extern E:\c18v3.46\pic18-lt\cxx-framework\src\traditional\proc\p18f4620.asm
                    EEADR   0x000fa9       data     extern E:\c18v3.46\pic18-lt\cxx-framework\src\traditional\proc\p18f4620.asm
                   EEADRH   0x000faa       data     extern E:\c18v3.46\pic18-lt\cxx-framework\src\traditional\proc\p18f4620.asm
                   EECON1   0x000fa6       data     extern E:\c18v3.46\pic18-lt\cxx-framework\src\traditional\proc\p18f4620.asm
               EECON1bits   0x000fa6       data     extern E:\c18v3.46\pic18-lt\cxx-framework\src\traditional\proc\p18f4620.asm
                   EECON2   0x000fa7       data     extern E:\c18v3.46\pic18-lt\cxx-framework\src\traditional\proc\p18f4620.asm
                   EEDATA   0x000fa8       data     extern E:\c18v3.46\pic18-lt\cxx-framework\src\traditional\proc\p18f4620.asm
                     FSR0   0x000fe9       data     extern E:\c18v3.46\pic18-lt\cxx-framework\src\traditional\proc\p18f4620.asm
                    FSR0H   0x000fea       data     extern E:\c18v3.46\pic18-lt\cxx-framework\src\traditional\proc\p18f4620.asm
                    FSR0L   0x000fe9       data     extern E:\c18v3.46\pic18-lt\cxx-framework\src\traditional\proc\p18f4620.asm
                     FSR1   0x000fe1       data     extern E:\c18v3.46\pic18-lt\cxx-framework\src\traditional\proc\p18f4620.asm
                    FSR1H   0x000fe2       data     extern E:\c18v3.46\pic18-lt\cxx-framework\src\traditional\proc\p18f4620.asm
                    FSR1L   0x000fe1       data     extern E:\c18v3.46\pic18-lt\cxx-framework\src\traditional\proc\p18f4620.asm
                     FSR2   0x000fd9       data     extern E:\c18v3.46\pic18-lt\cxx-framework\src\traditional\proc\p18f4620.asm
                    FSR2H   0x000fda       data     extern E:\c18v3.46\pic18-lt\cxx-framework\src\traditional\proc\p18f4620.asm
                    FSR2L   0x000fd9       data     extern E:\c18v3.46\pic18-lt\cxx-framework\src\traditional\proc\p18f4620.asm
                  HLVDCON   0x000fd2       data     extern E:\c18v3.46\pic18-lt\cxx-framework\src\traditional\proc\p18f4620.asm
              HLVDCONbits   0x000fd2       data     extern E:\c18v3.46\pic18-lt\cxx-framework\src\traditional\proc\p18f4620.asm
                    INDF0   0x000fef       data     extern E:\c18v3.46\pic18-lt\cxx-framework\src\traditional\proc\p18f4620.asm
                    INDF1   0x000fe7       data     extern E:\c18v3.46\pic18-lt\cxx-framework\src\traditional\proc\p18f4620.asm
                    INDF2   0x000fdf       data     extern E:\c18v3.46\pic18-lt\cxx-framework\src\traditional\proc\p18f4620.asm
                   INTCON   0x000ff2       data     extern E:\c18v3.46\pic18-lt\cxx-framework\src\traditional\proc\p18f4620.asm
                  INTCON2   0x000ff1       data     extern E:\c18v3.46\pic18-lt\cxx-framework\src\traditional\proc\p18f4620.asm
              INTCON2bits   0x000ff1       data     extern E:\c18v3.46\pic18-lt\cxx-framework\src\traditional\proc\p18f4620.asm
                  INTCON3   0x000ff0       data     extern E:\c18v3.46\pic18-lt\cxx-framework\src\traditional\proc\p18f4620.asm
              INTCON3bits   0x000ff0       data     extern E:\c18v3.46\pic18-lt\cxx-framework\src\traditional\proc\p18f4620.asm
               INTCONbits   0x000ff2       data     extern E:\c18v3.46\pic18-lt\cxx-framework\src\traditional\proc\p18f4620.asm
                     IPR1   0x000f9f       data     extern E:\c18v3.46\pic18-lt\cxx-framework\src\traditional\proc\p18f4620.asm
                 IPR1bits   0x000f9f       data     extern E:\c18v3.46\pic18-lt\cxx-framework\src\traditional\proc\p18f4620.asm
                     IPR2   0x000fa2       data     extern E:\c18v3.46\pic18-lt\cxx-framework\src\traditional\proc\p18f4620.asm
                 IPR2bits   0x000fa2       data     extern E:\c18v3.46\pic18-lt\cxx-framework\src\traditional\proc\p18f4620.asm
                     LATA   0x000f89       data     extern E:\c18v3.46\pic18-lt\cxx-framework\src\traditional\proc\p18f4620.asm
                 LATAbits   0x000f89       data     extern E:\c18v3.46\pic18-lt\cxx-framework\src\traditional\proc\p18f4620.asm
                     LATB   0x000f8a       data     extern E:\c18v3.46\pic18-lt\cxx-framework\src\traditional\proc\p18f4620.asm
                 LATBbits   0x000f8a       data     extern E:\c18v3.46\pic18-lt\cxx-framework\src\traditional\proc\p18f4620.asm
                     LATC   0x000f8b       data     extern E:\c18v3.46\pic18-lt\cxx-framework\src\traditional\proc\p18f4620.asm
                 LATCbits   0x000f8b       data     extern E:\c18v3.46\pic18-lt\cxx-framework\src\traditional\proc\p18f4620.asm
                     LATD   0x000f8c       data     extern E:\c18v3.46\pic18-lt\cxx-framework\src\traditional\proc\p18f4620.asm
                 LATDbits   0x000f8c       data     extern E:\c18v3.46\pic18-lt\cxx-framework\src\traditional\proc\p18f4620.asm
                     LATE   0x000f8d       data     extern E:\c18v3.46\pic18-lt\cxx-framework\src\traditional\proc\p18f4620.asm
                 LATEbits   0x000f8d       data     extern E:\c18v3.46\pic18-lt\cxx-framework\src\traditional\proc\p18f4620.asm
                   LVDCON   0x000fd2       data     extern E:\c18v3.46\pic18-lt\cxx-framework\src\traditional\proc\p18f4620.asm
               LVDCONbits   0x000fd2       data     extern E:\c18v3.46\pic18-lt\cxx-framework\src\traditional\proc\p18f4620.asm
                   OSCCON   0x000fd3       data     extern E:\c18v3.46\pic18-lt\cxx-framework\src\traditional\proc\p18f4620.asm
               OSCCONbits   0x000fd3       data     extern E:\c18v3.46\pic18-lt\cxx-framework\src\traditional\proc\p18f4620.asm
                  OSCTUNE   0x000f9b       data     extern E:\c18v3.46\pic18-lt\cxx-framework\src\traditional\proc\p18f4620.asm
              OSCTUNEbits   0x000f9b       data     extern E:\c18v3.46\pic18-lt\cxx-framework\src\traditional\proc\p18f4620.asm
                       PC   0x000ff9       data     extern E:\c18v3.46\pic18-lt\cxx-framework\src\traditional\proc\p18f4620.asm
                      PCL   0x000ff9       data     extern E:\c18v3.46\pic18-lt\cxx-framework\src\traditional\proc\p18f4620.asm
                   PCLATH   0x000ffa       data     extern E:\c18v3.46\pic18-lt\cxx-framework\src\traditional\proc\p18f4620.asm
                   PCLATU   0x000ffb       data     extern E:\c18v3.46\pic18-lt\cxx-framework\src\traditional\proc\p18f4620.asm
                     PIE1   0x000f9d       data     extern E:\c18v3.46\pic18-lt\cxx-framework\src\traditional\proc\p18f4620.asm
                 PIE1bits   0x000f9d       data     extern E:\c18v3.46\pic18-lt\cxx-framework\src\traditional\proc\p18f4620.asm
                     PIE2   0x000fa0       data     extern E:\c18v3.46\pic18-lt\cxx-framework\src\traditional\proc\p18f4620.asm
                 PIE2bits   0x000fa0       data     extern E:\c18v3.46\pic18-lt\cxx-framework\src\traditional\proc\p18f4620.asm
                     PIR1   0x000f9e       data     extern E:\c18v3.46\pic18-lt\cxx-framework\src\traditional\proc\p18f4620.asm
                 PIR1bits   0x000f9e       data     extern E:\c18v3.46\pic18-lt\cxx-framework\src\traditional\proc\p18f4620.asm
                     PIR2   0x000fa1       data     extern E:\c18v3.46\pic18-lt\cxx-framework\src\traditional\proc\p18f4620.asm
                 PIR2bits   0x000fa1       data     extern E:\c18v3.46\pic18-lt\cxx-framework\src\traditional\proc\p18f4620.asm
                   PLUSW0   0x000feb       data     extern E:\c18v3.46\pic18-lt\cxx-framework\src\traditional\proc\p18f4620.asm
                   PLUSW1   0x000fe3       data     extern E:\c18v3.46\pic18-lt\cxx-framework\src\traditional\proc\p18f4620.asm
                   PLUSW2   0x000fdb       data     extern E:\c18v3.46\pic18-lt\cxx-framework\src\traditional\proc\p18f4620.asm
                    PORTA   0x000f80       data     extern E:\c18v3.46\pic18-lt\cxx-framework\src\traditional\proc\p18f4620.asm
                PORTAbits   0x000f80       data     extern E:\c18v3.46\pic18-lt\cxx-framework\src\traditional\proc\p18f4620.asm
                    PORTB   0x000f81       data     extern E:\c18v3.46\pic18-lt\cxx-framework\src\traditional\proc\p18f4620.asm
                PORTBbits   0x000f81       data     extern E:\c18v3.46\pic18-lt\cxx-framework\src\traditional\proc\p18f4620.asm
                    PORTC   0x000f82       data     extern E:\c18v3.46\pic18-lt\cxx-framework\src\traditional\proc\p18f4620.asm
                PORTCbits   0x000f82       data     extern E:\c18v3.46\pic18-lt\cxx-framework\src\traditional\proc\p18f4620.asm
                    PORTD   0x000f83       data     extern E:\c18v3.46\pic18-lt\cxx-framework\src\traditional\proc\p18f4620.asm
                PORTDbits   0x000f83       data     extern E:\c18v3.46\pic18-lt\cxx-framework\src\traditional\proc\p18f4620.asm
                    PORTE   0x000f84       data     extern E:\c18v3.46\pic18-lt\cxx-framework\src\traditional\proc\p18f4620.asm
                PORTEbits   0x000f84       data     extern E:\c18v3.46\pic18-lt\cxx-framework\src\traditional\proc\p18f4620.asm
                 POSTDEC0   0x000fed       data     extern E:\c18v3.46\pic18-lt\cxx-framework\src\traditional\proc\p18f4620.asm
                 POSTDEC1   0x000fe5       data     extern E:\c18v3.46\pic18-lt\cxx-framework\src\traditional\proc\p18f4620.asm
                 POSTDEC2   0x000fdd       data     extern E:\c18v3.46\pic18-lt\cxx-framework\src\traditional\proc\p18f4620.asm
                 POSTINC0   0x000fee       data     extern E:\c18v3.46\pic18-lt\cxx-framework\src\traditional\proc\p18f4620.asm
                 POSTINC1   0x000fe6       data     extern E:\c18v3.46\pic18-lt\cxx-framework\src\traditional\proc\p18f4620.asm
                 POSTINC2   0x000fde       data     extern E:\c18v3.46\pic18-lt\cxx-framework\src\traditional\proc\p18f4620.asm
                      PR2   0x000fcb       data     extern E:\c18v3.46\pic18-lt\cxx-framework\src\traditional\proc\p18f4620.asm
                  PREINC0   0x000fec       data     extern E:\c18v3.46\pic18-lt\cxx-framework\src\traditional\proc\p18f4620.asm
                  PREINC1   0x000fe4       data     extern E:\c18v3.46\pic18-lt\cxx-framework\src\traditional\proc\p18f4620.asm
                  PREINC2   0x000fdc       data     extern E:\c18v3.46\pic18-lt\cxx-framework\src\traditional\proc\p18f4620.asm
                     PROD   0x000ff3       data     extern E:\c18v3.46\pic18-lt\cxx-framework\src\traditional\proc\p18f4620.asm
                    PRODH   0x000ff4       data     extern E:\c18v3.46\pic18-lt\cxx-framework\src\traditional\proc\p18f4620.asm
                    PRODL   0x000ff3       data     extern E:\c18v3.46\pic18-lt\cxx-framework\src\traditional\proc\p18f4620.asm
                  PWM1CON   0x000fb7       data     extern E:\c18v3.46\pic18-lt\cxx-framework\src\traditional\proc\p18f4620.asm
              PWM1CONbits   0x000fb7       data     extern E:\c18v3.46\pic18-lt\cxx-framework\src\traditional\proc\p18f4620.asm
                     RCON   0x000fd0       data     extern E:\c18v3.46\pic18-lt\cxx-framework\src\traditional\proc\p18f4620.asm
                 RCONbits   0x000fd0       data     extern E:\c18v3.46\pic18-lt\cxx-framework\src\traditional\proc\p18f4620.asm
                    RCREG   0x000fae       data     extern E:\c18v3.46\pic18-lt\cxx-framework\src\traditional\proc\p18f4620.asm
                    RCSTA   0x000fab       data     extern E:\c18v3.46\pic18-lt\cxx-framework\src\traditional\proc\p18f4620.asm
                RCSTAbits   0x000fab       data     extern E:\c18v3.46\pic18-lt\cxx-framework\src\traditional\proc\p18f4620.asm
                     SIGN   0x000000       data     extern E:\c18v3.46\pic18-lt\cxx-framework\src\traditional\math\cmath18.asm
                    SPBRG   0x000faf       data     extern E:\c18v3.46\pic18-lt\cxx-framework\src\traditional\proc\p18f4620.asm
                   SPBRGH   0x000fb0       data     extern E:\c18v3.46\pic18-lt\cxx-framework\src\traditional\proc\p18f4620.asm
                   SSPADD   0x000fc8       data     extern E:\c18v3.46\pic18-lt\cxx-framework\src\traditional\proc\p18f4620.asm
                   SSPBUF   0x000fc9       data     extern E:\c18v3.46\pic18-lt\cxx-framework\src\traditional\proc\p18f4620.asm
                  SSPCON1   0x000fc6       data     extern E:\c18v3.46\pic18-lt\cxx-framework\src\traditional\proc\p18f4620.asm
              SSPCON1bits   0x000fc6       data     extern E:\c18v3.46\pic18-lt\cxx-framework\src\traditional\proc\p18f4620.asm
                  SSPCON2   0x000fc5       data     extern E:\c18v3.46\pic18-lt\cxx-framework\src\traditional\proc\p18f4620.asm
              SSPCON2bits   0x000fc5       data     extern E:\c18v3.46\pic18-lt\cxx-framework\src\traditional\proc\p18f4620.asm
                  SSPSTAT   0x000fc7       data     extern E:\c18v3.46\pic18-lt\cxx-framework\src\traditional\proc\p18f4620.asm
              SSPSTATbits   0x000fc7       data     extern E:\c18v3.46\pic18-lt\cxx-framework\src\traditional\proc\p18f4620.asm
                   STATUS   0x000fd8       data     extern E:\c18v3.46\pic18-lt\cxx-framework\src\traditional\proc\p18f4620.asm
               STATUSbits   0x000fd8       data     extern E:\c18v3.46\pic18-lt\cxx-framework\src\traditional\proc\p18f4620.asm
                   STKPTR   0x000ffc       data     extern E:\c18v3.46\pic18-lt\cxx-framework\src\traditional\proc\p18f4620.asm
               STKPTRbits   0x000ffc       data     extern E:\c18v3.46\pic18-lt\cxx-framework\src\traditional\proc\p18f4620.asm
                    T0CON   0x000fd5       data     extern E:\c18v3.46\pic18-lt\cxx-framework\src\traditional\proc\p18f4620.asm
                T0CONbits   0x000fd5       data     extern E:\c18v3.46\pic18-lt\cxx-framework\src\traditional\proc\p18f4620.asm
                    T1CON   0x000fcd       data     extern E:\c18v3.46\pic18-lt\cxx-framework\src\traditional\proc\p18f4620.asm
                T1CONbits   0x000fcd       data     extern E:\c18v3.46\pic18-lt\cxx-framework\src\traditional\proc\p18f4620.asm
                    T2CON   0x000fca       data     extern E:\c18v3.46\pic18-lt\cxx-framework\src\traditional\proc\p18f4620.asm
                T2CONbits   0x000fca       data     extern E:\c18v3.46\pic18-lt\cxx-framework\src\traditional\proc\p18f4620.asm
                    T3CON   0x000fb1       data     extern E:\c18v3.46\pic18-lt\cxx-framework\src\traditional\proc\p18f4620.asm
                T3CONbits   0x000fb1       data     extern E:\c18v3.46\pic18-lt\cxx-framework\src\traditional\proc\p18f4620.asm
                   TABLAT   0x000ff5       data     extern E:\c18v3.46\pic18-lt\cxx-framework\src\traditional\proc\p18f4620.asm
                   TBLPTR   0x000ff6       data     extern E:\c18v3.46\pic18-lt\cxx-framework\src\traditional\proc\p18f4620.asm
                  TBLPTRH   0x000ff7       data     extern E:\c18v3.46\pic18-lt\cxx-framework\src\traditional\proc\p18f4620.asm
                  TBLPTRL   0x000ff6       data     extern E:\c18v3.46\pic18-lt\cxx-framework\src\traditional\proc\p18f4620.asm
                  TBLPTRU   0x000ff8       data     extern E:\c18v3.46\pic18-lt\cxx-framework\src\traditional\proc\p18f4620.asm
                    TMR0H   0x000fd7       data     extern E:\c18v3.46\pic18-lt\cxx-framework\src\traditional\proc\p18f4620.asm
                    TMR0L   0x000fd6       data     extern E:\c18v3.46\pic18-lt\cxx-framework\src\traditional\proc\p18f4620.asm
                    TMR1H   0x000fcf       data     extern E:\c18v3.46\pic18-lt\cxx-framework\src\traditional\proc\p18f4620.asm
                    TMR1L   0x000fce       data     extern E:\c18v3.46\pic18-lt\cxx-framework\src\traditional\proc\p18f4620.asm
                     TMR2   0x000fcc       data     extern E:\c18v3.46\pic18-lt\cxx-framework\src\traditional\proc\p18f4620.asm
                    TMR3H   0x000fb3       data     extern E:\c18v3.46\pic18-lt\cxx-framework\src\traditional\proc\p18f4620.asm
                    TMR3L   0x000fb2       data     extern E:\c18v3.46\pic18-lt\cxx-framework\src\traditional\proc\p18f4620.asm
                      TOS   0x000ffd       data     extern E:\c18v3.46\pic18-lt\cxx-framework\src\traditional\proc\p18f4620.asm
                     TOSH   0x000ffe       data     extern E:\c18v3.46\pic18-lt\cxx-framework\src\traditional\proc\p18f4620.asm
                     TOSL   0x000ffd       data     extern E:\c18v3.46\pic18-lt\cxx-framework\src\traditional\proc\p18f4620.asm
                     TOSU   0x000fff       data     extern E:\c18v3.46\pic18-lt\cxx-framework\src\traditional\proc\p18f4620.asm
                    TRISA   0x000f92       data     extern E:\c18v3.46\pic18-lt\cxx-framework\src\traditional\proc\p18f4620.asm
                TRISAbits   0x000f92       data     extern E:\c18v3.46\pic18-lt\cxx-framework\src\traditional\proc\p18f4620.asm
                    TRISB   0x000f93       data     extern E:\c18v3.46\pic18-lt\cxx-framework\src\traditional\proc\p18f4620.asm
                TRISBbits   0x000f93       data     extern E:\c18v3.46\pic18-lt\cxx-framework\src\traditional\proc\p18f4620.asm
                    TRISC   0x000f94       data     extern E:\c18v3.46\pic18-lt\cxx-framework\src\traditional\proc\p18f4620.asm
                TRISCbits   0x000f94       data     extern E:\c18v3.46\pic18-lt\cxx-framework\src\traditional\proc\p18f4620.asm
                    TRISD   0x000f95       data     extern E:\c18v3.46\pic18-lt\cxx-framework\src\traditional\proc\p18f4620.asm
                TRISDbits   0x000f95       data     extern E:\c18v3.46\pic18-lt\cxx-framework\src\traditional\proc\p18f4620.asm
                    TRISE   0x000f96       data     extern E:\c18v3.46\pic18-lt\cxx-framework\src\traditional\proc\p18f4620.asm
                TRISEbits   0x000f96       data     extern E:\c18v3.46\pic18-lt\cxx-framework\src\traditional\proc\p18f4620.asm
                    TXREG   0x000fad       data     extern E:\c18v3.46\pic18-lt\cxx-framework\src\traditional\proc\p18f4620.asm
                    TXSTA   0x000fac       data     extern E:\c18v3.46\pic18-lt\cxx-framework\src\traditional\proc\p18f4620.asm
                TXSTAbits   0x000fac       data     extern E:\c18v3.46\pic18-lt\cxx-framework\src\traditional\proc\p18f4620.asm
             USART_Status   0x000277       data     extern E:\c18v3.46\pic18-lt\cxx-framework\src\pmc_common\USART\udefs.c
                        W   0x000fe8       data     extern E:\c18v3.46\pic18-lt\cxx-framework\src\traditional\proc\p18f4620.asm
                   WDTCON   0x000fd1       data     extern E:\c18v3.46\pic18-lt\cxx-framework\src\traditional\proc\p18f4620.asm
               WDTCONbits   0x000fd1       data     extern E:\c18v3.46\pic18-lt\cxx-framework\src\traditional\proc\p18f4620.asm
                     WREG   0x000fe8       data     extern E:\c18v3.46\pic18-lt\cxx-framework\src\traditional\proc\p18f4620.asm
                 __AARGB0   0x000009       data     extern E:\c18v3.46\pic18-lt\cxx-framework\src\traditional\math\aarg.asm
                 __AARGB1   0x000008       data     extern E:\c18v3.46\pic18-lt\cxx-framework\src\traditional\math\aarg.asm
                 __AARGB2   0x000007       data     extern E:\c18v3.46\pic18-lt\cxx-framework\src\traditional\math\aarg.asm
                 __AARGB3   0x000006       data     extern E:\c18v3.46\pic18-lt\cxx-framework\src\traditional\math\aarg.asm
                 __AARGB4   0x000005       data     extern E:\c18v3.46\pic18-lt\cxx-framework\src\traditional\math\aarg.asm
                 __AARGB5   0x000004       data     extern E:\c18v3.46\pic18-lt\cxx-framework\src\traditional\math\aarg.asm
                 __AARGB6   0x000003       data     extern E:\c18v3.46\pic18-lt\cxx-framework\src\traditional\math\aarg.asm
                 __AARGB7   0x000002       data     extern E:\c18v3.46\pic18-lt\cxx-framework\src\traditional\math\aarg.asm
                   __AEXP   0x00000a       data     extern E:\c18v3.46\pic18-lt\cxx-framework\src\traditional\math\aarg.asm
                 __BARGB0   0x00000e       data     extern E:\c18v3.46\pic18-lt\cxx-framework\src\traditional\math\barg.asm
                 __BARGB1   0x00000d       data     extern E:\c18v3.46\pic18-lt\cxx-framework\src\traditional\math\barg.asm
                 __BARGB2   0x00000c       data     extern E:\c18v3.46\pic18-lt\cxx-framework\src\traditional\math\barg.asm
                 __BARGB3   0x00000b       data     extern E:\c18v3.46\pic18-lt\cxx-framework\src\traditional\math\barg.asm
                   __BEXP   0x00000f       data     extern E:\c18v3.46\pic18-lt\cxx-framework\src\traditional\math\barg.asm
                __FPFLAGS   0x000001       data     extern E:\c18v3.46\pic18-lt\cxx-framework\src\traditional\math\cmath18.asm
            __FPFLAGSbits   0x000001       data     extern E:\c18v3.46\pic18-lt\cxx-framework\src\traditional\math\cmath18.asm
                  __REMB0   0x000005       data     extern E:\c18v3.46\pic18-lt\cxx-framework\src\traditional\math\aarg.asm
                  __REMB1   0x000004       data     extern E:\c18v3.46\pic18-lt\cxx-framework\src\traditional\math\aarg.asm
                  __REMB2   0x000003       data     extern E:\c18v3.46\pic18-lt\cxx-framework\src\traditional\math\aarg.asm
                  __REMB3   0x000002       data     extern E:\c18v3.46\pic18-lt\cxx-framework\src\traditional\math\aarg.asm
                   __TEMP   0x000013       data     extern E:\c18v3.46\pic18-lt\cxx-framework\src\traditional\math\temparg.asm
                 __TEMPB0   0x000013       data     extern E:\c18v3.46\pic18-lt\cxx-framework\src\traditional\math\temparg.asm
                 __TEMPB1   0x000012       data     extern E:\c18v3.46\pic18-lt\cxx-framework\src\traditional\math\temparg.asm
                 __TEMPB2   0x000011       data     extern E:\c18v3.46\pic18-lt\cxx-framework\src\traditional\math\temparg.asm
                 __TEMPB3   0x000010       data     extern E:\c18v3.46\pic18-lt\cxx-framework\src\traditional\math\temparg.asm
                  __tmp_0   0x000014       data     static E:\c18v3.46\pic18-lt\cxx-framework\src\pmc_common\USART\uopen.c
                  __tmp_0   0x000014       data     static C:\Users\JO\Desktop\MMD_MODBUS_18F4620\source\MMD.c
                  __tmp_0   0x000014       data     static C:\Users\JO\Desktop\MMD_MODBUS_18F4620\source\main.c
                  __tmp_0   0x000014       data     static C:\Users\JO\Desktop\MMD_MODBUS_18F4620\source\board.c
                  __tmp_0   0x000014       data     static C:\Users\JO\Desktop\MMD_MODBUS_18F4620\source\app.c
                  __tmp_0   0x000014       data     static C:\Users\JO\Desktop\MMD_MODBUS_18F4620\modbus\mb.c
                  __tmp_0   0x000014       data     static C:\Users\JO\Desktop\MMD_MODBUS_18F4620\modbus\portserial.c
                  __tmp_0   0x000014       data     static C:\Users\JO\Desktop\MMD_MODBUS_18F4620\modbus\rtu\mbcrc.c
                  __tmp_0   0x000014       data     static C:\Users\JO\Desktop\MMD_MODBUS_18F4620\modbus\rtu\mbrtu.c
                  __tmp_0   0x000014       data     static C:\Users\JO\Desktop\MMD_MODBUS_18F4620\modbus\functions\mbutils.c
                  __tmp_0   0x000014       data     static C:\Users\JO\Desktop\MMD_MODBUS_18F4620\modbus\functions\mbfuncother.c
                  __tmp_0   0x000014       data     static C:\Users\JO\Desktop\MMD_MODBUS_18F4620\modbus\functions\mbfunccoils.c
                  __tmp_0   0x000014       data     static C:\Users\JO\Desktop\MMD_MODBUS_18F4620\modbus\functions\mbfuncdisc.c
                  __tmp_0   0x000014       data     static C:\Users\JO\Desktop\MMD_MODBUS_18F4620\modbus\functions\mbfuncinput.c
                  __tmp_0   0x000014       data     static C:\Users\JO\Desktop\MMD_MODBUS_18F4620\modbus\functions\mbfuncholding.c
                      app   0x00024d       data     extern C:\Users\JO\Desktop\MMD_MODBUS_18F4620\source\app.c
           comUpdateCount   0x000f7a       data     extern C:\Users\JO\Desktop\MMD_MODBUS_18F4620\source\timer.c
                curr_byte   0x00026a       data     static E:\c18v3.46\pic18-lt\cxx-framework\src\traditional\startup\c018i.c
               curr_entry   0x00026c       data     static E:\c18v3.46\pic18-lt\cxx-framework\src\traditional\startup\c018i.c
                 data_ptr   0x00026e       data     static E:\c18v3.46\pic18-lt\cxx-framework\src\traditional\startup\c018i.c
               eException   0x000f67       data     static C:\Users\JO\Desktop\MMD_MODBUS_18F4620\modbus\mb.c
           eMBCurrentMode   0x000f42       data     static C:\Users\JO\Desktop\MMD_MODBUS_18F4620\modbus\mb.c
                 eMBState   0x000f00       data     static C:\Users\JO\Desktop\MMD_MODBUS_18F4620\modbus\mb.c
             eQueuedEvent   0x000271       data     static C:\Users\JO\Desktop\MMD_MODBUS_18F4620\modbus\portevent.c
                eRcvState   0x000274       data     static C:\Users\JO\Desktop\MMD_MODBUS_18F4620\modbus\rtu\mbrtu.c
                eSndState   0x000273       data     static C:\Users\JO\Desktop\MMD_MODBUS_18F4620\modbus\rtu\mbrtu.c
           heartBeatCount   0x000f74       data     extern C:\Users\JO\Desktop\MMD_MODBUS_18F4620\source\timer.c
                 iSRState   0x00027a       data     extern C:\Users\JO\Desktop\MMD_MODBUS_18F4620\source\MMD.c
       keypadUpdate_count   0x000f78       data     extern C:\Users\JO\Desktop\MMD_MODBUS_18F4620\source\timer.c
                 ledState   0x000278       data     static C:\Users\JO\Desktop\MMD_MODBUS_18F4620\source\board.c
                 ledState   0x000279       data     extern C:\Users\JO\Desktop\MMD_MODBUS_18F4620\source\heartBeat.c
                mmdConfig   0x000261       data     extern C:\Users\JO\Desktop\MMD_MODBUS_18F4620\source\app.c
               mmdSegment   0x000176       data     extern C:\Users\JO\Desktop\MMD_MODBUS_18F4620\source\MMD.c
           mmdUpdateCount   0x000f7c       data     extern C:\Users\JO\Desktop\MMD_MODBUS_18F4620\source\timer.c
      peMBFrameReceiveCur   0x000f4c       data     static C:\Users\JO\Desktop\MMD_MODBUS_18F4620\modbus\mb.c
         peMBFrameSendCur   0x000f43       data     static C:\Users\JO\Desktop\MMD_MODBUS_18F4620\modbus\mb.c
                     prom   0x000267       data     static E:\c18v3.46\pic18-lt\cxx-framework\src\traditional\startup\c018i.c
          pucSndBufferCur   0x000170       data     static C:\Users\JO\Desktop\MMD_MODBUS_18F4620\modbus\rtu\mbrtu.c
        pvMBFrameCloseCur   0x000f4f       data     static C:\Users\JO\Desktop\MMD_MODBUS_18F4620\modbus\mb.c
        pvMBFrameStartCur   0x000f46       data     static C:\Users\JO\Desktop\MMD_MODBUS_18F4620\modbus\mb.c
         pvMBFrameStopCur   0x000f49       data     static C:\Users\JO\Desktop\MMD_MODBUS_18F4620\modbus\mb.c
  pxMBFrameCBByteReceived   0x000f52       data     extern C:\Users\JO\Desktop\MMD_MODBUS_18F4620\modbus\mb.c
 pxMBFrameCBReceiveFSMCur   0x000f5b       data     extern C:\Users\JO\Desktop\MMD_MODBUS_18F4620\modbus\mb.c
pxMBFrameCBTransmitFSMCur   0x000f5e       data     extern C:\Users\JO\Desktop\MMD_MODBUS_18F4620\modbus\mb.c
pxMBFrameCBTransmitterEmpty   0x000f55       data     extern C:\Users\JO\Desktop\MMD_MODBUS_18F4620\modbus\mb.c
   pxMBPortCBTimerExpired   0x000f58       data     extern C:\Users\JO\Desktop\MMD_MODBUS_18F4620\modbus\mb.c
                   reload   0x000f7e       data     extern C:\Users\JO\Desktop\MMD_MODBUS_18F4620\modbus\porttimer.c
               tickPeriod   0x000275       data     extern C:\Users\JO\Desktop\MMD_MODBUS_18F4620\source\board.c
                      tmr   0x000f68       data     extern C:\Users\JO\Desktop\MMD_MODBUS_18F4620\source\timer.c
           ucFunctionCode   0x000f64       data     static C:\Users\JO\Desktop\MMD_MODBUS_18F4620\modbus\mb.c
              ucMBAddress   0x000f41       data     static C:\Users\JO\Desktop\MMD_MODBUS_18F4620\modbus\mb.c
                ucMBFrame   0x000f61       data     static C:\Users\JO\Desktop\MMD_MODBUS_18F4620\modbus\mb.c
              ucMBSlaveID   0x00022b       data     static C:\Users\JO\Desktop\MMD_MODBUS_18F4620\modbus\functions\mbfuncother.c
                 ucRTUBuf   0x000080       data     extern C:\Users\JO\Desktop\MMD_MODBUS_18F4620\modbus\rtu\mbrtu.c
             ucRcvAddress   0x000f63       data     static C:\Users\JO\Desktop\MMD_MODBUS_18F4620\modbus\mb.c
                 usLength   0x000f65       data     static C:\Users\JO\Desktop\MMD_MODBUS_18F4620\modbus\mb.c
           usMBSlaveIDLen   0x00024b       data     static C:\Users\JO\Desktop\MMD_MODBUS_18F4620\modbus\functions\mbfuncother.c
           usRcvBufferPos   0x000174       data     static C:\Users\JO\Desktop\MMD_MODBUS_18F4620\modbus\rtu\mbrtu.c
         usSndBufferCount   0x000172       data     static C:\Users\JO\Desktop\MMD_MODBUS_18F4620\modbus\rtu\mbrtu.c
            xEventInQueue   0x000272       data     static C:\Users\JO\Desktop\MMD_MODBUS_18F4620\modbus\portevent.c
            xFuncHandlers   0x000f01       data     static C:\Users\JO\Desktop\MMD_MODBUS_18F4620\modbus\mb.c



                              Symbols - Sorted by Address
                     Name    Address   Location    Storage File                     
                ---------  ---------  ---------  --------- ---------                
                   _entry   0x000000    program     extern E:\c18v3.46\pic18-lt\cxx-framework\src\traditional\startup\c018i.c
       ___return_lbl00000   0x000004    program     static                          
                   __init   0x000006    program     extern E:\c18v3.46\pic18-lt\cxx-framework\src\traditional\stdclib\__init.c
           high_interrupt   0x000008    program     extern C:\Users\JO\Desktop\MMD_MODBUS_18F4620\source\interruptvector.c
           ___if_lbl00001   0x000010    program     static                          
           ___if_lbl00002   0x000018    program     static                          
           ___if_lbl00003   0x000020    program     static                          
           ___if_lbl00004   0x000028    program     static                          
       ___return_lbl00000   0x000028    program     static                          
         EnableInterrupts   0x00002a    program     extern C:\Users\JO\Desktop\MMD_MODBUS_18F4620\source\interruptvector.c
                   getBit   0x000094    program     static C:\Users\JO\Desktop\MMD_MODBUS_18F4620\source\MMD.c
                   setBit   0x0000d4    program     static C:\Users\JO\Desktop\MMD_MODBUS_18F4620\source\MMD.c
                 clearBit   0x00010a    program     static C:\Users\JO\Desktop\MMD_MODBUS_18F4620\source\MMD.c
                 MMD_init   0x000142    program     extern C:\Users\JO\Desktop\MMD_MODBUS_18F4620\source\MMD.c
        MMD_configSegment   0x0003a8    program     extern C:\Users\JO\Desktop\MMD_MODBUS_18F4620\source\MMD.c
       MMD_setScrollSpeed   0x000bfa    program     extern C:\Users\JO\Desktop\MMD_MODBUS_18F4620\source\MMD.c
         MMD_changeSymbol   0x000c52    program     extern C:\Users\JO\Desktop\MMD_MODBUS_18F4620\source\MMD.c
         MMD_clearSegment   0x000e20    program     extern C:\Users\JO\Desktop\MMD_MODBUS_18F4620\source\MMD.c
                 MMD_task   0x001062    program     extern C:\Users\JO\Desktop\MMD_MODBUS_18F4620\source\MMD.c
       MMD_refreshDisplay   0x001802    program     extern C:\Users\JO\Desktop\MMD_MODBUS_18F4620\source\MMD.c
       WriteDataToDisplay   0x001ad2    program     extern C:\Users\JO\Desktop\MMD_MODBUS_18F4620\source\MMD.c
eMBFuncWriteHoldingRegister   0x001b22    program     extern C:\Users\JO\Desktop\MMD_MODBUS_18F4620\modbus\functions\mbfuncholding.c
eMBFuncWriteMultipleHoldingRegister   0x001c12    program     extern C:\Users\JO\Desktop\MMD_MODBUS_18F4620\modbus\functions\mbfuncholding.c
eMBFuncReadHoldingRegister   0x001e00    program     extern C:\Users\JO\Desktop\MMD_MODBUS_18F4620\modbus\functions\mbfuncholding.c
eMBFuncReadWriteMultipleHoldingRegister   0x002042    program     extern C:\Users\JO\Desktop\MMD_MODBUS_18F4620\modbus\functions\mbfuncholding.c
         eMBFuncReadCoils   0x002430    program     extern C:\Users\JO\Desktop\MMD_MODBUS_18F4620\modbus\functions\mbfunccoils.c
         eMBFuncWriteCoil   0x0026a2    program     extern C:\Users\JO\Desktop\MMD_MODBUS_18F4620\modbus\functions\mbfunccoils.c
eMBFuncWriteMultipleCoils   0x002814    program     extern C:\Users\JO\Desktop\MMD_MODBUS_18F4620\modbus\functions\mbfunccoils.c
                  eMBInit   0x002a42    program     extern C:\Users\JO\Desktop\MMD_MODBUS_18F4620\modbus\mb.c
            eMBRegisterCB   0x002b48    program     extern C:\Users\JO\Desktop\MMD_MODBUS_18F4620\modbus\mb.c
                 eMBClose   0x002d5c    program     extern C:\Users\JO\Desktop\MMD_MODBUS_18F4620\modbus\mb.c
                eMBEnable   0x002d9e    program     extern C:\Users\JO\Desktop\MMD_MODBUS_18F4620\modbus\mb.c
               eMBDisable   0x002dda    program     extern C:\Users\JO\Desktop\MMD_MODBUS_18F4620\modbus\mb.c
                  eMBPoll   0x002e20    program     extern C:\Users\JO\Desktop\MMD_MODBUS_18F4620\modbus\mb.c
               eMBRTUInit   0x003048    program     extern C:\Users\JO\Desktop\MMD_MODBUS_18F4620\modbus\rtu\mbrtu.c
              eMBRTUStart   0x003188    program     extern C:\Users\JO\Desktop\MMD_MODBUS_18F4620\modbus\rtu\mbrtu.c
               eMBRTUStop   0x0031a4    program     extern C:\Users\JO\Desktop\MMD_MODBUS_18F4620\modbus\rtu\mbrtu.c
            eMBRTUReceive   0x0031ba    program     extern C:\Users\JO\Desktop\MMD_MODBUS_18F4620\modbus\rtu\mbrtu.c
               eMBRTUSend   0x00329a    program     extern C:\Users\JO\Desktop\MMD_MODBUS_18F4620\modbus\rtu\mbrtu.c
         xMBRTUReceiveFSM   0x0033aa    program     extern C:\Users\JO\Desktop\MMD_MODBUS_18F4620\modbus\rtu\mbrtu.c
        xMBRTUTransmitFSM   0x003478    program     extern C:\Users\JO\Desktop\MMD_MODBUS_18F4620\modbus\rtu\mbrtu.c
    xMBRTUTimerT35Expired   0x003506    program     extern C:\Users\JO\Desktop\MMD_MODBUS_18F4620\modbus\rtu\mbrtu.c
             FontTable5x7   0x003558    program     extern C:\Users\JO\Desktop\MMD_MODBUS_18F4620\source\MMD.c
        rightBitPackTable   0x0038f8    program     extern C:\Users\JO\Desktop\MMD_MODBUS_18F4620\source\MMD.c
         leftBitPackTable   0x003904    program     extern C:\Users\JO\Desktop\MMD_MODBUS_18F4620\source\MMD.c
           xMBUtilSetBits   0x003910    program     extern C:\Users\JO\Desktop\MMD_MODBUS_18F4620\modbus\functions\mbutils.c
           xMBUtilGetBits   0x003b34    program     extern C:\Users\JO\Desktop\MMD_MODBUS_18F4620\modbus\functions\mbutils.c
    prveMBError2Exception   0x003c76    program     extern C:\Users\JO\Desktop\MMD_MODBUS_18F4620\modbus\functions\mbutils.c
      vMBPortSerialEnable   0x003cb4    program     extern C:\Users\JO\Desktop\MMD_MODBUS_18F4620\modbus\portserial.c
        xMBPortSerialInit   0x003cea    program     extern C:\Users\JO\Desktop\MMD_MODBUS_18F4620\modbus\portserial.c
     xMBPortSerialPutByte   0x003dbe    program     extern C:\Users\JO\Desktop\MMD_MODBUS_18F4620\modbus\portserial.c
     xMBPortSerialGetByte   0x003df4    program     extern C:\Users\JO\Desktop\MMD_MODBUS_18F4620\modbus\portserial.c
       prvvUARTTxReadyISR   0x003e24    program     extern C:\Users\JO\Desktop\MMD_MODBUS_18F4620\modbus\portserial.c
            prvvUARTRxISR   0x003ed0    program     extern C:\Users\JO\Desktop\MMD_MODBUS_18F4620\modbus\portserial.c
eMBFuncReadDiscreteInputs   0x003f7c    program     extern C:\Users\JO\Desktop\MMD_MODBUS_18F4620\modbus\functions\mbfuncdisc.c
 eMBFuncReadInputRegister   0x0041ec    program     extern C:\Users\JO\Desktop\MMD_MODBUS_18F4620\modbus\functions\mbfuncinput.c
                 APP_init   0x004444    program     extern C:\Users\JO\Desktop\MMD_MODBUS_18F4620\source\app.c
                 APP_task   0x0044cc    program     extern C:\Users\JO\Desktop\MMD_MODBUS_18F4620\source\app.c
            eMBRegInputCB   0x0044ce    program     extern C:\Users\JO\Desktop\MMD_MODBUS_18F4620\source\app.c
          eMBRegHoldingCB   0x0044f8    program     extern C:\Users\JO\Desktop\MMD_MODBUS_18F4620\source\app.c
            eMBRegCoilsCB   0x00465e    program     extern C:\Users\JO\Desktop\MMD_MODBUS_18F4620\source\app.c
         eMBRegDiscreteCB   0x004672    program     extern C:\Users\JO\Desktop\MMD_MODBUS_18F4620\source\app.c
                 TMR0_ISR   0x004686    program     extern C:\Users\JO\Desktop\MMD_MODBUS_18F4620\source\timer.c
                 TMR1_ISR   0x004756    program     extern C:\Users\JO\Desktop\MMD_MODBUS_18F4620\source\timer.c
                TMR0_init   0x004810    program     extern C:\Users\JO\Desktop\MMD_MODBUS_18F4620\source\timer.c
                TMR1_init   0x004856    program     extern C:\Users\JO\Desktop\MMD_MODBUS_18F4620\source\timer.c
                 aucCRCHi   0x00489e    program     static C:\Users\JO\Desktop\MMD_MODBUS_18F4620\modbus\rtu\mbcrc.c
                 aucCRCLo   0x00499e    program     static C:\Users\JO\Desktop\MMD_MODBUS_18F4620\modbus\rtu\mbcrc.c
                     main   0x004a9e    program     extern C:\Users\JO\Desktop\MMD_MODBUS_18F4620\source\main.c
                 BRD_init   0x004c44    program     extern C:\Users\JO\Desktop\MMD_MODBUS_18F4620\source\board.c
            eMBSetSlaveID   0x004dbc    program     extern C:\Users\JO\Desktop\MMD_MODBUS_18F4620\modbus\functions\mbfuncother.c
     eMBFuncReportSlaveID   0x004eb0    program     extern C:\Users\JO\Desktop\MMD_MODBUS_18F4620\modbus\functions\mbfuncother.c
                usMBCRC16   0x004f22    program     extern C:\Users\JO\Desktop\MMD_MODBUS_18F4620\modbus\rtu\mbcrc.c
        xMBPortTimersInit   0x00501e    program     extern C:\Users\JO\Desktop\MMD_MODBUS_18F4620\modbus\porttimer.c
      vMBPortTimersEnable   0x00504c    program     extern C:\Users\JO\Desktop\MMD_MODBUS_18F4620\modbus\porttimer.c
     vMBPortTimersDisable   0x005062    program     extern C:\Users\JO\Desktop\MMD_MODBUS_18F4620\modbus\porttimer.c
      prvvTIMERExpiredISR   0x005066    program     extern C:\Users\JO\Desktop\MMD_MODBUS_18F4620\modbus\porttimer.c
                   memcpy   0x005114    program     extern E:\c18v3.46\pic18-lt\cxx-framework\src\traditional\stdclib\memcpy.asm
                    jLoop   0x00513c    program     static E:\c18v3.46\pic18-lt\cxx-framework\src\traditional\stdclib\memcpy.asm
              _4jContinue   0x005148    program     static E:\c18v3.46\pic18-lt\cxx-framework\src\traditional\stdclib\memcpy.asm
                   _5jEnd   0x005152    program     static E:\c18v3.46\pic18-lt\cxx-framework\src\traditional\stdclib\memcpy.asm
                     jEnd   0x005158    program     static E:\c18v3.46\pic18-lt\cxx-framework\src\traditional\stdclib\memcpy.asm
                   memset   0x00516a    program     extern E:\c18v3.46\pic18-lt\cxx-framework\src\traditional\stdclib\memset.asm
                    jLoop   0x00517e    program     static E:\c18v3.46\pic18-lt\cxx-framework\src\traditional\stdclib\memset.asm
              _2jContinue   0x00518a    program     static E:\c18v3.46\pic18-lt\cxx-framework\src\traditional\stdclib\memset.asm
                   _3jEnd   0x005194    program     static E:\c18v3.46\pic18-lt\cxx-framework\src\traditional\stdclib\memset.asm
                     jEnd   0x00519c    program     static E:\c18v3.46\pic18-lt\cxx-framework\src\traditional\stdclib\memset.asm
                   strlen   0x00519e    program     extern E:\c18v3.46\pic18-lt\cxx-framework\src\traditional\stdclib\strlen.asm
                    jLoop   0x0051ae    program     static E:\c18v3.46\pic18-lt\cxx-framework\src\traditional\stdclib\strlen.asm
                     jEnd   0x0051b8    program     static E:\c18v3.46\pic18-lt\cxx-framework\src\traditional\stdclib\strlen.asm
                _do_cinit   0x0051ba    program     extern E:\c18v3.46\pic18-lt\cxx-framework\src\traditional\startup\c018i.c
                     test   0x0051d4    program     static                          
                copy_loop   0x00522c    program     static                          
            copy_one_byte   0x005232    program     static                          
             done_copying   0x005240    program     static                          
                     done   0x005256    program     static                          
       ___return_lbl00002   0x005256    program     static                          
                OpenUSART   0x005258    program     extern E:\c18v3.46\pic18-lt\cxx-framework\src\pmc_common\USART\uopen.c
         xMBPortEventInit   0x0052e2    program     extern C:\Users\JO\Desktop\MMD_MODBUS_18F4620\modbus\portevent.c
         xMBPortEventPost   0x0052ec    program     extern C:\Users\JO\Desktop\MMD_MODBUS_18F4620\modbus\portevent.c
          xMBPortEventGet   0x00530c    program     extern C:\Users\JO\Desktop\MMD_MODBUS_18F4620\modbus\portevent.c
                 FXD3232U   0x005342    program     extern E:\c18v3.46\pic18-lt\cxx-framework\src\traditional\math\fxd3232u.c
                     loop   0x005350    program     static                          
                   _false   0x005384    program     static                          
       ___return_lbl00000   0x005388    program     static                          
               OpenTimer3   0x00538a    program     extern E:\c18v3.46\pic18-lt\cxx-framework\src\pmc_common\Timers\t3open.c
               OpenTimer1   0x0053cc    program     extern E:\c18v3.46\pic18-lt\cxx-framework\src\pmc_common\Timers\t1open.c
                ReadUSART   0x00540e    program     extern E:\c18v3.46\pic18-lt\cxx-framework\src\pmc_common\USART\uread.c
                 FXM1616U   0x00544c    program     extern E:\c18v3.46\pic18-lt\cxx-framework\src\traditional\math\fxm1616u.asm
              WriteTimer3   0x005488    program     extern E:\c18v3.46\pic18-lt\cxx-framework\src\pmc_common\Timers\t3write.c
              WriteTimer1   0x0054c0    program     extern E:\c18v3.46\pic18-lt\cxx-framework\src\pmc_common\Timers\t1write.c
              WriteTimer0   0x0054f8    program     extern E:\c18v3.46\pic18-lt\cxx-framework\src\pmc_common\Timers\t0write.c
               OpenTimer0   0x005530    program     extern E:\c18v3.46\pic18-lt\cxx-framework\src\pmc_common\Timers\t0open.c
                 FXD1616U   0x005568    program     extern E:\c18v3.46\pic18-lt\cxx-framework\src\traditional\math\fxd1616u.c
                     loop   0x005572    program     static                          
                  endloop   0x00558e    program     static                          
       ___return_lbl00000   0x005592    program     static                          
            __zero_memory   0x005594    program     extern E:\c18v3.46\pic18-lt\cxx-framework\src\traditional\proc\p18f4620.asm
               zero_block   0x0055a2    program     static E:\c18v3.46\pic18-lt\cxx-framework\src\traditional\proc\p18f4620.asm
                   loop_h   0x0055a2    program     static E:\c18v3.46\pic18-lt\cxx-framework\src\traditional\proc\p18f4620.asm
                compare_l   0x0055aa    program     static E:\c18v3.46\pic18-lt\cxx-framework\src\traditional\proc\p18f4620.asm
                   loop_l   0x0055ac    program     static E:\c18v3.46\pic18-lt\cxx-framework\src\traditional\proc\p18f4620.asm
                 _startup   0x0055b4    program     extern E:\c18v3.46\pic18-lt\cxx-framework\src\traditional\startup\c018i.c
                     loop   0x0055c4    program     static                          
[...]
                TRISCbits   0x000f94       data     extern E:\c18v3.46\pic18-lt\cxx-framework\src\traditional\proc\p18f4620.asm
                    TRISC   0x000f94       data     extern E:\c18v3.46\pic18-lt\cxx-framework\src\traditional\proc\p18f4620.asm
                     DDRD   0x000f95       data     extern E:\c18v3.46\pic18-lt\cxx-framework\src\traditional\proc\p18f4620.asm
                 DDRDbits   0x000f95       data     extern E:\c18v3.46\pic18-lt\cxx-framework\src\traditional\proc\p18f4620.asm
                TRISDbits   0x000f95       data     extern E:\c18v3.46\pic18-lt\cxx-framework\src\traditional\proc\p18f4620.asm
                    TRISD   0x000f95       data     extern E:\c18v3.46\pic18-lt\cxx-framework\src\traditional\proc\p18f4620.asm
                 DDREbits   0x000f96       data     extern E:\c18v3.46\pic18-lt\cxx-framework\src\traditional\proc\p18f4620.asm
                     DDRE   0x000f96       data     extern E:\c18v3.46\pic18-lt\cxx-framework\src\traditional\proc\p18f4620.asm
                    TRISE   0x000f96       data     extern E:\c18v3.46\pic18-lt\cxx-framework\src\traditional\proc\p18f4620.asm
                TRISEbits   0x000f96       data     extern E:\c18v3.46\pic18-lt\cxx-framework\src\traditional\proc\p18f4620.asm
              OSCTUNEbits   0x000f9b       data     extern E:\c18v3.46\pic18-lt\cxx-framework\src\traditional\proc\p18f4620.asm
                  OSCTUNE   0x000f9b       data     extern E:\c18v3.46\pic18-lt\cxx-framework\src\traditional\proc\p18f4620.asm
                 PIE1bits   0x000f9d       data     extern E:\c18v3.46\pic18-lt\cxx-framework\src\traditional\proc\p18f4620.asm
                     PIE1   0x000f9d       data     extern E:\c18v3.46\pic18-lt\cxx-framework\src\traditional\proc\p18f4620.asm
                 PIR1bits   0x000f9e       data     extern E:\c18v3.46\pic18-lt\cxx-framework\src\traditional\proc\p18f4620.asm
                     PIR1   0x000f9e       data     extern E:\c18v3.46\pic18-lt\cxx-framework\src\traditional\proc\p18f4620.asm
                 IPR1bits   0x000f9f       data     extern E:\c18v3.46\pic18-lt\cxx-framework\src\traditional\proc\p18f4620.asm
                     IPR1   0x000f9f       data     extern E:\c18v3.46\pic18-lt\cxx-framework\src\traditional\proc\p18f4620.asm
                     PIE2   0x000fa0       data     extern E:\c18v3.46\pic18-lt\cxx-framework\src\traditional\proc\p18f4620.asm
                 PIE2bits   0x000fa0       data     extern E:\c18v3.46\pic18-lt\cxx-framework\src\traditional\proc\p18f4620.asm
                     PIR2   0x000fa1       data     extern E:\c18v3.46\pic18-lt\cxx-framework\src\traditional\proc\p18f4620.asm
                 PIR2bits   0x000fa1       data     extern E:\c18v3.46\pic18-lt\cxx-framework\src\traditional\proc\p18f4620.asm
                 IPR2bits   0x000fa2       data     extern E:\c18v3.46\pic18-lt\cxx-framework\src\traditional\proc\p18f4620.asm
                     IPR2   0x000fa2       data     extern E:\c18v3.46\pic18-lt\cxx-framework\src\traditional\proc\p18f4620.asm
                   EECON1   0x000fa6       data     extern E:\c18v3.46\pic18-lt\cxx-framework\src\traditional\proc\p18f4620.asm
               EECON1bits   0x000fa6       data     extern E:\c18v3.46\pic18-lt\cxx-framework\src\traditional\proc\p18f4620.asm
                   EECON2   0x000fa7       data     extern E:\c18v3.46\pic18-lt\cxx-framework\src\traditional\proc\p18f4620.asm
                   EEDATA   0x000fa8       data     extern E:\c18v3.46\pic18-lt\cxx-framework\src\traditional\proc\p18f4620.asm
                    EEADR   0x000fa9       data     extern E:\c18v3.46\pic18-lt\cxx-framework\src\traditional\proc\p18f4620.asm
                   EEADRH   0x000faa       data     extern E:\c18v3.46\pic18-lt\cxx-framework\src\traditional\proc\p18f4620.asm
                RCSTAbits   0x000fab       data     extern E:\c18v3.46\pic18-lt\cxx-framework\src\traditional\proc\p18f4620.asm
                    RCSTA   0x000fab       data     extern E:\c18v3.46\pic18-lt\cxx-framework\src\traditional\proc\p18f4620.asm
                TXSTAbits   0x000fac       data     extern E:\c18v3.46\pic18-lt\cxx-framework\src\traditional\proc\p18f4620.asm
                    TXSTA   0x000fac       data     extern E:\c18v3.46\pic18-lt\cxx-framework\src\traditional\proc\p18f4620.asm
                    TXREG   0x000fad       data     extern E:\c18v3.46\pic18-lt\cxx-framework\src\traditional\proc\p18f4620.asm
                    RCREG   0x000fae       data     extern E:\c18v3.46\pic18-lt\cxx-framework\src\traditional\proc\p18f4620.asm
                    SPBRG   0x000faf       data     extern E:\c18v3.46\pic18-lt\cxx-framework\src\traditional\proc\p18f4620.asm
                   SPBRGH   0x000fb0       data     extern E:\c18v3.46\pic18-lt\cxx-framework\src\traditional\proc\p18f4620.asm
                T3CONbits   0x000fb1       data     extern E:\c18v3.46\pic18-lt\cxx-framework\src\traditional\proc\p18f4620.asm
                    T3CON   0x000fb1       data     extern E:\c18v3.46\pic18-lt\cxx-framework\src\traditional\proc\p18f4620.asm
                    TMR3L   0x000fb2       data     extern E:\c18v3.46\pic18-lt\cxx-framework\src\traditional\proc\p18f4620.asm
                    TMR3H   0x000fb3       data     extern E:\c18v3.46\pic18-lt\cxx-framework\src\traditional\proc\p18f4620.asm
                    CMCON   0x000fb4       data     extern E:\c18v3.46\pic18-lt\cxx-framework\src\traditional\proc\p18f4620.asm
                CMCONbits   0x000fb4       data     extern E:\c18v3.46\pic18-lt\cxx-framework\src\traditional\proc\p18f4620.asm
                   CVRCON   0x000fb5       data     extern E:\c18v3.46\pic18-lt\cxx-framework\src\traditional\proc\p18f4620.asm
               CVRCONbits   0x000fb5       data     extern E:\c18v3.46\pic18-lt\cxx-framework\src\traditional\proc\p18f4620.asm
                  ECCP1AS   0x000fb6       data     extern E:\c18v3.46\pic18-lt\cxx-framework\src\traditional\proc\p18f4620.asm
              ECCP1ASbits   0x000fb6       data     extern E:\c18v3.46\pic18-lt\cxx-framework\src\traditional\proc\p18f4620.asm
                  PWM1CON   0x000fb7       data     extern E:\c18v3.46\pic18-lt\cxx-framework\src\traditional\proc\p18f4620.asm
              PWM1CONbits   0x000fb7       data     extern E:\c18v3.46\pic18-lt\cxx-framework\src\traditional\proc\p18f4620.asm
                  BAUDCTL   0x000fb8       data     extern E:\c18v3.46\pic18-lt\cxx-framework\src\traditional\proc\p18f4620.asm
              BAUDCTLbits   0x000fb8       data     extern E:\c18v3.46\pic18-lt\cxx-framework\src\traditional\proc\p18f4620.asm
                  BAUDCON   0x000fb8       data     extern E:\c18v3.46\pic18-lt\cxx-framework\src\traditional\proc\p18f4620.asm
              BAUDCONbits   0x000fb8       data     extern E:\c18v3.46\pic18-lt\cxx-framework\src\traditional\proc\p18f4620.asm
                  CCP2CON   0x000fba       data     extern E:\c18v3.46\pic18-lt\cxx-framework\src\traditional\proc\p18f4620.asm
              CCP2CONbits   0x000fba       data     extern E:\c18v3.46\pic18-lt\cxx-framework\src\traditional\proc\p18f4620.asm
                   CCPR2L   0x000fbb       data     extern E:\c18v3.46\pic18-lt\cxx-framework\src\traditional\proc\p18f4620.asm
                    CCPR2   0x000fbb       data     extern E:\c18v3.46\pic18-lt\cxx-framework\src\traditional\proc\p18f4620.asm
                   CCPR2H   0x000fbc       data     extern E:\c18v3.46\pic18-lt\cxx-framework\src\traditional\proc\p18f4620.asm
                  CCP1CON   0x000fbd       data     extern E:\c18v3.46\pic18-lt\cxx-framework\src\traditional\proc\p18f4620.asm
              CCP1CONbits   0x000fbd       data     extern E:\c18v3.46\pic18-lt\cxx-framework\src\traditional\proc\p18f4620.asm
                    CCPR1   0x000fbe       data     extern E:\c18v3.46\pic18-lt\cxx-framework\src\traditional\proc\p18f4620.asm
                   CCPR1L   0x000fbe       data     extern E:\c18v3.46\pic18-lt\cxx-framework\src\traditional\proc\p18f4620.asm
                   CCPR1H   0x000fbf       data     extern E:\c18v3.46\pic18-lt\cxx-framework\src\traditional\proc\p18f4620.asm
                   ADCON2   0x000fc0       data     extern E:\c18v3.46\pic18-lt\cxx-framework\src\traditional\proc\p18f4620.asm
               ADCON2bits   0x000fc0       data     extern E:\c18v3.46\pic18-lt\cxx-framework\src\traditional\proc\p18f4620.asm
               ADCON1bits   0x000fc1       data     extern E:\c18v3.46\pic18-lt\cxx-framework\src\traditional\proc\p18f4620.asm
                   ADCON1   0x000fc1       data     extern E:\c18v3.46\pic18-lt\cxx-framework\src\traditional\proc\p18f4620.asm
                   ADCON0   0x000fc2       data     extern E:\c18v3.46\pic18-lt\cxx-framework\src\traditional\proc\p18f4620.asm
               ADCON0bits   0x000fc2       data     extern E:\c18v3.46\pic18-lt\cxx-framework\src\traditional\proc\p18f4620.asm
                    ADRES   0x000fc3       data     extern E:\c18v3.46\pic18-lt\cxx-framework\src\traditional\proc\p18f4620.asm
                   ADRESL   0x000fc3       data     extern E:\c18v3.46\pic18-lt\cxx-framework\src\traditional\proc\p18f4620.asm
                   ADRESH   0x000fc4       data     extern E:\c18v3.46\pic18-lt\cxx-framework\src\traditional\proc\p18f4620.asm
                  SSPCON2   0x000fc5       data     extern E:\c18v3.46\pic18-lt\cxx-framework\src\traditional\proc\p18f4620.asm
              SSPCON2bits   0x000fc5       data     extern E:\c18v3.46\pic18-lt\cxx-framework\src\traditional\proc\p18f4620.asm
                  SSPCON1   0x000fc6       data     extern E:\c18v3.46\pic18-lt\cxx-framework\src\traditional\proc\p18f4620.asm
              SSPCON1bits   0x000fc6       data     extern E:\c18v3.46\pic18-lt\cxx-framework\src\traditional\proc\p18f4620.asm
                  SSPSTAT   0x000fc7       data     extern E:\c18v3.46\pic18-lt\cxx-framework\src\traditional\proc\p18f4620.asm
              SSPSTATbits   0x000fc7       data     extern E:\c18v3.46\pic18-lt\cxx-framework\src\traditional\proc\p18f4620.asm
                   SSPADD   0x000fc8       data     extern E:\c18v3.46\pic18-lt\cxx-framework\src\traditional\proc\p18f4620.asm
                   SSPBUF   0x000fc9       data     extern E:\c18v3.46\pic18-lt\cxx-framework\src\traditional\proc\p18f4620.asm
                    T2CON   0x000fca       data     extern E:\c18v3.46\pic18-lt\cxx-framework\src\traditional\proc\p18f4620.asm
                T2CONbits   0x000fca       data     extern E:\c18v3.46\pic18-lt\cxx-framework\src\traditional\proc\p18f4620.asm
                      PR2   0x000fcb       data     extern E:\c18v3.46\pic18-lt\cxx-framework\src\traditional\proc\p18f4620.asm
                     TMR2   0x000fcc       data     extern E:\c18v3.46\pic18-lt\cxx-framework\src\traditional\proc\p18f4620.asm
                T1CONbits   0x000fcd       data     extern E:\c18v3.46\pic18-lt\cxx-framework\src\traditional\proc\p18f4620.asm
                    T1CON   0x000fcd       data     extern E:\c18v3.46\pic18-lt\cxx-framework\src\traditional\proc\p18f4620.asm
                    TMR1L   0x000fce       data     extern E:\c18v3.46\pic18-lt\cxx-framework\src\traditional\proc\p18f4620.asm
                    TMR1H   0x000fcf       data     extern E:\c18v3.46\pic18-lt\cxx-framework\src\traditional\proc\p18f4620.asm
                     RCON   0x000fd0       data     extern E:\c18v3.46\pic18-lt\cxx-framework\src\traditional\proc\p18f4620.asm
                 RCONbits   0x000fd0       data     extern E:\c18v3.46\pic18-lt\cxx-framework\src\traditional\proc\p18f4620.asm
               WDTCONbits   0x000fd1       data     extern E:\c18v3.46\pic18-lt\cxx-framework\src\traditional\proc\p18f4620.asm
                   WDTCON   0x000fd1       data     extern E:\c18v3.46\pic18-lt\cxx-framework\src\traditional\proc\p18f4620.asm
               LVDCONbits   0x000fd2       data     extern E:\c18v3.46\pic18-lt\cxx-framework\src\traditional\proc\p18f4620.asm
                   LVDCON   0x000fd2       data     extern E:\c18v3.46\pic18-lt\cxx-framework\src\traditional\proc\p18f4620.asm
              HLVDCONbits   0x000fd2       data     extern E:\c18v3.46\pic18-lt\cxx-framework\src\traditional\proc\p18f4620.asm
                  HLVDCON   0x000fd2       data     extern E:\c18v3.46\pic18-lt\cxx-framework\src\traditional\proc\p18f4620.asm
               OSCCONbits   0x000fd3       data     extern E:\c18v3.46\pic18-lt\cxx-framework\src\traditional\proc\p18f4620.asm
                   OSCCON   0x000fd3       data     extern E:\c18v3.46\pic18-lt\cxx-framework\src\traditional\proc\p18f4620.asm
                T0CONbits   0x000fd5       data     extern E:\c18v3.46\pic18-lt\cxx-framework\src\traditional\proc\p18f4620.asm
                    T0CON   0x000fd5       data     extern E:\c18v3.46\pic18-lt\cxx-framework\src\traditional\proc\p18f4620.asm
                    TMR0L   0x000fd6       data     extern E:\c18v3.46\pic18-lt\cxx-framework\src\traditional\proc\p18f4620.asm
                    TMR0H   0x000fd7       data     extern E:\c18v3.46\pic18-lt\cxx-framework\src\traditional\proc\p18f4620.asm
                   STATUS   0x000fd8       data     extern E:\c18v3.46\pic18-lt\cxx-framework\src\traditional\proc\p18f4620.asm
               STATUSbits   0x000fd8       data     extern E:\c18v3.46\pic18-lt\cxx-framework\src\traditional\proc\p18f4620.asm
                    FSR2L   0x000fd9       data     extern E:\c18v3.46\pic18-lt\cxx-framework\src\traditional\proc\p18f4620.asm
                     FSR2   0x000fd9       data     extern E:\c18v3.46\pic18-lt\cxx-framework\src\traditional\proc\p18f4620.asm
                    FSR2H   0x000fda       data     extern E:\c18v3.46\pic18-lt\cxx-framework\src\traditional\proc\p18f4620.asm
                   PLUSW2   0x000fdb       data     extern E:\c18v3.46\pic18-lt\cxx-framework\src\traditional\proc\p18f4620.asm
                  PREINC2   0x000fdc       data     extern E:\c18v3.46\pic18-lt\cxx-framework\src\traditional\proc\p18f4620.asm
                 POSTDEC2   0x000fdd       data     extern E:\c18v3.46\pic18-lt\cxx-framework\src\traditional\proc\p18f4620.asm
                 POSTINC2   0x000fde       data     extern E:\c18v3.46\pic18-lt\cxx-framework\src\traditional\proc\p18f4620.asm
                    INDF2   0x000fdf       data     extern E:\c18v3.46\pic18-lt\cxx-framework\src\traditional\proc\p18f4620.asm
                      BSR   0x000fe0       data     extern E:\c18v3.46\pic18-lt\cxx-framework\src\traditional\proc\p18f4620.asm
                    FSR1L   0x000fe1       data     extern E:\c18v3.46\pic18-lt\cxx-framework\src\traditional\proc\p18f4620.asm
                     FSR1   0x000fe1       data     extern E:\c18v3.46\pic18-lt\cxx-framework\src\traditional\proc\p18f4620.asm
                    FSR1H   0x000fe2       data     extern E:\c18v3.46\pic18-lt\cxx-framework\src\traditional\proc\p18f4620.asm
                   PLUSW1   0x000fe3       data     extern E:\c18v3.46\pic18-lt\cxx-framework\src\traditional\proc\p18f4620.asm
                  PREINC1   0x000fe4       data     extern E:\c18v3.46\pic18-lt\cxx-framework\src\traditional\proc\p18f4620.asm
                 POSTDEC1   0x000fe5       data     extern E:\c18v3.46\pic18-lt\cxx-framework\src\traditional\proc\p18f4620.asm
                 POSTINC1   0x000fe6       data     extern E:\c18v3.46\pic18-lt\cxx-framework\src\traditional\proc\p18f4620.asm
                    INDF1   0x000fe7       data     extern E:\c18v3.46\pic18-lt\cxx-framework\src\traditional\proc\p18f4620.asm
                     WREG   0x000fe8       data     extern E:\c18v3.46\pic18-lt\cxx-framework\src\traditional\proc\p18f4620.asm
                        W   0x000fe8       data     extern E:\c18v3.46\pic18-lt\cxx-framework\src\traditional\proc\p18f4620.asm
                     FSR0   0x000fe9       data     extern E:\c18v3.46\pic18-lt\cxx-framework\src\traditional\proc\p18f4620.asm
                    FSR0L   0x000fe9       data     extern E:\c18v3.46\pic18-lt\cxx-framework\src\traditional\proc\p18f4620.asm
                    FSR0H   0x000fea       data     extern E:\c18v3.46\pic18-lt\cxx-framework\src\traditional\proc\p18f4620.asm
                   PLUSW0   0x000feb       data     extern E:\c18v3.46\pic18-lt\cxx-framework\src\traditional\proc\p18f4620.asm
                  PREINC0   0x000fec       data     extern E:\c18v3.46\pic18-lt\cxx-framework\src\traditional\proc\p18f4620.asm
                 POSTDEC0   0x000fed       data     extern E:\c18v3.46\pic18-lt\cxx-framework\src\traditional\proc\p18f4620.asm
                 POSTINC0   0x000fee       data     extern E:\c18v3.46\pic18-lt\cxx-framework\src\traditional\proc\p18f4620.asm
                    INDF0   0x000fef       data     extern E:\c18v3.46\pic18-lt\cxx-framework\src\traditional\proc\p18f4620.asm
              INTCON3bits   0x000ff0       data     extern E:\c18v3.46\pic18-lt\cxx-framework\src\traditional\proc\p18f4620.asm
                  INTCON3   0x000ff0       data     extern E:\c18v3.46\pic18-lt\cxx-framework\src\traditional\proc\p18f4620.asm
              INTCON2bits   0x000ff1       data     extern E:\c18v3.46\pic18-lt\cxx-framework\src\traditional\proc\p18f4620.asm
                  INTCON2   0x000ff1       data     extern E:\c18v3.46\pic18-lt\cxx-framework\src\traditional\proc\p18f4620.asm
               INTCONbits   0x000ff2       data     extern E:\c18v3.46\pic18-lt\cxx-framework\src\traditional\proc\p18f4620.asm
                   INTCON   0x000ff2       data     extern E:\c18v3.46\pic18-lt\cxx-framework\src\traditional\proc\p18f4620.asm
                    PRODL   0x000ff3       data     extern E:\c18v3.46\pic18-lt\cxx-framework\src\traditional\proc\p18f4620.asm
                     PROD   0x000ff3       data     extern E:\c18v3.46\pic18-lt\cxx-framework\src\traditional\proc\p18f4620.asm
                    PRODH   0x000ff4       data     extern E:\c18v3.46\pic18-lt\cxx-framework\src\traditional\proc\p18f4620.asm
                   TABLAT   0x000ff5       data     extern E:\c18v3.46\pic18-lt\cxx-framework\src\traditional\proc\p18f4620.asm
                  TBLPTRL   0x000ff6       data     extern E:\c18v3.46\pic18-lt\cxx-framework\src\traditional\proc\p18f4620.asm
                   TBLPTR   0x000ff6       data     extern E:\c18v3.46\pic18-lt\cxx-framework\src\traditional\proc\p18f4620.asm
                  TBLPTRH   0x000ff7       data     extern E:\c18v3.46\pic18-lt\cxx-framework\src\traditional\proc\p18f4620.asm
                  TBLPTRU   0x000ff8       data     extern E:\c18v3.46\pic18-lt\cxx-framework\src\traditional\proc\p18f4620.asm
                       PC   0x000ff9       data     extern E:\c18v3.46\pic18-lt\cxx-framework\src\traditional\proc\p18f4620.asm
                      PCL   0x000ff9       data     extern E:\c18v3.46\pic18-lt\cxx-framework\src\traditional\proc\p18f4620.asm
                   PCLATH   0x000ffa       data     extern E:\c18v3.46\pic18-lt\cxx-framework\src\traditional\proc\p18f4620.asm
                   PCLATU   0x000ffb       data     extern E:\c18v3.46\pic18-lt\cxx-framework\src\traditional\proc\p18f4620.asm
                   STKPTR   0x000ffc       data     extern E:\c18v3.46\pic18-lt\cxx-framework\src\traditional\proc\p18f4620.asm
               STKPTRbits   0x000ffc       data     extern E:\c18v3.46\pic18-lt\cxx-framework\src\traditional\proc\p18f4620.asm
                      TOS   0x000ffd       data     extern E:\c18v3.46\pic18-lt\cxx-framework\src\traditional\proc\p18f4620.asm
                     TOSL   0x000ffd       data     extern E:\c18v3.46\pic18-lt\cxx-framework\src\traditional\proc\p18f4620.asm
                     TOSH   0x000ffe       data     extern E:\c18v3.46\pic18-lt\cxx-framework\src\traditional\proc\p18f4620.asm
                     TOSU   0x000fff       data     extern E:\c18v3.46\pic18-lt\cxx-framework\src\traditional\proc\p18f4620.asm


